2026-03-14 09:18:00 | INFO | === Run 1/1 | seed=0 ===
2026-03-14 09:18:00 | INFO | Output dir: ./save/pretrain/subject_specific/subject_specific/cnn_subject_3label/cnn_subject_3label_SWELLDataset_Mar_14_2026_09-17-55
2026-03-14 09:18:17 | INFO | Model.forward signature: (batch)
2026-03-14 09:19:03 | INFO | [Epoch 000] total_loss=8.405247, lr=0.001000
2026-03-14 09:19:43 | INFO | [Epoch 001] total_loss=7.180264, lr=0.001000
2026-03-14 09:20:21 | INFO | [Epoch 002] total_loss=6.781767, lr=0.001000
2026-03-14 09:20:59 | INFO | [Epoch 003] total_loss=6.640403, lr=0.001000
2026-03-14 09:21:37 | INFO | [Epoch 004] total_loss=6.516751, lr=0.001000
2026-03-14 09:22:15 | INFO | [Epoch 005] total_loss=6.463802, lr=0.001000
2026-03-14 09:22:53 | INFO | [Epoch 006] total_loss=6.693416, lr=0.001000
2026-03-14 09:23:32 | INFO | [Epoch 007] total_loss=6.358121, lr=0.001000
2026-03-14 09:24:10 | INFO | [Epoch 008] total_loss=6.394891, lr=0.001000
2026-03-14 09:24:48 | INFO | [Epoch 009] total_loss=6.303507, lr=0.001000
2026-03-14 09:25:26 | INFO | [Epoch 010] total_loss=6.326159, lr=0.001000
2026-03-14 09:26:05 | INFO | [Epoch 011] total_loss=6.242057, lr=0.001000
2026-03-14 09:26:43 | INFO | [Epoch 012] total_loss=6.232625, lr=0.001000
2026-03-14 09:27:22 | INFO | [Epoch 013] total_loss=6.218624, lr=0.001000
2026-03-14 09:28:03 | INFO | [Epoch 014] total_loss=6.227105, lr=0.001000
2026-03-14 09:28:45 | INFO | [Epoch 015] total_loss=6.192387, lr=0.001000
2026-03-14 09:29:27 | INFO | [Epoch 016] total_loss=6.182211, lr=0.001000
2026-03-14 09:30:08 | INFO | [Epoch 017] total_loss=6.175933, lr=0.001000
2026-03-14 09:30:50 | INFO | [Epoch 018] total_loss=6.063956, lr=0.001000
2026-03-14 09:31:35 | INFO | [Epoch 019] total_loss=5.936630, lr=0.001000
2026-03-14 09:32:19 | INFO | [Epoch 020] total_loss=5.884072, lr=0.001000
2026-03-14 09:33:13 | INFO | [Epoch 021] total_loss=5.827806, lr=0.001000
2026-03-14 09:34:05 | INFO | [Epoch 022] total_loss=5.778606, lr=0.001000
2026-03-14 09:34:57 | INFO | [Epoch 023] total_loss=5.711424, lr=0.001000
2026-03-14 09:35:42 | INFO | [Epoch 024] total_loss=5.608337, lr=0.001000
2026-03-14 09:36:28 | INFO | [Epoch 025] total_loss=5.577271, lr=0.001000
2026-03-14 09:37:21 | INFO | [Epoch 026] total_loss=5.523520, lr=0.001000
2026-03-14 09:38:10 | INFO | [Epoch 027] total_loss=5.374216, lr=0.001000
2026-03-14 09:38:58 | INFO | [Epoch 028] total_loss=5.292865, lr=0.001000
2026-03-14 09:39:51 | INFO | [Epoch 029] total_loss=5.233847, lr=0.001000
2026-03-14 09:40:47 | INFO | [Epoch 030] total_loss=5.101402, lr=0.001000
2026-03-14 09:41:40 | INFO | [Epoch 031] total_loss=5.062734, lr=0.001000
2026-03-14 09:42:24 | INFO | [Epoch 032] total_loss=5.009583, lr=0.001000
2026-03-14 09:43:09 | INFO | [Epoch 033] total_loss=4.968571, lr=0.001000
2026-03-14 09:43:59 | INFO | [Epoch 034] total_loss=4.907318, lr=0.001000
2026-03-14 09:44:50 | INFO | [Epoch 035] total_loss=4.855303, lr=0.001000
2026-03-14 09:45:42 | INFO | [Epoch 036] total_loss=4.832555, lr=0.001000
2026-03-14 09:46:35 | INFO | [Epoch 037] total_loss=4.821431, lr=0.001000
2026-03-14 09:47:27 | INFO | [Epoch 038] total_loss=4.755113, lr=0.001000
2026-03-14 09:48:19 | INFO | [Epoch 039] total_loss=4.771105, lr=0.001000
2026-03-14 09:49:12 | INFO | [Epoch 040] total_loss=4.734906, lr=0.001000
2026-03-14 09:50:05 | INFO | [Epoch 041] total_loss=4.714095, lr=0.001000
2026-03-14 09:50:58 | INFO | [Epoch 042] total_loss=4.712937, lr=0.001000
2026-03-14 09:51:50 | INFO | [Epoch 043] total_loss=4.725027, lr=0.001000
2026-03-14 09:52:44 | INFO | [Epoch 044] total_loss=4.689229, lr=0.001000
2026-03-14 09:53:36 | INFO | [Epoch 045] total_loss=4.723477, lr=0.001000
2026-03-14 09:54:31 | INFO | [Epoch 046] total_loss=4.656643, lr=0.001000
2026-03-14 09:55:25 | INFO | [Epoch 047] total_loss=4.647891, lr=0.001000
2026-03-14 09:56:18 | INFO | [Epoch 048] total_loss=4.670123, lr=0.001000
2026-03-14 09:57:09 | INFO | [Epoch 049] total_loss=4.619379, lr=0.001000
2026-03-14 09:57:55 | INFO | [Epoch 050] total_loss=4.627186, lr=0.001000
2026-03-14 09:58:40 | INFO | [Epoch 051] total_loss=4.643145, lr=0.001000
2026-03-14 09:59:31 | INFO | [Epoch 052] total_loss=4.630472, lr=0.001000
2026-03-14 10:00:22 | INFO | [Epoch 053] total_loss=4.635382, lr=0.001000
2026-03-14 10:01:08 | INFO | [Epoch 054] total_loss=4.599779, lr=0.001000
2026-03-14 10:01:52 | INFO | [Epoch 055] total_loss=4.592966, lr=0.000999
2026-03-14 10:02:37 | INFO | [Epoch 056] total_loss=4.588588, lr=0.000999
2026-03-14 10:03:21 | INFO | [Epoch 057] total_loss=4.586501, lr=0.000999
2026-03-14 10:04:05 | INFO | [Epoch 058] total_loss=4.578261, lr=0.000999
2026-03-14 10:04:50 | INFO | [Epoch 059] total_loss=4.583233, lr=0.000998
2026-03-14 10:05:34 | INFO | [Epoch 060] total_loss=4.595789, lr=0.000998
2026-03-14 10:06:19 | INFO | [Epoch 061] total_loss=4.576347, lr=0.000997
2026-03-14 10:07:04 | INFO | [Epoch 062] total_loss=4.584578, lr=0.000997
2026-03-14 10:07:48 | INFO | [Epoch 063] total_loss=4.564534, lr=0.000996
2026-03-14 10:08:32 | INFO | [Epoch 064] total_loss=4.570493, lr=0.000996
2026-03-14 10:09:17 | INFO | [Epoch 065] total_loss=4.552268, lr=0.000995
2026-03-14 10:10:01 | INFO | [Epoch 066] total_loss=4.538662, lr=0.000995
2026-03-14 10:10:46 | INFO | [Epoch 067] total_loss=4.547667, lr=0.000994
2026-03-14 10:11:30 | INFO | [Epoch 068] total_loss=4.531947, lr=0.000993
2026-03-14 10:12:15 | INFO | [Epoch 069] total_loss=4.530680, lr=0.000993
2026-03-14 10:13:00 | INFO | [Epoch 070] total_loss=4.523508, lr=0.000992
2026-03-14 10:13:44 | INFO | [Epoch 071] total_loss=4.551264, lr=0.000991
2026-03-14 10:14:26 | INFO | [Epoch 072] total_loss=4.517981, lr=0.000990
2026-03-14 10:15:08 | INFO | [Epoch 073] total_loss=4.510134, lr=0.000990
2026-03-14 10:15:50 | INFO | [Epoch 074] total_loss=4.512365, lr=0.000989
2026-03-14 10:16:31 | INFO | [Epoch 075] total_loss=4.505200, lr=0.000988
2026-03-14 10:17:12 | INFO | [Epoch 076] total_loss=4.598103, lr=0.000987
2026-03-14 10:17:55 | INFO | [Epoch 077] total_loss=4.588353, lr=0.000986
2026-03-14 10:18:36 | INFO | [Epoch 078] total_loss=4.505347, lr=0.000985
2026-03-14 10:19:18 | INFO | [Epoch 079] total_loss=4.498456, lr=0.000984
2026-03-14 10:19:59 | INFO | [Epoch 080] total_loss=4.484854, lr=0.000983
2026-03-14 10:20:41 | INFO | [Epoch 081] total_loss=4.483865, lr=0.000982
2026-03-14 10:21:20 | INFO | [Epoch 082] total_loss=4.508967, lr=0.000980
2026-03-14 10:22:02 | INFO | [Epoch 083] total_loss=4.497106, lr=0.000979
2026-03-14 10:22:45 | INFO | [Epoch 084] total_loss=4.487318, lr=0.000978
2026-03-14 10:23:26 | INFO | [Epoch 085] total_loss=4.483265, lr=0.000977
2026-03-14 10:24:08 | INFO | [Epoch 086] total_loss=4.538862, lr=0.000975
2026-03-14 10:24:50 | INFO | [Epoch 087] total_loss=4.480734, lr=0.000974
2026-03-14 10:25:33 | INFO | [Epoch 088] total_loss=4.476993, lr=0.000973
2026-03-14 10:26:14 | INFO | [Epoch 089] total_loss=4.466588, lr=0.000971
2026-03-14 10:26:57 | INFO | [Epoch 090] total_loss=4.489464, lr=0.000970
2026-03-14 10:27:39 | INFO | [Epoch 091] total_loss=4.477509, lr=0.000968
2026-03-14 10:28:22 | INFO | [Epoch 092] total_loss=4.461679, lr=0.000967
2026-03-14 10:29:03 | INFO | [Epoch 093] total_loss=4.515307, lr=0.000965
2026-03-14 10:29:46 | INFO | [Epoch 094] total_loss=4.500622, lr=0.000964
2026-03-14 10:30:29 | INFO | [Epoch 095] total_loss=4.502864, lr=0.000962
2026-03-14 10:31:11 | INFO | [Epoch 096] total_loss=4.491291, lr=0.000961
2026-03-14 10:31:53 | INFO | [Epoch 097] total_loss=4.542001, lr=0.000959
2026-03-14 10:32:36 | INFO | [Epoch 098] total_loss=4.467762, lr=0.000957
2026-03-14 10:33:19 | INFO | [Epoch 099] total_loss=4.469221, lr=0.000955
2026-03-14 10:34:02 | INFO | [Epoch 100] total_loss=4.447806, lr=0.000954
2026-03-14 10:34:44 | INFO | [Epoch 101] total_loss=4.486419, lr=0.000952
2026-03-14 10:35:27 | INFO | [Epoch 102] total_loss=4.476136, lr=0.000950
2026-03-14 10:36:09 | INFO | [Epoch 103] total_loss=4.455150, lr=0.000948
2026-03-14 10:36:51 | INFO | [Epoch 104] total_loss=4.452085, lr=0.000946
2026-03-14 10:37:33 | INFO | [Epoch 105] total_loss=4.473358, lr=0.000944
2026-03-14 10:38:13 | INFO | [Epoch 106] total_loss=4.474686, lr=0.000942
2026-03-14 10:38:51 | INFO | [Epoch 107] total_loss=4.448618, lr=0.000940
2026-03-14 10:39:30 | INFO | [Epoch 108] total_loss=4.473917, lr=0.000938
2026-03-14 10:40:09 | INFO | [Epoch 109] total_loss=4.466797, lr=0.000936
2026-03-14 10:40:48 | INFO | [Epoch 110] total_loss=4.533036, lr=0.000934
2026-03-14 10:41:26 | INFO | [Epoch 111] total_loss=4.509840, lr=0.000932
2026-03-14 10:42:05 | INFO | [Epoch 112] total_loss=4.460400, lr=0.000930
2026-03-14 10:42:43 | INFO | [Epoch 113] total_loss=4.452561, lr=0.000928
2026-03-14 10:43:22 | INFO | [Epoch 114] total_loss=4.435233, lr=0.000926
2026-03-14 10:44:00 | INFO | [Epoch 115] total_loss=4.483219, lr=0.000923
2026-03-14 10:44:39 | INFO | [Epoch 116] total_loss=4.464627, lr=0.000921
2026-03-14 10:45:18 | INFO | [Epoch 117] total_loss=4.439044, lr=0.000919
2026-03-14 10:45:57 | INFO | [Epoch 118] total_loss=4.437216, lr=0.000916
2026-03-14 10:46:37 | INFO | [Epoch 119] total_loss=4.454020, lr=0.000914
2026-03-14 10:47:24 | INFO | [Epoch 120] total_loss=4.455439, lr=0.000912
2026-03-14 10:48:11 | INFO | [Epoch 121] total_loss=4.440616, lr=0.000909
2026-03-14 10:48:57 | INFO | [Epoch 122] total_loss=4.485573, lr=0.000907
2026-03-14 10:49:43 | INFO | [Epoch 123] total_loss=4.441176, lr=0.000904
2026-03-14 10:50:30 | INFO | [Epoch 124] total_loss=4.514920, lr=0.000902
2026-03-14 10:51:17 | INFO | [Epoch 125] total_loss=4.433785, lr=0.000899
2026-03-14 10:52:03 | INFO | [Epoch 126] total_loss=4.451490, lr=0.000897
2026-03-14 10:52:49 | INFO | [Epoch 127] total_loss=4.447069, lr=0.000894
2026-03-14 10:53:37 | INFO | [Epoch 128] total_loss=4.420796, lr=0.000892
2026-03-14 10:54:23 | INFO | [Epoch 129] total_loss=4.463943, lr=0.000889
2026-03-14 10:55:10 | INFO | [Epoch 130] total_loss=4.437282, lr=0.000886
2026-03-14 10:55:57 | INFO | [Epoch 131] total_loss=4.423897, lr=0.000884
2026-03-14 10:56:45 | INFO | [Epoch 132] total_loss=4.433831, lr=0.000881
2026-03-14 10:57:32 | INFO | [Epoch 133] total_loss=4.440991, lr=0.000878
2026-03-14 10:58:19 | INFO | [Epoch 134] total_loss=4.502764, lr=0.000875
2026-03-14 10:59:07 | INFO | [Epoch 135] total_loss=4.458138, lr=0.000872
2026-03-14 10:59:55 | INFO | [Epoch 136] total_loss=4.425689, lr=0.000870
2026-03-14 11:00:42 | INFO | [Epoch 137] total_loss=4.437236, lr=0.000867
2026-03-14 11:01:29 | INFO | [Epoch 138] total_loss=4.429523, lr=0.000864
2026-03-14 11:02:16 | INFO | [Epoch 139] total_loss=4.433457, lr=0.000861
2026-03-14 11:03:02 | INFO | [Epoch 140] total_loss=4.517959, lr=0.000858
2026-03-14 11:03:47 | INFO | [Epoch 141] total_loss=4.466978, lr=0.000855
2026-03-14 11:04:33 | INFO | [Epoch 142] total_loss=4.491784, lr=0.000852
2026-03-14 11:05:20 | INFO | [Epoch 143] total_loss=4.431666, lr=0.000849
2026-03-14 11:06:07 | INFO | [Epoch 144] total_loss=4.452236, lr=0.000846
2026-03-14 11:06:52 | INFO | [Epoch 145] total_loss=4.420071, lr=0.000843
2026-03-14 11:07:39 | INFO | [Epoch 146] total_loss=4.441038, lr=0.000840
2026-03-14 11:08:26 | INFO | [Epoch 147] total_loss=4.457186, lr=0.000837
2026-03-14 11:09:12 | INFO | [Epoch 148] total_loss=4.410971, lr=0.000834
2026-03-14 11:09:58 | INFO | [Epoch 149] total_loss=4.421617, lr=0.000831
2026-03-14 11:10:45 | INFO | [Epoch 150] total_loss=4.400746, lr=0.000827
2026-03-14 11:11:31 | INFO | [Epoch 151] total_loss=4.414955, lr=0.000824
2026-03-14 11:12:17 | INFO | [Epoch 152] total_loss=4.445575, lr=0.000821
2026-03-14 11:13:04 | INFO | [Epoch 153] total_loss=4.466609, lr=0.000818
2026-03-14 11:13:50 | INFO | [Epoch 154] total_loss=4.435895, lr=0.000815
2026-03-14 11:14:36 | INFO | [Epoch 155] total_loss=4.414842, lr=0.000811
2026-03-14 11:15:22 | INFO | [Epoch 156] total_loss=4.437230, lr=0.000808
2026-03-14 11:16:10 | INFO | [Epoch 157] total_loss=4.416285, lr=0.000805
2026-03-14 11:16:55 | INFO | [Epoch 158] total_loss=4.413028, lr=0.000801
2026-03-14 11:17:42 | INFO | [Epoch 159] total_loss=4.436638, lr=0.000798
2026-03-14 11:18:28 | INFO | [Epoch 160] total_loss=4.408303, lr=0.000795
2026-03-14 11:19:15 | INFO | [Epoch 161] total_loss=4.396660, lr=0.000791
2026-03-14 11:20:01 | INFO | [Epoch 162] total_loss=4.416361, lr=0.000788
2026-03-14 11:20:48 | INFO | [Epoch 163] total_loss=4.411670, lr=0.000784
2026-03-14 11:21:35 | INFO | [Epoch 164] total_loss=4.404274, lr=0.000781
2026-03-14 11:22:22 | INFO | [Epoch 165] total_loss=4.402625, lr=0.000777
2026-03-14 11:23:09 | INFO | [Epoch 166] total_loss=4.406688, lr=0.000774
2026-03-14 11:23:55 | INFO | [Epoch 167] total_loss=4.433656, lr=0.000770
2026-03-14 11:24:43 | INFO | [Epoch 168] total_loss=4.393587, lr=0.000767
2026-03-14 11:25:30 | INFO | [Epoch 169] total_loss=4.395830, lr=0.000763
2026-03-14 11:26:17 | INFO | [Epoch 170] total_loss=4.427365, lr=0.000760
2026-03-14 11:27:04 | INFO | [Epoch 171] total_loss=4.397251, lr=0.000756
2026-03-14 11:27:52 | INFO | [Epoch 172] total_loss=4.408036, lr=0.000752
2026-03-14 11:28:39 | INFO | [Epoch 173] total_loss=4.390685, lr=0.000749
2026-03-14 11:29:27 | INFO | [Epoch 174] total_loss=4.423148, lr=0.000745
2026-03-14 11:30:14 | INFO | [Epoch 175] total_loss=4.385013, lr=0.000742
2026-03-14 11:31:02 | INFO | [Epoch 176] total_loss=4.381001, lr=0.000738
2026-03-14 11:31:48 | INFO | [Epoch 177] total_loss=4.388498, lr=0.000734
2026-03-14 11:32:34 | INFO | [Epoch 178] total_loss=4.378636, lr=0.000731
2026-03-14 11:33:20 | INFO | [Epoch 179] total_loss=4.377297, lr=0.000727
2026-03-14 11:34:06 | INFO | [Epoch 180] total_loss=4.424857, lr=0.000723
2026-03-14 11:34:52 | INFO | [Epoch 181] total_loss=4.402158, lr=0.000719
2026-03-14 11:35:39 | INFO | [Epoch 182] total_loss=4.386547, lr=0.000716
2026-03-14 11:36:26 | INFO | [Epoch 183] total_loss=4.380454, lr=0.000712
2026-03-14 11:37:12 | INFO | [Epoch 184] total_loss=4.397334, lr=0.000708
2026-03-14 11:37:59 | INFO | [Epoch 185] total_loss=4.366399, lr=0.000704
2026-03-14 11:38:45 | INFO | [Epoch 186] total_loss=4.418789, lr=0.000701
2026-03-14 11:39:32 | INFO | [Epoch 187] total_loss=4.442931, lr=0.000697
2026-03-14 11:40:18 | INFO | [Epoch 188] total_loss=4.389935, lr=0.000693
2026-03-14 11:41:05 | INFO | [Epoch 189] total_loss=4.383727, lr=0.000689
2026-03-14 11:41:52 | INFO | [Epoch 190] total_loss=4.398144, lr=0.000685
2026-03-14 11:42:38 | INFO | [Epoch 191] total_loss=4.368807, lr=0.000681
2026-03-14 11:43:24 | INFO | [Epoch 192] total_loss=4.356532, lr=0.000677
2026-03-14 11:44:10 | INFO | [Epoch 193] total_loss=4.408991, lr=0.000674
2026-03-14 11:44:57 | INFO | [Epoch 194] total_loss=4.386585, lr=0.000670
2026-03-14 11:45:43 | INFO | [Epoch 195] total_loss=4.379045, lr=0.000666
2026-03-14 11:46:29 | INFO | [Epoch 196] total_loss=4.423371, lr=0.000662
2026-03-14 11:47:16 | INFO | [Epoch 197] total_loss=4.362917, lr=0.000658
2026-03-14 11:48:02 | INFO | [Epoch 198] total_loss=4.392272, lr=0.000654
2026-03-14 11:48:49 | INFO | [Epoch 199] total_loss=4.417794, lr=0.000650
2026-03-14 11:49:35 | INFO | [Epoch 200] total_loss=4.360981, lr=0.000646
2026-03-14 11:50:22 | INFO | [Epoch 201] total_loss=4.360182, lr=0.000642
2026-03-14 11:51:09 | INFO | [Epoch 202] total_loss=4.353892, lr=0.000638
2026-03-14 11:51:55 | INFO | [Epoch 203] total_loss=4.378590, lr=0.000634
2026-03-14 11:52:42 | INFO | [Epoch 204] total_loss=4.348651, lr=0.000630
2026-03-14 11:53:30 | INFO | [Epoch 205] total_loss=4.355761, lr=0.000626
2026-03-14 11:54:16 | INFO | [Epoch 206] total_loss=4.355059, lr=0.000622
2026-03-14 11:55:04 | INFO | [Epoch 207] total_loss=4.346315, lr=0.000618
2026-03-14 11:55:52 | INFO | [Epoch 208] total_loss=4.349564, lr=0.000614
2026-03-14 11:56:39 | INFO | [Epoch 209] total_loss=4.451755, lr=0.000610
2026-03-14 11:57:26 | INFO | [Epoch 210] total_loss=4.366530, lr=0.000606
2026-03-14 11:58:14 | INFO | [Epoch 211] total_loss=4.348666, lr=0.000602
2026-03-14 11:59:02 | INFO | [Epoch 212] total_loss=4.341429, lr=0.000598
2026-03-14 11:59:49 | INFO | [Epoch 213] total_loss=4.336693, lr=0.000594
2026-03-14 12:00:36 | INFO | [Epoch 214] total_loss=4.441695, lr=0.000590
2026-03-14 12:01:23 | INFO | [Epoch 215] total_loss=4.345722, lr=0.000586
2026-03-14 12:02:10 | INFO | [Epoch 216] total_loss=4.346682, lr=0.000582
2026-03-14 12:02:56 | INFO | [Epoch 217] total_loss=4.346412, lr=0.000578
2026-03-14 12:03:42 | INFO | [Epoch 218] total_loss=4.338831, lr=0.000574
2026-03-14 12:04:28 | INFO | [Epoch 219] total_loss=4.332901, lr=0.000570
2026-03-14 12:05:14 | INFO | [Epoch 220] total_loss=4.370201, lr=0.000566
2026-03-14 12:06:01 | INFO | [Epoch 221] total_loss=4.353420, lr=0.000562
2026-03-14 12:06:47 | INFO | [Epoch 222] total_loss=4.328863, lr=0.000558
2026-03-14 12:07:34 | INFO | [Epoch 223] total_loss=4.344131, lr=0.000554
2026-03-14 12:08:20 | INFO | [Epoch 224] total_loss=4.365596, lr=0.000550
2026-03-14 12:09:07 | INFO | [Epoch 225] total_loss=4.346431, lr=0.000546
2026-03-14 12:09:54 | INFO | [Epoch 226] total_loss=4.331864, lr=0.000542
2026-03-14 12:10:41 | INFO | [Epoch 227] total_loss=4.328215, lr=0.000538
2026-03-14 12:11:27 | INFO | [Epoch 228] total_loss=4.329175, lr=0.000534
2026-03-14 12:12:13 | INFO | [Epoch 229] total_loss=4.335818, lr=0.000530
2026-03-14 12:13:00 | INFO | [Epoch 230] total_loss=4.342912, lr=0.000526
2026-03-14 12:13:47 | INFO | [Epoch 231] total_loss=4.321678, lr=0.000522
2026-03-14 12:14:34 | INFO | [Epoch 232] total_loss=4.328507, lr=0.000518
2026-03-14 12:15:20 | INFO | [Epoch 233] total_loss=4.320973, lr=0.000514
2026-03-14 12:16:07 | INFO | [Epoch 234] total_loss=4.322105, lr=0.000510
2026-03-14 12:16:53 | INFO | [Epoch 235] total_loss=4.344891, lr=0.000506
2026-03-14 12:17:40 | INFO | [Epoch 236] total_loss=4.309148, lr=0.000502
2026-03-14 12:18:27 | INFO | [Epoch 237] total_loss=4.338512, lr=0.000498
2026-03-14 12:19:13 | INFO | [Epoch 238] total_loss=4.352607, lr=0.000494
2026-03-14 12:19:59 | INFO | [Epoch 239] total_loss=4.379270, lr=0.000490
2026-03-14 12:20:46 | INFO | [Epoch 240] total_loss=4.343334, lr=0.000486
2026-03-14 12:21:33 | INFO | [Epoch 241] total_loss=4.322157, lr=0.000482
2026-03-14 12:22:19 | INFO | [Epoch 242] total_loss=4.317045, lr=0.000478
2026-03-14 12:23:05 | INFO | [Epoch 243] total_loss=4.317009, lr=0.000474
2026-03-14 12:23:52 | INFO | [Epoch 244] total_loss=4.310447, lr=0.000470
2026-03-14 12:24:40 | INFO | [Epoch 245] total_loss=4.322541, lr=0.000466
2026-03-14 12:25:27 | INFO | [Epoch 246] total_loss=4.379471, lr=0.000462
2026-03-14 12:26:15 | INFO | [Epoch 247] total_loss=4.316013, lr=0.000458
2026-03-14 12:27:03 | INFO | [Epoch 248] total_loss=4.302812, lr=0.000454
2026-03-14 12:27:49 | INFO | [Epoch 249] total_loss=4.314157, lr=0.000450
2026-03-14 12:28:37 | INFO | [Epoch 250] total_loss=4.293516, lr=0.000446
2026-03-14 12:29:24 | INFO | [Epoch 251] total_loss=4.349006, lr=0.000442
2026-03-14 12:30:12 | INFO | [Epoch 252] total_loss=4.311816, lr=0.000438
2026-03-14 12:31:00 | INFO | [Epoch 253] total_loss=4.305212, lr=0.000434
2026-03-14 12:31:47 | INFO | [Epoch 254] total_loss=4.303054, lr=0.000430
2026-03-14 12:32:32 | INFO | [Epoch 255] total_loss=4.305260, lr=0.000426
2026-03-14 12:33:19 | INFO | [Epoch 256] total_loss=4.308115, lr=0.000423
2026-03-14 12:34:05 | INFO | [Epoch 257] total_loss=4.307878, lr=0.000419
2026-03-14 12:34:51 | INFO | [Epoch 258] total_loss=4.304442, lr=0.000415
2026-03-14 12:35:38 | INFO | [Epoch 259] total_loss=4.295144, lr=0.000411
2026-03-14 12:36:24 | INFO | [Epoch 260] total_loss=4.304528, lr=0.000407
2026-03-14 12:37:10 | INFO | [Epoch 261] total_loss=4.298688, lr=0.000403
2026-03-14 12:37:56 | INFO | [Epoch 262] total_loss=4.302249, lr=0.000399
2026-03-14 12:38:43 | INFO | [Epoch 263] total_loss=4.294190, lr=0.000396
2026-03-14 12:39:29 | INFO | [Epoch 264] total_loss=4.293842, lr=0.000392
2026-03-14 12:40:15 | INFO | [Epoch 265] total_loss=4.304847, lr=0.000388
2026-03-14 12:41:01 | INFO | [Epoch 266] total_loss=4.270859, lr=0.000384
2026-03-14 12:41:48 | INFO | [Epoch 267] total_loss=4.286414, lr=0.000381
2026-03-14 12:42:34 | INFO | [Epoch 268] total_loss=4.285491, lr=0.000377
2026-03-14 12:43:21 | INFO | [Epoch 269] total_loss=4.279894, lr=0.000373
2026-03-14 12:44:07 | INFO | [Epoch 270] total_loss=4.278648, lr=0.000369
2026-03-14 12:44:53 | INFO | [Epoch 271] total_loss=4.310962, lr=0.000366
2026-03-14 12:45:40 | INFO | [Epoch 272] total_loss=4.283835, lr=0.000362
2026-03-14 12:46:26 | INFO | [Epoch 273] total_loss=4.287897, lr=0.000358
2026-03-14 12:47:13 | INFO | [Epoch 274] total_loss=4.284876, lr=0.000355
2026-03-14 12:47:59 | INFO | [Epoch 275] total_loss=4.271121, lr=0.000351
2026-03-14 12:48:46 | INFO | [Epoch 276] total_loss=4.274779, lr=0.000348
2026-03-14 12:49:32 | INFO | [Epoch 277] total_loss=4.276030, lr=0.000344
2026-03-14 12:50:20 | INFO | [Epoch 278] total_loss=4.265311, lr=0.000340
2026-03-14 12:51:06 | INFO | [Epoch 279] total_loss=4.260499, lr=0.000337
2026-03-14 12:51:53 | INFO | [Epoch 280] total_loss=4.271166, lr=0.000333
2026-03-14 12:52:40 | INFO | [Epoch 281] total_loss=4.253690, lr=0.000330
2026-03-14 12:53:27 | INFO | [Epoch 282] total_loss=4.271194, lr=0.000326
2026-03-14 12:54:14 | INFO | [Epoch 283] total_loss=4.262632, lr=0.000323
2026-03-14 12:55:02 | INFO | [Epoch 284] total_loss=4.265050, lr=0.000319
2026-03-14 12:55:50 | INFO | [Epoch 285] total_loss=4.259833, lr=0.000316
2026-03-14 12:56:38 | INFO | [Epoch 286] total_loss=4.256910, lr=0.000312
2026-03-14 12:57:25 | INFO | [Epoch 287] total_loss=4.277568, lr=0.000309
2026-03-14 12:58:13 | INFO | [Epoch 288] total_loss=4.248091, lr=0.000305
2026-03-14 12:59:01 | INFO | [Epoch 289] total_loss=4.243503, lr=0.000302
2026-03-14 12:59:48 | INFO | [Epoch 290] total_loss=4.247890, lr=0.000299
2026-03-14 13:00:34 | INFO | [Epoch 291] total_loss=4.255785, lr=0.000295
2026-03-14 13:01:21 | INFO | [Epoch 292] total_loss=4.247894, lr=0.000292
2026-03-14 13:02:07 | INFO | [Epoch 293] total_loss=4.242047, lr=0.000289
2026-03-14 13:02:53 | INFO | [Epoch 294] total_loss=4.240995, lr=0.000285
2026-03-14 13:03:40 | INFO | [Epoch 295] total_loss=4.245893, lr=0.000282
2026-03-14 13:04:26 | INFO | [Epoch 296] total_loss=4.238783, lr=0.000279
2026-03-14 13:05:13 | INFO | [Epoch 297] total_loss=4.245990, lr=0.000276
2026-03-14 13:05:59 | INFO | [Epoch 298] total_loss=4.276644, lr=0.000273
2026-03-14 13:06:46 | INFO | [Epoch 299] total_loss=4.258329, lr=0.000269
2026-03-14 13:07:32 | INFO | [Epoch 300] total_loss=4.234521, lr=0.000266
2026-03-14 13:08:19 | INFO | [Epoch 301] total_loss=4.235753, lr=0.000263
2026-03-14 13:09:06 | INFO | [Epoch 302] total_loss=4.232985, lr=0.000260
2026-03-14 13:09:53 | INFO | [Epoch 303] total_loss=4.231026, lr=0.000257
2026-03-14 13:10:39 | INFO | [Epoch 304] total_loss=4.227815, lr=0.000254
2026-03-14 13:11:25 | INFO | [Epoch 305] total_loss=4.229332, lr=0.000251
2026-03-14 13:12:11 | INFO | [Epoch 306] total_loss=4.222732, lr=0.000248
2026-03-14 13:12:58 | INFO | [Epoch 307] total_loss=4.231347, lr=0.000245
2026-03-14 13:13:44 | INFO | [Epoch 308] total_loss=4.237988, lr=0.000242
2026-03-14 13:14:30 | INFO | [Epoch 309] total_loss=4.220255, lr=0.000239
2026-03-14 13:15:17 | INFO | [Epoch 310] total_loss=4.241491, lr=0.000236
2026-03-14 13:16:04 | INFO | [Epoch 311] total_loss=4.229855, lr=0.000233
2026-03-14 13:16:50 | INFO | [Epoch 312] total_loss=4.224728, lr=0.000230
2026-03-14 13:17:36 | INFO | [Epoch 313] total_loss=4.215176, lr=0.000228
2026-03-14 13:18:23 | INFO | [Epoch 314] total_loss=4.219573, lr=0.000225
2026-03-14 13:19:10 | INFO | [Epoch 315] total_loss=4.213586, lr=0.000222
2026-03-14 13:19:56 | INFO | [Epoch 316] total_loss=4.210746, lr=0.000219
2026-03-14 13:20:43 | INFO | [Epoch 317] total_loss=4.194766, lr=0.000216
2026-03-14 13:21:30 | INFO | [Epoch 318] total_loss=4.197649, lr=0.000214
2026-03-14 13:22:17 | INFO | [Epoch 319] total_loss=4.193018, lr=0.000211
2026-03-14 13:23:03 | INFO | [Epoch 320] total_loss=4.202285, lr=0.000208
2026-03-14 13:23:51 | INFO | [Epoch 321] total_loss=4.191957, lr=0.000206
2026-03-14 13:24:38 | INFO | [Epoch 322] total_loss=4.178142, lr=0.000203
2026-03-14 13:25:25 | INFO | [Epoch 323] total_loss=4.182351, lr=0.000201
2026-03-14 13:26:12 | INFO | [Epoch 324] total_loss=4.167225, lr=0.000198
2026-03-14 13:27:00 | INFO | [Epoch 325] total_loss=4.197634, lr=0.000196
2026-03-14 13:27:47 | INFO | [Epoch 326] total_loss=4.186396, lr=0.000193
2026-03-14 13:28:34 | INFO | [Epoch 327] total_loss=4.174685, lr=0.000191
2026-03-14 13:29:22 | INFO | [Epoch 328] total_loss=4.171876, lr=0.000188
2026-03-14 13:30:10 | INFO | [Epoch 329] total_loss=4.182728, lr=0.000186
2026-03-14 13:30:57 | INFO | [Epoch 330] total_loss=4.192347, lr=0.000184
2026-03-14 13:31:43 | INFO | [Epoch 331] total_loss=4.180625, lr=0.000181
2026-03-14 13:32:29 | INFO | [Epoch 332] total_loss=4.185513, lr=0.000179
2026-03-14 13:33:15 | INFO | [Epoch 333] total_loss=4.159351, lr=0.000177
2026-03-14 13:34:01 | INFO | [Epoch 334] total_loss=4.173462, lr=0.000174
2026-03-14 13:34:47 | INFO | [Epoch 335] total_loss=4.172638, lr=0.000172
2026-03-14 13:35:34 | INFO | [Epoch 336] total_loss=4.163004, lr=0.000170
2026-03-14 13:36:20 | INFO | [Epoch 337] total_loss=4.162713, lr=0.000168
2026-03-14 13:37:07 | INFO | [Epoch 338] total_loss=4.167892, lr=0.000166
2026-03-14 13:37:53 | INFO | [Epoch 339] total_loss=4.165384, lr=0.000164
2026-03-14 13:38:40 | INFO | [Epoch 340] total_loss=4.148453, lr=0.000162
2026-03-14 13:39:27 | INFO | [Epoch 341] total_loss=4.158426, lr=0.000160
2026-03-14 13:40:13 | INFO | [Epoch 342] total_loss=4.164604, lr=0.000158
2026-03-14 13:41:00 | INFO | [Epoch 343] total_loss=4.160911, lr=0.000156
2026-03-14 13:41:46 | INFO | [Epoch 344] total_loss=4.157712, lr=0.000154
2026-03-14 13:42:32 | INFO | [Epoch 345] total_loss=4.157907, lr=0.000152
2026-03-14 13:43:18 | INFO | [Epoch 346] total_loss=4.159266, lr=0.000150
2026-03-14 13:44:05 | INFO | [Epoch 347] total_loss=4.158785, lr=0.000148
2026-03-14 13:44:52 | INFO | [Epoch 348] total_loss=4.148978, lr=0.000146
2026-03-14 13:45:38 | INFO | [Epoch 349] total_loss=4.146797, lr=0.000145
2026-03-14 13:46:25 | INFO | [Epoch 350] total_loss=4.145122, lr=0.000143
2026-03-14 13:47:12 | INFO | [Epoch 351] total_loss=4.157334, lr=0.000141
2026-03-14 13:47:59 | INFO | [Epoch 352] total_loss=4.137649, lr=0.000139
2026-03-14 13:48:45 | INFO | [Epoch 353] total_loss=4.135130, lr=0.000138
2026-03-14 13:49:32 | INFO | [Epoch 354] total_loss=4.149761, lr=0.000136
2026-03-14 13:50:18 | INFO | [Epoch 355] total_loss=4.138348, lr=0.000135
2026-03-14 13:51:05 | INFO | [Epoch 356] total_loss=4.146539, lr=0.000133
2026-03-14 13:51:51 | INFO | [Epoch 357] total_loss=4.149238, lr=0.000132
2026-03-14 13:52:38 | INFO | [Epoch 358] total_loss=4.155188, lr=0.000130
2026-03-14 13:53:25 | INFO | [Epoch 359] total_loss=4.136473, lr=0.000129
2026-03-14 13:54:11 | INFO | [Epoch 360] total_loss=4.137891, lr=0.000127
2026-03-14 13:54:58 | INFO | [Epoch 361] total_loss=4.137589, lr=0.000126
2026-03-14 13:55:46 | INFO | [Epoch 362] total_loss=4.143742, lr=0.000125
2026-03-14 13:56:33 | INFO | [Epoch 363] total_loss=4.129075, lr=0.000123
2026-03-14 13:57:20 | INFO | [Epoch 364] total_loss=4.128544, lr=0.000122
2026-03-14 13:58:08 | INFO | [Epoch 365] total_loss=4.123887, lr=0.000121
2026-03-14 13:58:56 | INFO | [Epoch 366] total_loss=4.142919, lr=0.000120
2026-03-14 13:59:43 | INFO | [Epoch 367] total_loss=4.133973, lr=0.000118
2026-03-14 14:00:30 | INFO | [Epoch 368] total_loss=4.133907, lr=0.000117
2026-03-14 14:01:18 | INFO | [Epoch 369] total_loss=4.133378, lr=0.000116
2026-03-14 14:02:04 | INFO | [Epoch 370] total_loss=4.127908, lr=0.000115
2026-03-14 14:02:50 | INFO | [Epoch 371] total_loss=4.127079, lr=0.000114
2026-03-14 14:03:36 | INFO | [Epoch 372] total_loss=4.130729, lr=0.000113
2026-03-14 14:04:22 | INFO | [Epoch 373] total_loss=4.130739, lr=0.000112
2026-03-14 14:05:08 | INFO | [Epoch 374] total_loss=4.125752, lr=0.000111
2026-03-14 14:05:55 | INFO | [Epoch 375] total_loss=4.127411, lr=0.000110
2026-03-14 14:06:42 | INFO | [Epoch 376] total_loss=4.135852, lr=0.000110
2026-03-14 14:07:28 | INFO | [Epoch 377] total_loss=4.122851, lr=0.000109
2026-03-14 14:08:14 | INFO | [Epoch 378] total_loss=4.129325, lr=0.000108
2026-03-14 14:09:01 | INFO | [Epoch 379] total_loss=4.129842, lr=0.000107
2026-03-14 14:09:47 | INFO | [Epoch 380] total_loss=4.123793, lr=0.000107
2026-03-14 14:10:33 | INFO | [Epoch 381] total_loss=4.117810, lr=0.000106
2026-03-14 14:11:19 | INFO | [Epoch 382] total_loss=4.123398, lr=0.000105
2026-03-14 14:12:06 | INFO | [Epoch 383] total_loss=4.115070, lr=0.000105
2026-03-14 14:12:53 | INFO | [Epoch 384] total_loss=4.117144, lr=0.000104
2026-03-14 14:13:39 | INFO | [Epoch 385] total_loss=4.114590, lr=0.000104
2026-03-14 14:14:25 | INFO | [Epoch 386] total_loss=4.110622, lr=0.000103
2026-03-14 14:15:12 | INFO | [Epoch 387] total_loss=4.115589, lr=0.000103
2026-03-14 14:15:58 | INFO | [Epoch 388] total_loss=4.110538, lr=0.000102
2026-03-14 14:16:45 | INFO | [Epoch 389] total_loss=4.109230, lr=0.000102
2026-03-14 14:17:31 | INFO | [Epoch 390] total_loss=4.109558, lr=0.000101
2026-03-14 14:18:18 | INFO | [Epoch 391] total_loss=4.126289, lr=0.000101
2026-03-14 14:19:05 | INFO | [Epoch 392] total_loss=4.113822, lr=0.000101
2026-03-14 14:19:51 | INFO | [Epoch 393] total_loss=4.122943, lr=0.000101
2026-03-14 14:20:38 | INFO | [Epoch 394] total_loss=4.108734, lr=0.000100
2026-03-14 14:21:25 | INFO | [Epoch 395] total_loss=4.107330, lr=0.000100
2026-03-14 14:22:12 | INFO | [Epoch 396] total_loss=4.106455, lr=0.000100
2026-03-14 14:22:58 | INFO | [Epoch 397] total_loss=4.120218, lr=0.000100
2026-03-14 14:23:45 | INFO | [Epoch 398] total_loss=4.117292, lr=0.000100
2026-03-14 14:24:32 | INFO | [Epoch 399] total_loss=4.107579, lr=0.000100
2026-03-14 14:24:32 | INFO | Training complete.
2026-03-14 14:24:32 | INFO | Best checkpoint: ./save/pretrain/subject_specific/subject_specific/cnn_subject_3label/cnn_subject_3label_SWELLDataset_Mar_14_2026_09-17-55/encoder_best.pt
