2026-03-12 12:08:58 | INFO | Resuming finetune from pretrain run with seed 0 and fold 0
2026-03-12 12:08:58 | INFO | Resuming finetune from pretrain run with seed 0 and fold 0
2026-03-12 12:19:22 | INFO | [Epoch 000] total_loss=0.354029, g_inv_mean=0.525750, g_spec_mean=0.474250, lr=0.000010, time=612.27s
2026-03-12 22:03:16 | INFO | Resuming finetune from pretrain run with seed 0 and fold 0
2026-03-12 22:03:16 | INFO | Resuming finetune from pretrain run with seed 0 and fold 0
2026-03-12 22:08:46 | INFO | Resuming finetune from pretrain run with seed 0 and fold 0
2026-03-12 22:08:46 | INFO | Resuming finetune from pretrain run with seed 0 and fold 0
2026-03-12 22:09:05 | INFO | [Epoch 000] total_loss=0.708078, g_inv_mean=0.525826, g_spec_mean=0.474174, lr=0.000010, time=8.41s
2026-03-12 22:09:08 | INFO | Validation — loss=0.7058, acc=0.3049, f1=0.2337, recall=0.5, precision=0.1525
2026-03-12 22:09:08 | INFO | Best model logged 0.2337
2026-03-12 22:09:09 | INFO | [Epoch 001] total_loss=0.708055, g_inv_mean=0.525851, g_spec_mean=0.474149, lr=0.000010, time=1.07s
2026-03-12 22:09:11 | INFO | Validation — loss=0.7048, acc=0.3049, f1=0.2337, recall=0.5, precision=0.1525
2026-03-12 22:09:12 | INFO | [Epoch 002] total_loss=0.706279, g_inv_mean=0.526075, g_spec_mean=0.473925, lr=0.000010, time=1.13s
2026-03-12 22:09:15 | INFO | Validation — loss=0.7037, acc=0.3049, f1=0.2337, recall=0.5, precision=0.1525
2026-03-12 22:09:16 | INFO | [Epoch 003] total_loss=0.704701, g_inv_mean=0.525897, g_spec_mean=0.474103, lr=0.000010, time=1.09s
2026-03-12 22:09:18 | INFO | Validation — loss=0.7023, acc=0.3049, f1=0.2337, recall=0.5, precision=0.1525
2026-03-12 22:09:19 | INFO | [Epoch 004] total_loss=0.702662, g_inv_mean=0.525996, g_spec_mean=0.474004, lr=0.000010, time=1.07s
2026-03-12 22:09:21 | INFO | Validation — loss=0.7009, acc=0.3049, f1=0.2337, recall=0.5, precision=0.1525
2026-03-12 22:09:23 | INFO | [Epoch 005] total_loss=0.701935, g_inv_mean=0.525843, g_spec_mean=0.474157, lr=0.000010, time=1.06s
2026-03-12 22:09:25 | INFO | Validation — loss=0.6991, acc=0.3049, f1=0.2337, recall=0.5, precision=0.1525
2026-03-12 22:09:26 | INFO | [Epoch 006] total_loss=0.700389, g_inv_mean=0.526192, g_spec_mean=0.473808, lr=0.000010, time=1.06s
2026-03-12 22:09:28 | INFO | Validation — loss=0.6969, acc=0.3049, f1=0.2337, recall=0.5, precision=0.1525
2026-03-12 22:09:29 | INFO | [Epoch 007] total_loss=0.697955, g_inv_mean=0.525616, g_spec_mean=0.474384, lr=0.000010, time=1.09s
2026-03-12 22:09:32 | INFO | Validation — loss=0.6944, acc=0.3049, f1=0.2337, recall=0.5, precision=0.1525
2026-03-12 22:09:33 | INFO | [Epoch 008] total_loss=0.696260, g_inv_mean=0.526202, g_spec_mean=0.473798, lr=0.000010, time=1.10s
2026-03-12 22:09:35 | INFO | Validation — loss=0.6917, acc=0.3049, f1=0.2337, recall=0.5, precision=0.1525
2026-03-12 22:09:36 | INFO | [Epoch 009] total_loss=0.694624, g_inv_mean=0.525980, g_spec_mean=0.474020, lr=0.000011, time=1.10s
2026-03-12 22:09:39 | INFO | Validation — loss=0.6887, acc=0.3049, f1=0.2337, recall=0.5, precision=0.1525
2026-03-12 22:09:40 | INFO | [Epoch 010] total_loss=0.692366, g_inv_mean=0.525811, g_spec_mean=0.474189, lr=0.000011, time=1.08s
2026-03-12 22:09:42 | INFO | Validation — loss=0.6851, acc=0.3049, f1=0.2337, recall=0.5, precision=0.1525
2026-03-12 22:09:43 | INFO | [Epoch 011] total_loss=0.689684, g_inv_mean=0.525880, g_spec_mean=0.474120, lr=0.000011, time=1.10s
2026-03-12 22:09:46 | INFO | Validation — loss=0.6811, acc=0.3092, f1=0.2406, recall=0.5031, precision=0.6531
2026-03-12 22:09:46 | INFO | Best model logged 0.2406
2026-03-12 22:09:47 | INFO | [Epoch 012] total_loss=0.687338, g_inv_mean=0.525366, g_spec_mean=0.474634, lr=0.000012, time=1.09s
2026-03-12 22:09:49 | INFO | Validation — loss=0.6768, acc=0.6378, f1=0.6375, recall=0.7395, precision=0.7285
2026-03-12 22:09:49 | INFO | Best model logged 0.6375
2026-03-12 22:09:50 | INFO | [Epoch 013] total_loss=0.684117, g_inv_mean=0.525745, g_spec_mean=0.474255, lr=0.000012, time=1.06s
2026-03-12 22:09:53 | INFO | Validation — loss=0.6723, acc=0.8554, f1=0.8461, recall=0.896, precision=0.8392
2026-03-12 22:09:53 | INFO | Best model logged 0.8461
2026-03-12 22:09:54 | INFO | [Epoch 014] total_loss=0.680860, g_inv_mean=0.525875, g_spec_mean=0.474125, lr=0.000012, time=1.06s
2026-03-12 22:09:56 | INFO | Validation — loss=0.6672, acc=0.932, f1=0.9241, recall=0.9511, precision=0.9088
2026-03-12 22:09:56 | INFO | Best model logged 0.9241
2026-03-12 22:09:58 | INFO | [Epoch 015] total_loss=0.677228, g_inv_mean=0.525874, g_spec_mean=0.474126, lr=0.000013, time=1.03s
2026-03-12 22:10:00 | INFO | Validation — loss=0.6613, acc=0.9716, f1=0.9673, recall=0.9796, precision=0.9574
2026-03-12 22:10:00 | INFO | Best model logged 0.9673
2026-03-12 22:10:01 | INFO | [Epoch 016] total_loss=0.674105, g_inv_mean=0.526008, g_spec_mean=0.473992, lr=0.000013, time=1.05s
2026-03-12 22:10:04 | INFO | Validation — loss=0.6549, acc=0.9829, f1=0.9802, recall=0.9877, precision=0.9735
2026-03-12 22:10:04 | INFO | Best model logged 0.9802
2026-03-12 22:10:05 | INFO | [Epoch 017] total_loss=0.669702, g_inv_mean=0.526191, g_spec_mean=0.473809, lr=0.000014, time=1.07s
2026-03-12 22:10:07 | INFO | Validation — loss=0.6481, acc=0.987, f1=0.9849, recall=0.9907, precision=0.9796
2026-03-12 22:10:07 | INFO | Best model logged 0.9849
2026-03-12 22:10:08 | INFO | [Epoch 018] total_loss=0.665992, g_inv_mean=0.525979, g_spec_mean=0.474021, lr=0.000015, time=0.99s
2026-03-12 22:10:11 | INFO | Validation — loss=0.6413, acc=0.9893, f1=0.9875, recall=0.9923, precision=0.9831
2026-03-12 22:10:11 | INFO | Best model logged 0.9875
2026-03-12 22:10:12 | INFO | [Epoch 019] total_loss=0.660985, g_inv_mean=0.526104, g_spec_mean=0.473896, lr=0.000015, time=0.98s
2026-03-12 22:10:14 | INFO | Validation — loss=0.6349, acc=0.99, f1=0.9883, recall=0.9928, precision=0.9841
2026-03-12 22:10:14 | INFO | Best model logged 0.9883
2026-03-12 22:10:15 | INFO | [Epoch 020] total_loss=0.657582, g_inv_mean=0.525923, g_spec_mean=0.474077, lr=0.000016, time=1.01s
2026-03-12 22:10:18 | INFO | Validation — loss=0.6276, acc=0.9914, f1=0.9899, recall=0.9938, precision=0.9862
2026-03-12 22:10:18 | INFO | Best model logged 0.9899
2026-03-12 22:10:19 | INFO | [Epoch 021] total_loss=0.652524, g_inv_mean=0.526085, g_spec_mean=0.473915, lr=0.000017, time=1.03s
2026-03-12 22:10:21 | INFO | Validation — loss=0.6209, acc=0.9927, f1=0.9915, recall=0.9948, precision=0.9883
2026-03-12 22:10:21 | INFO | Best model logged 0.9915
2026-03-12 22:10:22 | INFO | [Epoch 022] total_loss=0.647754, g_inv_mean=0.526323, g_spec_mean=0.473677, lr=0.000018, time=1.05s
2026-03-12 22:10:25 | INFO | Validation — loss=0.6122, acc=0.9941, f1=0.9931, recall=0.9957, precision=0.9905
2026-03-12 22:10:25 | INFO | Best model logged 0.9931
2026-03-12 22:10:26 | INFO | [Epoch 023] total_loss=0.641995, g_inv_mean=0.526520, g_spec_mean=0.473480, lr=0.000019, time=1.00s
2026-03-12 22:10:28 | INFO | Validation — loss=0.6037, acc=0.995, f1=0.9941, recall=0.9964, precision=0.9919
2026-03-12 22:10:28 | INFO | Best model logged 0.9941
2026-03-12 22:10:29 | INFO | [Epoch 024] total_loss=0.637084, g_inv_mean=0.526121, g_spec_mean=0.473879, lr=0.000019, time=0.97s
2026-03-12 22:10:32 | INFO | Validation — loss=0.5957, acc=0.9955, f1=0.9947, recall=0.9967, precision=0.9927
2026-03-12 22:10:32 | INFO | Best model logged 0.9947
2026-03-12 22:10:33 | INFO | [Epoch 025] total_loss=0.632088, g_inv_mean=0.526452, g_spec_mean=0.473548, lr=0.000020, time=1.03s
2026-03-12 22:10:35 | INFO | Validation — loss=0.5864, acc=0.9959, f1=0.9952, recall=0.9971, precision=0.9934
2026-03-12 22:10:35 | INFO | Best model logged 0.9952
2026-03-12 22:10:37 | INFO | [Epoch 026] total_loss=0.626564, g_inv_mean=0.525863, g_spec_mean=0.474137, lr=0.000021, time=1.03s
2026-03-12 22:10:39 | INFO | Validation — loss=0.5772, acc=0.9964, f1=0.9957, recall=0.9974, precision=0.9941
2026-03-12 22:10:39 | INFO | Best model logged 0.9957
2026-03-12 22:10:40 | INFO | [Epoch 027] total_loss=0.620365, g_inv_mean=0.526095, g_spec_mean=0.473905, lr=0.000022, time=1.05s
2026-03-12 22:10:43 | INFO | Validation — loss=0.5682, acc=0.9964, f1=0.9957, recall=0.9974, precision=0.9941
2026-03-12 22:10:44 | INFO | [Epoch 028] total_loss=0.618183, g_inv_mean=0.526424, g_spec_mean=0.473576, lr=0.000023, time=1.05s
2026-03-12 22:10:46 | INFO | Validation — loss=0.5594, acc=0.9968, f1=0.9963, recall=0.9977, precision=0.9948
2026-03-12 22:10:46 | INFO | Best model logged 0.9963
2026-03-12 22:10:47 | INFO | [Epoch 029] total_loss=0.608421, g_inv_mean=0.525943, g_spec_mean=0.474057, lr=0.000025, time=1.07s
2026-03-12 22:10:50 | INFO | Validation — loss=0.5509, acc=0.9975, f1=0.9971, recall=0.9982, precision=0.9959
2026-03-12 22:10:50 | INFO | Best model logged 0.9971
2026-03-12 22:10:51 | INFO | [Epoch 030] total_loss=0.603700, g_inv_mean=0.526017, g_spec_mean=0.473983, lr=0.000026, time=1.07s
2026-03-12 22:10:53 | INFO | Validation — loss=0.5416, acc=0.9975, f1=0.9971, recall=0.9982, precision=0.9959
2026-03-12 22:10:54 | INFO | [Epoch 031] total_loss=0.597595, g_inv_mean=0.526342, g_spec_mean=0.473658, lr=0.000027, time=1.00s
2026-03-12 22:10:57 | INFO | Validation — loss=0.5328, acc=0.9975, f1=0.9971, recall=0.9982, precision=0.9959
2026-03-12 22:10:58 | INFO | [Epoch 032] total_loss=0.591075, g_inv_mean=0.526221, g_spec_mean=0.473779, lr=0.000028, time=1.05s
2026-03-12 22:11:00 | INFO | Validation — loss=0.5253, acc=0.9975, f1=0.9971, recall=0.9982, precision=0.9959
2026-03-12 22:11:01 | INFO | [Epoch 033] total_loss=0.583643, g_inv_mean=0.526180, g_spec_mean=0.473820, lr=0.000029, time=1.00s
2026-03-12 22:11:04 | INFO | Validation — loss=0.5168, acc=0.9975, f1=0.9971, recall=0.9982, precision=0.9959
2026-03-12 22:11:05 | INFO | [Epoch 034] total_loss=0.575772, g_inv_mean=0.526013, g_spec_mean=0.473987, lr=0.000030, time=1.01s
2026-03-12 22:11:07 | INFO | Validation — loss=0.5104, acc=0.9975, f1=0.9971, recall=0.9982, precision=0.9959
2026-03-12 22:11:08 | INFO | [Epoch 035] total_loss=0.570647, g_inv_mean=0.525826, g_spec_mean=0.474174, lr=0.000032, time=1.05s
2026-03-12 22:11:10 | INFO | Validation — loss=0.5016, acc=0.9977, f1=0.9973, recall=0.9984, precision=0.9963
2026-03-12 22:11:10 | INFO | Best model logged 0.9973
2026-03-12 22:11:12 | INFO | [Epoch 036] total_loss=0.564858, g_inv_mean=0.526204, g_spec_mean=0.473797, lr=0.000033, time=1.04s
2026-03-12 22:11:14 | INFO | Validation — loss=0.4904, acc=0.9977, f1=0.9973, recall=0.9984, precision=0.9963
2026-03-12 22:11:15 | INFO | [Epoch 037] total_loss=0.556084, g_inv_mean=0.525980, g_spec_mean=0.474020, lr=0.000034, time=1.10s
2026-03-12 22:11:18 | INFO | Validation — loss=0.4833, acc=0.9977, f1=0.9973, recall=0.9984, precision=0.9963
2026-03-12 22:11:19 | INFO | [Epoch 038] total_loss=0.550115, g_inv_mean=0.526291, g_spec_mean=0.473709, lr=0.000036, time=1.06s
2026-03-12 22:11:21 | INFO | Validation — loss=0.4747, acc=0.9977, f1=0.9973, recall=0.9984, precision=0.9963
2026-03-12 22:11:22 | INFO | [Epoch 039] total_loss=0.541836, g_inv_mean=0.526351, g_spec_mean=0.473649, lr=0.000037, time=1.08s
2026-03-12 22:11:24 | INFO | Validation — loss=0.4636, acc=0.998, f1=0.9976, recall=0.9985, precision=0.9967
2026-03-12 22:11:24 | INFO | Best model logged 0.9976
2026-03-12 22:11:26 | INFO | [Epoch 040] total_loss=0.535443, g_inv_mean=0.526201, g_spec_mean=0.473799, lr=0.000038, time=1.03s
2026-03-12 22:11:28 | INFO | Validation — loss=0.4531, acc=0.998, f1=0.9976, recall=0.9985, precision=0.9967
2026-03-12 22:11:30 | INFO | [Epoch 041] total_loss=0.526931, g_inv_mean=0.526266, g_spec_mean=0.473734, lr=0.000040, time=1.08s
2026-03-12 22:11:32 | INFO | Validation — loss=0.4405, acc=0.9984, f1=0.9981, recall=0.9989, precision=0.9974
2026-03-12 22:11:32 | INFO | Best model logged 0.9981
2026-03-12 22:11:34 | INFO | [Epoch 042] total_loss=0.520248, g_inv_mean=0.525846, g_spec_mean=0.474154, lr=0.000041, time=1.05s
2026-03-12 22:11:36 | INFO | Validation — loss=0.4362, acc=0.998, f1=0.9976, recall=0.9985, precision=0.9967
2026-03-12 22:11:37 | INFO | [Epoch 043] total_loss=0.513169, g_inv_mean=0.526270, g_spec_mean=0.473730, lr=0.000043, time=0.98s
2026-03-12 22:11:39 | INFO | Validation — loss=0.4272, acc=0.998, f1=0.9976, recall=0.9985, precision=0.9967
2026-03-12 22:11:40 | INFO | [Epoch 044] total_loss=0.505537, g_inv_mean=0.525980, g_spec_mean=0.474021, lr=0.000044, time=1.01s
2026-03-12 22:11:42 | INFO | Validation — loss=0.4212, acc=0.998, f1=0.9976, recall=0.9985, precision=0.9967
2026-03-12 22:11:43 | INFO | [Epoch 045] total_loss=0.496803, g_inv_mean=0.525962, g_spec_mean=0.474038, lr=0.000045, time=1.04s
2026-03-12 22:11:46 | INFO | Validation — loss=0.4094, acc=0.998, f1=0.9976, recall=0.9985, precision=0.9967
2026-03-12 22:11:47 | INFO | [Epoch 046] total_loss=0.486680, g_inv_mean=0.526034, g_spec_mean=0.473966, lr=0.000047, time=1.03s
2026-03-12 22:11:49 | INFO | Validation — loss=0.3995, acc=0.998, f1=0.9976, recall=0.9985, precision=0.9967
2026-03-12 22:11:50 | INFO | [Epoch 047] total_loss=0.478761, g_inv_mean=0.526089, g_spec_mean=0.473911, lr=0.000048, time=0.99s
2026-03-12 22:11:52 | INFO | Validation — loss=0.3948, acc=0.998, f1=0.9976, recall=0.9985, precision=0.9967
2026-03-12 22:11:54 | INFO | [Epoch 048] total_loss=0.472174, g_inv_mean=0.525748, g_spec_mean=0.474252, lr=0.000050, time=1.06s
2026-03-12 22:11:56 | INFO | Validation — loss=0.3872, acc=0.998, f1=0.9976, recall=0.9985, precision=0.9967
2026-03-12 22:11:57 | INFO | [Epoch 049] total_loss=0.465180, g_inv_mean=0.526076, g_spec_mean=0.473924, lr=0.000051, time=1.06s
2026-03-12 22:11:59 | INFO | Validation — loss=0.3774, acc=0.998, f1=0.9976, recall=0.9985, precision=0.9967
2026-03-12 22:12:01 | INFO | [Epoch 050] total_loss=0.456466, g_inv_mean=0.525877, g_spec_mean=0.474123, lr=0.000053, time=1.10s
2026-03-12 22:12:03 | INFO | Validation — loss=0.3748, acc=0.998, f1=0.9976, recall=0.9985, precision=0.9967
2026-03-12 22:12:04 | INFO | [Epoch 051] total_loss=0.449295, g_inv_mean=0.525838, g_spec_mean=0.474162, lr=0.000054, time=1.08s
2026-03-12 22:12:06 | INFO | Validation — loss=0.3662, acc=0.9984, f1=0.9981, recall=0.9989, precision=0.9974
2026-03-12 22:12:07 | INFO | [Epoch 052] total_loss=0.439839, g_inv_mean=0.526080, g_spec_mean=0.473920, lr=0.000056, time=1.01s
2026-03-12 22:12:10 | INFO | Validation — loss=0.3556, acc=0.9984, f1=0.9981, recall=0.9989, precision=0.9974
2026-03-12 22:12:11 | INFO | [Epoch 053] total_loss=0.432882, g_inv_mean=0.525793, g_spec_mean=0.474207, lr=0.000057, time=1.01s
2026-03-12 22:12:13 | INFO | Validation — loss=0.3539, acc=0.998, f1=0.9976, recall=0.9985, precision=0.9967
2026-03-12 22:12:14 | INFO | [Epoch 054] total_loss=0.425233, g_inv_mean=0.525992, g_spec_mean=0.474008, lr=0.000059, time=1.02s
2026-03-12 22:12:17 | INFO | Validation — loss=0.3530, acc=0.998, f1=0.9976, recall=0.9985, precision=0.9967
2026-03-12 22:12:18 | INFO | [Epoch 055] total_loss=0.414661, g_inv_mean=0.526030, g_spec_mean=0.473970, lr=0.000060, time=1.08s
2026-03-12 22:12:20 | INFO | Validation — loss=0.3410, acc=0.9984, f1=0.9981, recall=0.9989, precision=0.9974
2026-03-12 22:12:21 | INFO | [Epoch 056] total_loss=0.407741, g_inv_mean=0.525747, g_spec_mean=0.474253, lr=0.000062, time=1.07s
2026-03-12 22:12:24 | INFO | Validation — loss=0.3295, acc=0.9984, f1=0.9981, recall=0.9989, precision=0.9974
2026-03-12 22:12:25 | INFO | [Epoch 057] total_loss=0.400535, g_inv_mean=0.525824, g_spec_mean=0.474176, lr=0.000063, time=1.08s
2026-03-12 22:12:27 | INFO | Validation — loss=0.3284, acc=0.998, f1=0.9976, recall=0.9985, precision=0.9967
2026-03-12 22:12:28 | INFO | [Epoch 058] total_loss=0.388960, g_inv_mean=0.525897, g_spec_mean=0.474103, lr=0.000065, time=1.07s
2026-03-12 22:12:30 | INFO | Validation — loss=0.3304, acc=0.998, f1=0.9976, recall=0.9985, precision=0.9967
2026-03-12 22:12:31 | INFO | [Epoch 059] total_loss=0.379887, g_inv_mean=0.525815, g_spec_mean=0.474185, lr=0.000066, time=1.08s
2026-03-12 22:12:34 | INFO | Validation — loss=0.3325, acc=0.998, f1=0.9976, recall=0.9985, precision=0.9967
2026-03-12 22:12:35 | INFO | [Epoch 060] total_loss=0.373340, g_inv_mean=0.525642, g_spec_mean=0.474358, lr=0.000067, time=1.09s
2026-03-12 22:12:37 | INFO | Validation — loss=0.3136, acc=0.9984, f1=0.9981, recall=0.9989, precision=0.9974
2026-03-12 22:12:38 | INFO | [Epoch 061] total_loss=0.363512, g_inv_mean=0.525753, g_spec_mean=0.474247, lr=0.000069, time=1.07s
2026-03-12 22:12:41 | INFO | Validation — loss=0.3111, acc=0.998, f1=0.9976, recall=0.9985, precision=0.9967
2026-03-12 22:12:41 | INFO | Early stopping at epoch 61. Best: 0.998100
2026-03-12 22:12:41 | INFO | Training complete.
2026-03-12 22:12:41 | INFO | Best checkpoint: ./save/moe_dual_branch/moe_dual_branch_WESADDataset/finetuned_best_0.pt
2026-03-12 22:12:53 | INFO | [Epoch 000] total_loss=0.707103, g_inv_mean=0.525624, g_spec_mean=0.474376, lr=0.000010, time=1.18s
2026-03-12 22:12:55 | INFO | Validation — loss=0.7060, acc=0.3181, f1=0.2413, recall=0.5, precision=0.159
2026-03-12 22:12:55 | INFO | Best model logged 0.2413
2026-03-12 22:12:57 | INFO | [Epoch 001] total_loss=0.705990, g_inv_mean=0.525690, g_spec_mean=0.474310, lr=0.000010, time=1.17s
2026-03-12 22:12:59 | INFO | Validation — loss=0.7055, acc=0.3181, f1=0.2413, recall=0.5, precision=0.159
2026-03-12 22:13:00 | INFO | [Epoch 002] total_loss=0.704259, g_inv_mean=0.525903, g_spec_mean=0.474097, lr=0.000010, time=1.13s
2026-03-12 22:13:03 | INFO | Validation — loss=0.7050, acc=0.3181, f1=0.2413, recall=0.5, precision=0.159
2026-03-12 22:13:04 | INFO | [Epoch 003] total_loss=0.702796, g_inv_mean=0.525991, g_spec_mean=0.474009, lr=0.000010, time=1.11s
2026-03-12 22:13:06 | INFO | Validation — loss=0.7045, acc=0.3181, f1=0.2413, recall=0.5, precision=0.159
2026-03-12 22:13:07 | INFO | [Epoch 004] total_loss=0.701094, g_inv_mean=0.525748, g_spec_mean=0.474252, lr=0.000010, time=1.08s
2026-03-12 22:13:10 | INFO | Validation — loss=0.7040, acc=0.3181, f1=0.2413, recall=0.5, precision=0.159
2026-03-12 22:13:11 | INFO | [Epoch 005] total_loss=0.699999, g_inv_mean=0.525548, g_spec_mean=0.474452, lr=0.000010, time=1.05s
2026-03-12 22:13:13 | INFO | Validation — loss=0.7036, acc=0.3181, f1=0.2413, recall=0.5, precision=0.159
2026-03-12 22:13:14 | INFO | [Epoch 006] total_loss=0.698647, g_inv_mean=0.525518, g_spec_mean=0.474482, lr=0.000010, time=1.07s
2026-03-12 22:13:17 | INFO | Validation — loss=0.7034, acc=0.3181, f1=0.2413, recall=0.5, precision=0.159
2026-03-12 22:13:18 | INFO | [Epoch 007] total_loss=0.696987, g_inv_mean=0.525755, g_spec_mean=0.474245, lr=0.000010, time=1.07s
2026-03-12 22:13:20 | INFO | Validation — loss=0.7031, acc=0.3181, f1=0.2413, recall=0.5, precision=0.159
2026-03-12 22:13:21 | INFO | [Epoch 008] total_loss=0.694047, g_inv_mean=0.525187, g_spec_mean=0.474813, lr=0.000010, time=1.08s
2026-03-12 22:13:23 | INFO | Validation — loss=0.7028, acc=0.3181, f1=0.2413, recall=0.5, precision=0.159
2026-03-12 22:13:25 | INFO | [Epoch 009] total_loss=0.691636, g_inv_mean=0.525642, g_spec_mean=0.474358, lr=0.000011, time=1.07s
2026-03-12 22:13:27 | INFO | Validation — loss=0.7025, acc=0.3181, f1=0.2413, recall=0.5, precision=0.159
2026-03-12 22:13:28 | INFO | [Epoch 010] total_loss=0.689289, g_inv_mean=0.525811, g_spec_mean=0.474189, lr=0.000011, time=1.11s
2026-03-12 22:13:30 | INFO | Validation — loss=0.7025, acc=0.3181, f1=0.2413, recall=0.5, precision=0.159
2026-03-12 22:13:31 | INFO | [Epoch 011] total_loss=0.686332, g_inv_mean=0.525224, g_spec_mean=0.474776, lr=0.000011, time=1.06s
2026-03-12 22:13:34 | INFO | Validation — loss=0.7024, acc=0.3181, f1=0.2413, recall=0.5, precision=0.159
2026-03-12 22:13:35 | INFO | [Epoch 012] total_loss=0.682518, g_inv_mean=0.525663, g_spec_mean=0.474337, lr=0.000012, time=1.08s
2026-03-12 22:13:37 | INFO | Validation — loss=0.7025, acc=0.3181, f1=0.2413, recall=0.5, precision=0.159
2026-03-12 22:13:38 | INFO | [Epoch 013] total_loss=0.679220, g_inv_mean=0.525732, g_spec_mean=0.474268, lr=0.000012, time=1.08s
2026-03-12 22:13:41 | INFO | Validation — loss=0.7027, acc=0.3181, f1=0.2413, recall=0.5, precision=0.159
2026-03-12 22:13:42 | INFO | [Epoch 014] total_loss=0.675635, g_inv_mean=0.525894, g_spec_mean=0.474106, lr=0.000012, time=1.13s
2026-03-12 22:13:44 | INFO | Validation — loss=0.7029, acc=0.3181, f1=0.2413, recall=0.5, precision=0.159
2026-03-12 22:13:45 | INFO | [Epoch 015] total_loss=0.671940, g_inv_mean=0.525376, g_spec_mean=0.474624, lr=0.000013, time=1.06s
2026-03-12 22:13:48 | INFO | Validation — loss=0.7033, acc=0.3181, f1=0.2413, recall=0.5, precision=0.159
2026-03-12 22:13:49 | INFO | [Epoch 016] total_loss=0.667469, g_inv_mean=0.525810, g_spec_mean=0.474190, lr=0.000013, time=1.08s
2026-03-12 22:13:51 | INFO | Validation — loss=0.7037, acc=0.3181, f1=0.2413, recall=0.5, precision=0.159
2026-03-12 22:13:52 | INFO | [Epoch 017] total_loss=0.664576, g_inv_mean=0.526114, g_spec_mean=0.473886, lr=0.000014, time=1.05s
2026-03-12 22:13:55 | INFO | Validation — loss=0.7044, acc=0.3181, f1=0.2413, recall=0.5, precision=0.159
2026-03-12 22:13:56 | INFO | [Epoch 018] total_loss=0.660548, g_inv_mean=0.525628, g_spec_mean=0.474372, lr=0.000015, time=1.08s
2026-03-12 22:13:58 | INFO | Validation — loss=0.7053, acc=0.3181, f1=0.2413, recall=0.5, precision=0.159
2026-03-12 22:13:59 | INFO | [Epoch 019] total_loss=0.656224, g_inv_mean=0.525581, g_spec_mean=0.474419, lr=0.000015, time=1.06s
2026-03-12 22:14:02 | INFO | Validation — loss=0.7062, acc=0.3181, f1=0.2413, recall=0.5, precision=0.159
2026-03-12 22:14:03 | INFO | [Epoch 020] total_loss=0.651496, g_inv_mean=0.525872, g_spec_mean=0.474128, lr=0.000016, time=1.05s
2026-03-12 22:14:05 | INFO | Validation — loss=0.7068, acc=0.3181, f1=0.2413, recall=0.5, precision=0.159
2026-03-12 22:14:05 | INFO | Early stopping at epoch 20. Best: 0.241300
2026-03-12 22:14:05 | INFO | Training complete.
2026-03-12 22:14:05 | INFO | Best checkpoint: ./save/moe_dual_branch/moe_dual_branch_WESADDataset/finetuned_best_1.pt
2026-03-12 22:14:16 | INFO | [Epoch 000] total_loss=0.707477, g_inv_mean=0.525814, g_spec_mean=0.474186, lr=0.000010, time=1.11s
2026-03-12 22:14:19 | INFO | Validation — loss=0.7061, acc=0.3181, f1=0.2413, recall=0.5, precision=0.159
2026-03-12 22:14:19 | INFO | Best model logged 0.2413
2026-03-12 22:14:20 | INFO | [Epoch 001] total_loss=0.706185, g_inv_mean=0.526279, g_spec_mean=0.473721, lr=0.000010, time=1.07s
2026-03-12 22:14:22 | INFO | Validation — loss=0.7057, acc=0.3181, f1=0.2413, recall=0.5, precision=0.159
2026-03-12 22:14:23 | INFO | [Epoch 002] total_loss=0.704580, g_inv_mean=0.525639, g_spec_mean=0.474361, lr=0.000010, time=1.07s
2026-03-12 22:14:26 | INFO | Validation — loss=0.7053, acc=0.3181, f1=0.2413, recall=0.5, precision=0.159
2026-03-12 22:14:27 | INFO | [Epoch 003] total_loss=0.704138, g_inv_mean=0.525946, g_spec_mean=0.474054, lr=0.000010, time=1.09s
2026-03-12 22:14:29 | INFO | Validation — loss=0.7049, acc=0.3181, f1=0.2413, recall=0.5, precision=0.159
2026-03-12 22:14:30 | INFO | [Epoch 004] total_loss=0.702500, g_inv_mean=0.525864, g_spec_mean=0.474136, lr=0.000010, time=1.06s
2026-03-12 22:14:33 | INFO | Validation — loss=0.7046, acc=0.3181, f1=0.2413, recall=0.5, precision=0.159
2026-03-12 22:14:34 | INFO | [Epoch 005] total_loss=0.701056, g_inv_mean=0.525807, g_spec_mean=0.474193, lr=0.000010, time=1.07s
2026-03-12 22:14:36 | INFO | Validation — loss=0.7043, acc=0.3181, f1=0.2413, recall=0.5, precision=0.159
2026-03-12 22:14:37 | INFO | [Epoch 006] total_loss=0.699411, g_inv_mean=0.525735, g_spec_mean=0.474265, lr=0.000010, time=1.05s
2026-03-12 22:14:40 | INFO | Validation — loss=0.7041, acc=0.3181, f1=0.2413, recall=0.5, precision=0.159
2026-03-12 22:14:41 | INFO | [Epoch 007] total_loss=0.697241, g_inv_mean=0.525997, g_spec_mean=0.474003, lr=0.000010, time=1.07s
2026-03-12 22:14:43 | INFO | Validation — loss=0.7039, acc=0.3181, f1=0.2413, recall=0.5, precision=0.159
2026-03-12 22:14:44 | INFO | [Epoch 008] total_loss=0.695583, g_inv_mean=0.525480, g_spec_mean=0.474520, lr=0.000010, time=1.06s
2026-03-12 22:14:46 | INFO | Validation — loss=0.7036, acc=0.3181, f1=0.2413, recall=0.5, precision=0.159
2026-03-12 22:14:48 | INFO | [Epoch 009] total_loss=0.693328, g_inv_mean=0.526148, g_spec_mean=0.473852, lr=0.000011, time=1.09s
2026-03-12 22:14:50 | INFO | Validation — loss=0.7034, acc=0.3181, f1=0.2413, recall=0.5, precision=0.159
2026-03-12 22:14:51 | INFO | [Epoch 010] total_loss=0.690995, g_inv_mean=0.525887, g_spec_mean=0.474113, lr=0.000011, time=1.12s
2026-03-12 22:14:53 | INFO | Validation — loss=0.7035, acc=0.3181, f1=0.2413, recall=0.5, precision=0.159
2026-03-12 22:14:55 | INFO | [Epoch 011] total_loss=0.687578, g_inv_mean=0.525549, g_spec_mean=0.474451, lr=0.000011, time=1.09s
2026-03-12 22:14:57 | INFO | Validation — loss=0.7034, acc=0.3181, f1=0.2413, recall=0.5, precision=0.159
2026-03-12 22:14:58 | INFO | [Epoch 012] total_loss=0.684916, g_inv_mean=0.525955, g_spec_mean=0.474045, lr=0.000012, time=1.10s
2026-03-12 22:15:00 | INFO | Validation — loss=0.7032, acc=0.3181, f1=0.2413, recall=0.5, precision=0.159
2026-03-12 22:15:01 | INFO | [Epoch 013] total_loss=0.681351, g_inv_mean=0.525773, g_spec_mean=0.474227, lr=0.000012, time=1.07s
2026-03-12 22:15:04 | INFO | Validation — loss=0.7031, acc=0.3181, f1=0.2413, recall=0.5, precision=0.159
2026-03-12 22:15:05 | INFO | [Epoch 014] total_loss=0.677603, g_inv_mean=0.525731, g_spec_mean=0.474268, lr=0.000012, time=1.11s
2026-03-12 22:15:07 | INFO | Validation — loss=0.7032, acc=0.3181, f1=0.2413, recall=0.5, precision=0.159
2026-03-12 22:15:09 | INFO | [Epoch 015] total_loss=0.673911, g_inv_mean=0.526173, g_spec_mean=0.473827, lr=0.000013, time=1.11s
2026-03-12 22:15:11 | INFO | Validation — loss=0.7037, acc=0.3181, f1=0.2413, recall=0.5, precision=0.159
2026-03-12 22:15:12 | INFO | [Epoch 016] total_loss=0.670135, g_inv_mean=0.525821, g_spec_mean=0.474179, lr=0.000013, time=1.14s
2026-03-12 22:15:15 | INFO | Validation — loss=0.7043, acc=0.3181, f1=0.2413, recall=0.5, precision=0.159
2026-03-12 22:15:16 | INFO | [Epoch 017] total_loss=0.665511, g_inv_mean=0.526093, g_spec_mean=0.473907, lr=0.000014, time=1.17s
2026-03-12 22:15:18 | INFO | Validation — loss=0.7049, acc=0.3181, f1=0.2413, recall=0.5, precision=0.159
2026-03-12 22:15:19 | INFO | [Epoch 018] total_loss=0.661068, g_inv_mean=0.525963, g_spec_mean=0.474037, lr=0.000015, time=1.15s
2026-03-12 22:15:22 | INFO | Validation — loss=0.7058, acc=0.3181, f1=0.2413, recall=0.5, precision=0.159
2026-03-12 22:15:23 | INFO | [Epoch 019] total_loss=0.656560, g_inv_mean=0.526001, g_spec_mean=0.473999, lr=0.000015, time=1.15s
2026-03-12 22:15:26 | INFO | Validation — loss=0.7063, acc=0.3181, f1=0.2413, recall=0.5, precision=0.159
2026-03-12 22:15:27 | INFO | [Epoch 020] total_loss=0.652466, g_inv_mean=0.525981, g_spec_mean=0.474019, lr=0.000016, time=1.11s
2026-03-12 22:15:29 | INFO | Validation — loss=0.7068, acc=0.3181, f1=0.2413, recall=0.5, precision=0.159
2026-03-12 22:15:29 | INFO | Early stopping at epoch 20. Best: 0.241300
2026-03-12 22:15:29 | INFO | Training complete.
2026-03-12 22:15:29 | INFO | Best checkpoint: ./save/moe_dual_branch/moe_dual_branch_WESADDataset/finetuned_best_2.pt
2026-03-12 22:15:42 | INFO | [Epoch 000] total_loss=0.707031, g_inv_mean=0.526100, g_spec_mean=0.473900, lr=0.000010, time=1.18s
2026-03-12 22:15:44 | INFO | Validation — loss=0.7059, acc=0.3181, f1=0.2413, recall=0.5, precision=0.159
2026-03-12 22:15:44 | INFO | Best model logged 0.2413
2026-03-12 22:15:45 | INFO | [Epoch 001] total_loss=0.705384, g_inv_mean=0.526503, g_spec_mean=0.473497, lr=0.000010, time=1.20s
2026-03-12 22:15:48 | INFO | Validation — loss=0.7054, acc=0.3181, f1=0.2413, recall=0.5, precision=0.159
2026-03-12 22:15:49 | INFO | [Epoch 002] total_loss=0.704055, g_inv_mean=0.525874, g_spec_mean=0.474126, lr=0.000010, time=1.16s
2026-03-12 22:15:51 | INFO | Validation — loss=0.7049, acc=0.3181, f1=0.2413, recall=0.5, precision=0.159
2026-03-12 22:15:53 | INFO | [Epoch 003] total_loss=0.703051, g_inv_mean=0.525926, g_spec_mean=0.474074, lr=0.000010, time=1.16s
2026-03-12 22:15:55 | INFO | Validation — loss=0.7044, acc=0.3181, f1=0.2413, recall=0.5, precision=0.159
2026-03-12 22:15:56 | INFO | [Epoch 004] total_loss=0.701779, g_inv_mean=0.526439, g_spec_mean=0.473561, lr=0.000010, time=1.15s
2026-03-12 22:15:59 | INFO | Validation — loss=0.7039, acc=0.3181, f1=0.2413, recall=0.5, precision=0.159
2026-03-12 22:16:00 | INFO | [Epoch 005] total_loss=0.699801, g_inv_mean=0.525997, g_spec_mean=0.474003, lr=0.000010, time=1.07s
2026-03-12 22:16:03 | INFO | Validation — loss=0.7036, acc=0.3181, f1=0.2413, recall=0.5, precision=0.159
2026-03-12 22:16:04 | INFO | [Epoch 006] total_loss=0.698287, g_inv_mean=0.526105, g_spec_mean=0.473895, lr=0.000010, time=1.16s
2026-03-12 22:16:06 | INFO | Validation — loss=0.7033, acc=0.3181, f1=0.2413, recall=0.5, precision=0.159
2026-03-12 22:16:07 | INFO | [Epoch 007] total_loss=0.695302, g_inv_mean=0.526349, g_spec_mean=0.473651, lr=0.000010, time=1.14s
2026-03-12 22:16:10 | INFO | Validation — loss=0.7030, acc=0.3181, f1=0.2413, recall=0.5, precision=0.159
2026-03-12 22:16:11 | INFO | [Epoch 008] total_loss=0.694125, g_inv_mean=0.525818, g_spec_mean=0.474182, lr=0.000010, time=1.07s
2026-03-12 22:16:14 | INFO | Validation — loss=0.7029, acc=0.3181, f1=0.2413, recall=0.5, precision=0.159
2026-03-12 22:16:15 | INFO | [Epoch 009] total_loss=0.691429, g_inv_mean=0.526275, g_spec_mean=0.473725, lr=0.000011, time=1.14s
2026-03-12 22:17:02 | INFO | Resuming finetune from pretrain run with seed 0 and fold 0
2026-03-12 22:17:02 | INFO | Resuming finetune from pretrain run with seed 0 and fold 0
2026-03-12 22:17:22 | INFO | [Epoch 000] total_loss=0.705368, g_inv_mean=0.526145, g_spec_mean=0.473855, lr=0.000100, time=8.47s
2026-03-12 22:17:25 | INFO | Validation — loss=0.7058, acc=0.3181, f1=0.2413, recall=0.5, precision=0.159
2026-03-12 22:17:25 | INFO | Best model logged 0.2413
2026-03-12 22:17:26 | INFO | [Epoch 001] total_loss=0.704350, g_inv_mean=0.526134, g_spec_mean=0.473866, lr=0.000100, time=1.06s
2026-03-12 22:17:28 | INFO | Validation — loss=0.7053, acc=0.3181, f1=0.2413, recall=0.5, precision=0.159
2026-03-12 22:17:30 | INFO | [Epoch 002] total_loss=0.703650, g_inv_mean=0.525837, g_spec_mean=0.474163, lr=0.000100, time=1.08s
2026-03-12 22:17:32 | INFO | Validation — loss=0.7047, acc=0.3181, f1=0.2413, recall=0.5, precision=0.159
2026-03-12 22:17:33 | INFO | [Epoch 003] total_loss=0.701362, g_inv_mean=0.526094, g_spec_mean=0.473906, lr=0.000100, time=1.12s
2026-03-12 22:17:36 | INFO | Validation — loss=0.7041, acc=0.3181, f1=0.2413, recall=0.5, precision=0.159
2026-03-12 22:17:37 | INFO | [Epoch 004] total_loss=0.700113, g_inv_mean=0.525949, g_spec_mean=0.474051, lr=0.000100, time=1.13s
2026-03-12 22:17:39 | INFO | Validation — loss=0.7036, acc=0.3181, f1=0.2413, recall=0.5, precision=0.159
2026-03-12 22:17:40 | INFO | [Epoch 005] total_loss=0.699274, g_inv_mean=0.525649, g_spec_mean=0.474351, lr=0.000100, time=1.13s
2026-03-12 22:17:43 | INFO | Validation — loss=0.7032, acc=0.3181, f1=0.2413, recall=0.5, precision=0.159
2026-03-12 22:17:44 | INFO | [Epoch 006] total_loss=0.697848, g_inv_mean=0.525813, g_spec_mean=0.474187, lr=0.000100, time=1.11s
2026-03-12 22:17:46 | INFO | Validation — loss=0.7027, acc=0.3181, f1=0.2413, recall=0.5, precision=0.159
2026-03-12 22:17:47 | INFO | [Epoch 007] total_loss=0.694592, g_inv_mean=0.526038, g_spec_mean=0.473962, lr=0.000100, time=1.06s
2026-03-12 22:17:50 | INFO | Validation — loss=0.7021, acc=0.3181, f1=0.2413, recall=0.5, precision=0.159
2026-03-12 22:17:51 | INFO | [Epoch 008] total_loss=0.691832, g_inv_mean=0.525922, g_spec_mean=0.474078, lr=0.000100, time=1.09s
2026-03-12 22:17:53 | INFO | Validation — loss=0.7018, acc=0.3181, f1=0.2413, recall=0.5, precision=0.159
2026-03-12 22:17:55 | INFO | [Epoch 009] total_loss=0.688445, g_inv_mean=0.525988, g_spec_mean=0.474012, lr=0.000100, time=1.08s
2026-03-12 22:17:57 | INFO | Validation — loss=0.7016, acc=0.3181, f1=0.2413, recall=0.5, precision=0.159
2026-03-12 22:17:58 | INFO | [Epoch 010] total_loss=0.685489, g_inv_mean=0.526058, g_spec_mean=0.473942, lr=0.000100, time=1.05s
2026-03-12 22:18:01 | INFO | Validation — loss=0.7014, acc=0.3181, f1=0.2413, recall=0.5, precision=0.159
2026-03-12 22:18:02 | INFO | [Epoch 011] total_loss=0.682938, g_inv_mean=0.526005, g_spec_mean=0.473995, lr=0.000100, time=1.03s
2026-03-12 22:18:04 | INFO | Validation — loss=0.7012, acc=0.3181, f1=0.2413, recall=0.5, precision=0.159
2026-03-12 22:18:05 | INFO | [Epoch 012] total_loss=0.678542, g_inv_mean=0.525841, g_spec_mean=0.474159, lr=0.000100, time=1.02s
2026-03-12 22:18:07 | INFO | Validation — loss=0.7011, acc=0.3181, f1=0.2413, recall=0.5, precision=0.159
2026-03-12 22:18:09 | INFO | [Epoch 013] total_loss=0.674813, g_inv_mean=0.526077, g_spec_mean=0.473923, lr=0.000100, time=1.06s
2026-03-12 22:18:11 | INFO | Validation — loss=0.7011, acc=0.3181, f1=0.2413, recall=0.5, precision=0.159
2026-03-12 22:18:12 | INFO | [Epoch 014] total_loss=0.670712, g_inv_mean=0.526388, g_spec_mean=0.473612, lr=0.000100, time=1.04s
2026-03-12 22:18:15 | INFO | Validation — loss=0.7012, acc=0.3181, f1=0.2413, recall=0.5, precision=0.159
2026-03-12 22:18:16 | INFO | [Epoch 015] total_loss=0.665781, g_inv_mean=0.525865, g_spec_mean=0.474135, lr=0.000100, time=1.09s
2026-03-12 22:18:18 | INFO | Validation — loss=0.7010, acc=0.3181, f1=0.2413, recall=0.5, precision=0.159
2026-03-12 22:18:19 | INFO | [Epoch 016] total_loss=0.660927, g_inv_mean=0.526390, g_spec_mean=0.473610, lr=0.000100, time=1.14s
2026-03-12 22:18:22 | INFO | Validation — loss=0.7011, acc=0.3181, f1=0.2413, recall=0.5, precision=0.159
2026-03-12 22:18:23 | INFO | [Epoch 017] total_loss=0.655327, g_inv_mean=0.526463, g_spec_mean=0.473537, lr=0.000100, time=1.12s
2026-03-12 22:18:26 | INFO | Validation — loss=0.7015, acc=0.3181, f1=0.2413, recall=0.5, precision=0.159
2026-03-12 22:18:27 | INFO | [Epoch 018] total_loss=0.651426, g_inv_mean=0.526108, g_spec_mean=0.473892, lr=0.000100, time=1.05s
2026-03-12 22:18:29 | INFO | Validation — loss=0.7022, acc=0.3181, f1=0.2413, recall=0.5, precision=0.159
2026-03-12 22:18:30 | INFO | [Epoch 019] total_loss=0.645298, g_inv_mean=0.526237, g_spec_mean=0.473763, lr=0.000100, time=1.01s
2026-03-12 22:18:33 | INFO | Validation — loss=0.7029, acc=0.3181, f1=0.2413, recall=0.5, precision=0.159
2026-03-12 22:18:34 | INFO | [Epoch 020] total_loss=0.639656, g_inv_mean=0.526281, g_spec_mean=0.473719, lr=0.000100, time=1.04s
2026-03-12 22:18:36 | INFO | Validation — loss=0.7038, acc=0.3181, f1=0.2413, recall=0.5, precision=0.159
2026-03-12 22:18:36 | INFO | Early stopping at epoch 20. Best: 0.241300
2026-03-12 22:18:36 | INFO | Training complete.
2026-03-12 22:18:36 | INFO | Best checkpoint: ./save/moe_dual_branch/moe_dual_branch_WESADDataset/finetuned_best_0.pt
2026-03-12 22:23:16 | INFO | Resuming finetune from pretrain run with seed 0 and fold 0
2026-03-12 22:23:16 | INFO | Resuming finetune from pretrain run with seed 0 and fold 0
2026-03-12 22:23:41 | INFO | [Epoch 000] total_loss=0.699538, g_inv_mean=0.525925, g_spec_mean=0.474075, lr=0.000010, time=13.01s
2026-03-12 22:23:43 | INFO | Validation — loss=0.7032, acc=0.3181, f1=0.2413, recall=0.5, precision=0.159
2026-03-12 22:23:43 | INFO | Best model logged 0.2413
2026-03-12 22:23:49 | INFO | [Epoch 001] total_loss=0.666246, g_inv_mean=0.526105, g_spec_mean=0.473895, lr=0.000010, time=5.93s
2026-03-12 22:23:52 | INFO | Validation — loss=0.7063, acc=0.3181, f1=0.2413, recall=0.5, precision=0.159
2026-03-12 22:23:58 | INFO | [Epoch 002] total_loss=0.610300, g_inv_mean=0.526056, g_spec_mean=0.473944, lr=0.000010, time=5.95s
2026-03-12 22:24:00 | INFO | Validation — loss=0.7059, acc=0.3181, f1=0.2413, recall=0.5, precision=0.159
2026-03-12 22:24:06 | INFO | [Epoch 003] total_loss=0.541094, g_inv_mean=0.526079, g_spec_mean=0.473921, lr=0.000010, time=5.91s
2026-03-12 22:24:08 | INFO | Validation — loss=0.7041, acc=0.3181, f1=0.2413, recall=0.5, precision=0.159
2026-03-12 22:24:14 | INFO | [Epoch 004] total_loss=0.468373, g_inv_mean=0.525645, g_spec_mean=0.474355, lr=0.000010, time=5.88s
2026-03-12 22:24:16 | INFO | Validation — loss=0.7028, acc=0.3181, f1=0.2413, recall=0.5, precision=0.159
2026-03-12 22:24:22 | INFO | [Epoch 005] total_loss=0.397458, g_inv_mean=0.525424, g_spec_mean=0.474576, lr=0.000010, time=5.93s
2026-03-12 22:24:25 | INFO | Validation — loss=0.6960, acc=0.3416, f1=0.2791, recall=0.5173, precision=0.6629
2026-03-12 22:24:25 | INFO | Best model logged 0.2791
2026-03-12 22:24:31 | INFO | [Epoch 006] total_loss=0.331931, g_inv_mean=0.525212, g_spec_mean=0.474788, lr=0.000010, time=5.92s
2026-03-12 22:24:33 | INFO | Validation — loss=0.6986, acc=0.3645, f1=0.3139, recall=0.5341, precision=0.6668
2026-03-12 22:24:33 | INFO | Best model logged 0.3139
2026-03-12 22:24:39 | INFO | [Epoch 007] total_loss=0.271656, g_inv_mean=0.525088, g_spec_mean=0.474912, lr=0.000010, time=5.90s
2026-03-12 22:24:41 | INFO | Validation — loss=0.6691, acc=0.5136, f1=0.5062, recall=0.6433, precision=0.6977
2026-03-12 22:24:41 | INFO | Best model logged 0.5062
2026-03-12 22:24:48 | INFO | [Epoch 008] total_loss=0.217490, g_inv_mean=0.525048, g_spec_mean=0.474952, lr=0.000010, time=6.15s
2026-03-12 22:24:50 | INFO | Validation — loss=0.5686, acc=0.6924, f1=0.6914, recall=0.7745, precision=0.7542
2026-03-12 22:24:50 | INFO | Best model logged 0.6914
2026-03-12 22:25:19 | INFO | Resuming finetune from pretrain run with seed 0 and fold 0
2026-03-12 22:25:19 | INFO | Resuming finetune from pretrain run with seed 0 and fold 0
2026-03-12 22:25:39 | INFO | [Epoch 000] total_loss=0.701609, g_inv_mean=0.526120, g_spec_mean=0.473880, lr=0.000100, time=8.74s
2026-03-12 22:25:42 | INFO | Validation — loss=0.7032, acc=0.3181, f1=0.2413, recall=0.5, precision=0.159
2026-03-12 22:25:42 | INFO | Best model logged 0.2413
2026-03-12 22:25:43 | INFO | [Epoch 001] total_loss=0.688508, g_inv_mean=0.526082, g_spec_mean=0.473918, lr=0.000100, time=1.06s
2026-03-12 22:25:45 | INFO | Validation — loss=0.7075, acc=0.3181, f1=0.2413, recall=0.5, precision=0.159
2026-03-12 22:25:46 | INFO | [Epoch 002] total_loss=0.669864, g_inv_mean=0.525910, g_spec_mean=0.474090, lr=0.000100, time=1.05s
2026-03-12 22:25:49 | INFO | Validation — loss=0.7145, acc=0.3181, f1=0.2413, recall=0.5, precision=0.159
2026-03-12 22:25:50 | INFO | [Epoch 003] total_loss=0.643910, g_inv_mean=0.526813, g_spec_mean=0.473187, lr=0.000100, time=1.03s
2026-03-12 22:25:52 | INFO | Validation — loss=0.7281, acc=0.3181, f1=0.2413, recall=0.5, precision=0.159
2026-03-12 22:25:53 | INFO | [Epoch 004] total_loss=0.613872, g_inv_mean=0.526290, g_spec_mean=0.473710, lr=0.000100, time=1.09s
2026-03-12 22:25:56 | INFO | Validation — loss=0.7419, acc=0.3181, f1=0.2413, recall=0.5, precision=0.159
2026-03-12 22:25:57 | INFO | [Epoch 005] total_loss=0.581731, g_inv_mean=0.526241, g_spec_mean=0.473759, lr=0.000100, time=1.10s
2026-03-12 22:25:59 | INFO | Validation — loss=0.7528, acc=0.3181, f1=0.2413, recall=0.5, precision=0.159
2026-03-12 22:26:01 | INFO | [Epoch 006] total_loss=0.544187, g_inv_mean=0.526374, g_spec_mean=0.473626, lr=0.000101, time=1.06s
2026-03-12 22:26:03 | INFO | Validation — loss=0.7467, acc=0.3181, f1=0.2413, recall=0.5, precision=0.159
2026-03-12 22:26:04 | INFO | [Epoch 007] total_loss=0.502811, g_inv_mean=0.525997, g_spec_mean=0.474003, lr=0.000102, time=1.13s
2026-03-12 22:26:07 | INFO | Validation — loss=0.7588, acc=0.3181, f1=0.2413, recall=0.5, precision=0.159
2026-03-12 22:26:08 | INFO | [Epoch 008] total_loss=0.455861, g_inv_mean=0.525686, g_spec_mean=0.474314, lr=0.000104, time=1.07s
2026-03-12 22:26:10 | INFO | Validation — loss=0.7761, acc=0.3181, f1=0.2413, recall=0.5, precision=0.159
2026-03-12 22:26:11 | INFO | [Epoch 009] total_loss=0.412834, g_inv_mean=0.525745, g_spec_mean=0.474255, lr=0.000106, time=1.14s
2026-03-12 22:26:14 | INFO | Validation — loss=0.7750, acc=0.3181, f1=0.2413, recall=0.5, precision=0.159
2026-03-12 22:26:15 | INFO | [Epoch 010] total_loss=0.368585, g_inv_mean=0.525380, g_spec_mean=0.474620, lr=0.000109, time=1.15s
2026-03-12 22:26:18 | INFO | Validation — loss=0.8338, acc=0.3181, f1=0.2413, recall=0.5, precision=0.159
2026-03-12 22:26:19 | INFO | [Epoch 011] total_loss=0.326095, g_inv_mean=0.525378, g_spec_mean=0.474622, lr=0.000112, time=1.13s
2026-03-12 22:26:21 | INFO | Validation — loss=0.7727, acc=0.3381, f1=0.2735, recall=0.5147, precision=0.6623
2026-03-12 22:26:21 | INFO | Best model logged 0.2735
2026-03-12 22:26:23 | INFO | [Epoch 012] total_loss=0.283901, g_inv_mean=0.524951, g_spec_mean=0.475049, lr=0.000116, time=1.11s
2026-03-12 22:26:25 | INFO | Validation — loss=0.8155, acc=0.3181, f1=0.2413, recall=0.5, precision=0.159
2026-03-12 22:26:26 | INFO | [Epoch 013] total_loss=0.247052, g_inv_mean=0.525468, g_spec_mean=0.474532, lr=0.000120, time=1.16s
2026-03-12 22:26:29 | INFO | Validation — loss=0.7713, acc=0.3419, f1=0.2795, recall=0.5174, precision=0.6629
2026-03-12 22:26:29 | INFO | Best model logged 0.2795
2026-03-12 22:26:30 | INFO | [Epoch 014] total_loss=0.213559, g_inv_mean=0.525012, g_spec_mean=0.474988, lr=0.000124, time=1.15s
2026-03-12 22:26:33 | INFO | Validation — loss=0.7507, acc=0.3728, f1=0.326, recall=0.5401, precision=0.6682
2026-03-12 22:26:33 | INFO | Best model logged 0.326
2026-03-12 22:26:34 | INFO | [Epoch 015] total_loss=0.170961, g_inv_mean=0.524703, g_spec_mean=0.475297, lr=0.000129, time=1.08s
2026-03-12 22:26:36 | INFO | Validation — loss=0.7802, acc=0.4426, f1=0.4209, recall=0.5913, precision=0.6817
2026-03-12 22:26:36 | INFO | Best model logged 0.4209
2026-03-12 22:26:38 | INFO | [Epoch 016] total_loss=0.148835, g_inv_mean=0.525187, g_spec_mean=0.474813, lr=0.000135, time=1.12s
2026-03-12 22:26:40 | INFO | Validation — loss=0.7863, acc=0.4488, f1=0.4288, recall=0.5959, precision=0.683
2026-03-12 22:26:40 | INFO | Best model logged 0.4288
2026-03-12 22:26:41 | INFO | [Epoch 017] total_loss=0.121385, g_inv_mean=0.525088, g_spec_mean=0.474911, lr=0.000141, time=1.10s
2026-03-12 22:26:44 | INFO | Validation — loss=0.4804, acc=0.7729, f1=0.7686, recall=0.8335, precision=0.7917
2026-03-12 22:26:44 | INFO | Best model logged 0.7686
2026-03-12 22:26:45 | INFO | [Epoch 018] total_loss=0.099130, g_inv_mean=0.524874, g_spec_mean=0.475126, lr=0.000147, time=1.09s
2026-03-12 22:26:48 | INFO | Validation — loss=0.8829, acc=0.4259, f1=0.3994, recall=0.5791, precision=0.6783
2026-03-12 22:26:49 | INFO | [Epoch 019] total_loss=0.076391, g_inv_mean=0.524842, g_spec_mean=0.475158, lr=0.000154, time=1.11s
2026-03-12 22:26:51 | INFO | Validation — loss=1.2936, acc=0.3343, f1=0.2676, recall=0.5119, precision=0.6617
2026-03-12 22:26:53 | INFO | [Epoch 020] total_loss=0.059716, g_inv_mean=0.525102, g_spec_mean=0.474898, lr=0.000162, time=1.14s
2026-03-12 22:26:55 | INFO | Validation — loss=0.7395, acc=0.4951, f1=0.4849, recall=0.6298, precision=0.6932
2026-03-12 22:26:56 | INFO | [Epoch 021] total_loss=0.047425, g_inv_mean=0.525216, g_spec_mean=0.474784, lr=0.000169, time=1.12s
2026-03-12 22:26:59 | INFO | Validation — loss=0.6301, acc=0.6143, f1=0.6141, recall=0.7172, precision=0.726
2026-03-12 22:27:00 | INFO | [Epoch 022] total_loss=0.040476, g_inv_mean=0.525415, g_spec_mean=0.474585, lr=0.000177, time=1.10s
2026-03-12 22:27:02 | INFO | Validation — loss=0.6710, acc=0.5952, f1=0.5945, recall=0.7032, precision=0.72
2026-03-12 22:27:04 | INFO | [Epoch 023] total_loss=0.032300, g_inv_mean=0.525315, g_spec_mean=0.474685, lr=0.000186, time=1.12s
2026-03-12 22:27:06 | INFO | Validation — loss=0.8087, acc=0.5772, f1=0.5757, recall=0.69, precision=0.7147
2026-03-12 22:27:07 | INFO | [Epoch 024] total_loss=0.029911, g_inv_mean=0.524979, g_spec_mean=0.475021, lr=0.000195, time=1.14s
2026-03-12 22:27:10 | INFO | Validation — loss=0.6981, acc=0.5761, f1=0.5746, recall=0.6882, precision=0.7121
2026-03-12 22:27:11 | INFO | [Epoch 025] total_loss=0.025112, g_inv_mean=0.524955, g_spec_mean=0.475045, lr=0.000204, time=1.07s
2026-03-12 22:27:13 | INFO | Validation — loss=0.3563, acc=0.8532, f1=0.8456, recall=0.8905, precision=0.8409
2026-03-12 22:27:13 | INFO | Best model logged 0.8456
2026-03-12 22:27:15 | INFO | [Epoch 026] total_loss=0.019041, g_inv_mean=0.525033, g_spec_mean=0.474967, lr=0.000214, time=1.14s
2026-03-12 22:27:17 | INFO | Validation — loss=0.3873, acc=0.8414, f1=0.8344, recall=0.8837, precision=0.8336
2026-03-12 22:27:18 | INFO | [Epoch 027] total_loss=0.017929, g_inv_mean=0.525115, g_spec_mean=0.474885, lr=0.000224, time=1.07s
2026-03-12 22:27:21 | INFO | Validation — loss=0.7608, acc=0.581, f1=0.5797, recall=0.6928, precision=0.7158
2026-03-12 22:27:22 | INFO | [Epoch 028] total_loss=0.013991, g_inv_mean=0.525284, g_spec_mean=0.474716, lr=0.000234, time=1.16s
2026-03-12 22:27:24 | INFO | Validation — loss=0.4825, acc=0.7765, f1=0.7714, recall=0.8324, precision=0.7896
2026-03-12 22:27:26 | INFO | [Epoch 029] total_loss=0.016424, g_inv_mean=0.525431, g_spec_mean=0.474569, lr=0.000245, time=1.07s
2026-03-12 22:27:28 | INFO | Validation — loss=0.3410, acc=0.8612, f1=0.8535, recall=0.8962, precision=0.8469
2026-03-12 22:27:28 | INFO | Best model logged 0.8535
2026-03-12 22:27:29 | INFO | [Epoch 030] total_loss=0.010495, g_inv_mean=0.525154, g_spec_mean=0.474846, lr=0.000256, time=1.10s
2026-03-12 22:27:32 | INFO | Validation — loss=0.3692, acc=0.8414, f1=0.8344, recall=0.8837, precision=0.8336
2026-03-12 22:27:33 | INFO | [Epoch 031] total_loss=0.011728, g_inv_mean=0.525157, g_spec_mean=0.474843, lr=0.000268, time=1.07s
2026-03-12 22:27:35 | INFO | Validation — loss=0.4347, acc=0.8038, f1=0.7981, recall=0.8562, precision=0.8093
2026-03-12 22:27:36 | INFO | [Epoch 032] total_loss=0.008733, g_inv_mean=0.525288, g_spec_mean=0.474712, lr=0.000280, time=1.11s
2026-03-12 22:27:39 | INFO | Validation — loss=0.5502, acc=0.7373, f1=0.7346, recall=0.8074, precision=0.7738
2026-03-12 22:27:40 | INFO | [Epoch 033] total_loss=0.007533, g_inv_mean=0.525284, g_spec_mean=0.474716, lr=0.000292, time=1.05s
2026-03-12 22:27:43 | INFO | Validation — loss=0.6724, acc=0.681, f1=0.6804, recall=0.7661, precision=0.7497
2026-03-12 22:27:44 | INFO | [Epoch 034] total_loss=0.007096, g_inv_mean=0.525067, g_spec_mean=0.474933, lr=0.000304, time=1.10s
2026-03-12 22:27:46 | INFO | Validation — loss=0.7783, acc=0.6537, f1=0.6536, recall=0.7461, precision=0.7394
2026-03-12 22:27:47 | INFO | [Epoch 035] total_loss=0.006558, g_inv_mean=0.525182, g_spec_mean=0.474818, lr=0.000316, time=1.09s
2026-03-12 22:27:50 | INFO | Validation — loss=0.7901, acc=0.6468, f1=0.6468, recall=0.741, precision=0.7369
2026-03-12 22:27:51 | INFO | [Epoch 036] total_loss=0.005736, g_inv_mean=0.525139, g_spec_mean=0.474861, lr=0.000329, time=1.12s
2026-03-12 22:27:53 | INFO | Validation — loss=0.6388, acc=0.7104, f1=0.7088, recall=0.7877, precision=0.7617
2026-03-12 22:27:55 | INFO | [Epoch 037] total_loss=0.005340, g_inv_mean=0.525395, g_spec_mean=0.474605, lr=0.000342, time=1.11s
2026-03-12 22:27:57 | INFO | Validation — loss=0.4874, acc=0.7914, f1=0.7859, recall=0.8452, precision=0.8001
2026-03-12 22:27:58 | INFO | [Epoch 038] total_loss=0.004922, g_inv_mean=0.525267, g_spec_mean=0.474733, lr=0.000356, time=1.07s
2026-03-12 22:28:01 | INFO | Validation — loss=0.3634, acc=0.841, f1=0.8332, recall=0.8785, precision=0.83
2026-03-12 22:28:02 | INFO | [Epoch 039] total_loss=0.004763, g_inv_mean=0.525183, g_spec_mean=0.474817, lr=0.000369, time=1.12s
2026-03-12 22:28:04 | INFO | Validation — loss=0.3374, acc=0.8539, f1=0.8459, recall=0.8889, precision=0.8402
2026-03-12 22:28:05 | INFO | [Epoch 040] total_loss=0.005725, g_inv_mean=0.525151, g_spec_mean=0.474849, lr=0.000383, time=1.12s
2026-03-12 22:28:08 | INFO | Validation — loss=0.5374, acc=0.7411, f1=0.7382, recall=0.8102, precision=0.7756
2026-03-12 22:28:09 | INFO | [Epoch 041] total_loss=0.004140, g_inv_mean=0.525267, g_spec_mean=0.474733, lr=0.000397, time=1.12s
2026-03-12 22:28:12 | INFO | Validation — loss=0.4372, acc=0.8143, f1=0.8082, recall=0.8638, precision=0.8157
2026-03-12 22:28:13 | INFO | [Epoch 042] total_loss=0.004509, g_inv_mean=0.525214, g_spec_mean=0.474786, lr=0.000411, time=1.10s
2026-03-12 22:28:15 | INFO | Validation — loss=0.3025, acc=0.8857, f1=0.8781, recall=0.9162, precision=0.8678
2026-03-12 22:28:15 | INFO | Best model logged 0.8781
2026-03-12 22:28:16 | INFO | [Epoch 043] total_loss=0.004580, g_inv_mean=0.525117, g_spec_mean=0.474883, lr=0.000425, time=1.13s
2026-03-12 22:28:19 | INFO | Validation — loss=0.3505, acc=0.8579, f1=0.8505, recall=0.8958, precision=0.8456
2026-03-12 22:28:20 | INFO | [Epoch 044] total_loss=0.004519, g_inv_mean=0.525204, g_spec_mean=0.474796, lr=0.000440, time=1.10s
2026-03-12 22:28:23 | INFO | Validation — loss=0.3552, acc=0.8543, f1=0.847, recall=0.8932, precision=0.8429
2026-03-12 22:28:24 | INFO | [Epoch 045] total_loss=0.003529, g_inv_mean=0.525290, g_spec_mean=0.474710, lr=0.000454, time=1.15s
2026-03-12 22:28:26 | INFO | Validation — loss=0.3537, acc=0.8579, f1=0.8505, recall=0.8958, precision=0.8456
2026-03-12 22:28:28 | INFO | [Epoch 046] total_loss=0.003509, g_inv_mean=0.525334, g_spec_mean=0.474666, lr=0.000469, time=1.12s
2026-03-12 22:28:30 | INFO | Validation — loss=0.3587, acc=0.8556, f1=0.8483, recall=0.8942, precision=0.8439
2026-03-12 22:28:31 | INFO | [Epoch 047] total_loss=0.002587, g_inv_mean=0.524961, g_spec_mean=0.475039, lr=0.000483, time=1.12s
2026-03-12 22:28:34 | INFO | Validation — loss=0.3185, acc=0.8748, f1=0.8672, recall=0.9082, precision=0.8588
2026-03-12 22:28:35 | INFO | [Epoch 048] total_loss=0.002379, g_inv_mean=0.525166, g_spec_mean=0.474834, lr=0.000498, time=1.11s
2026-03-12 22:28:37 | INFO | Validation — loss=0.2647, acc=0.8999, f1=0.8924, recall=0.9266, precision=0.8803
2026-03-12 22:28:37 | INFO | Best model logged 0.8924
2026-03-12 22:28:38 | INFO | [Epoch 049] total_loss=0.002312, g_inv_mean=0.525204, g_spec_mean=0.474796, lr=0.000513, time=1.15s
2026-03-12 22:28:41 | INFO | Validation — loss=0.2715, acc=0.8975, f1=0.8899, recall=0.9248, precision=0.8781
2026-03-12 22:28:42 | INFO | [Epoch 050] total_loss=0.002104, g_inv_mean=0.525313, g_spec_mean=0.474687, lr=0.000528, time=1.15s
2026-03-12 22:28:45 | INFO | Validation — loss=0.2910, acc=0.8866, f1=0.879, recall=0.9168, precision=0.8686
2026-03-12 22:28:46 | INFO | [Epoch 051] total_loss=0.001998, g_inv_mean=0.525376, g_spec_mean=0.474624, lr=0.000543, time=1.13s
2026-03-12 22:28:48 | INFO | Validation — loss=0.3323, acc=0.8679, f1=0.8604, recall=0.9031, precision=0.8533
2026-03-12 22:28:50 | INFO | [Epoch 052] total_loss=0.001998, g_inv_mean=0.525130, g_spec_mean=0.474870, lr=0.000557, time=1.16s
2026-03-12 22:28:52 | INFO | Validation — loss=0.3903, acc=0.8432, f1=0.8362, recall=0.885, precision=0.8349
2026-03-12 22:28:53 | INFO | [Epoch 053] total_loss=0.002025, g_inv_mean=0.525111, g_spec_mean=0.474889, lr=0.000572, time=1.11s
2026-03-12 22:28:56 | INFO | Validation — loss=0.4623, acc=0.8114, f1=0.8054, recall=0.8617, precision=0.8139
2026-03-12 22:28:57 | INFO | [Epoch 054] total_loss=0.001938, g_inv_mean=0.525142, g_spec_mean=0.474858, lr=0.000587, time=1.11s
2026-03-12 22:28:59 | INFO | Validation — loss=0.5041, acc=0.7905, f1=0.7854, recall=0.8464, precision=0.8014
2026-03-12 22:29:01 | INFO | [Epoch 055] total_loss=0.001636, g_inv_mean=0.525391, g_spec_mean=0.474609, lr=0.000602, time=1.13s
2026-03-12 22:29:03 | INFO | Validation — loss=0.4489, acc=0.8149, f1=0.8088, recall=0.8643, precision=0.8161
2026-03-12 22:29:04 | INFO | [Epoch 056] total_loss=0.001454, g_inv_mean=0.525190, g_spec_mean=0.474810, lr=0.000617, time=1.17s
2026-03-12 22:29:07 | INFO | Validation — loss=0.4165, acc=0.8316, f1=0.8249, recall=0.8765, precision=0.8269
2026-03-12 22:29:08 | INFO | [Epoch 057] total_loss=0.001557, g_inv_mean=0.525295, g_spec_mean=0.474705, lr=0.000631, time=1.11s
2026-03-12 22:29:11 | INFO | Validation — loss=0.3851, acc=0.8492, f1=0.842, recall=0.8894, precision=0.8392
2026-03-12 22:29:12 | INFO | [Epoch 058] total_loss=0.001491, g_inv_mean=0.525321, g_spec_mean=0.474679, lr=0.000646, time=1.16s
2026-03-12 22:29:14 | INFO | Validation — loss=0.3993, acc=0.8421, f1=0.8351, recall=0.8842, precision=0.8341
2026-03-12 22:29:15 | INFO | [Epoch 059] total_loss=0.001387, g_inv_mean=0.524993, g_spec_mean=0.475007, lr=0.000660, time=1.10s
2026-03-12 22:29:18 | INFO | Validation — loss=0.4239, acc=0.8263, f1=0.8198, recall=0.8726, precision=0.8234
2026-03-12 22:29:19 | INFO | [Epoch 060] total_loss=0.001302, g_inv_mean=0.525138, g_spec_mean=0.474862, lr=0.000675, time=1.17s
2026-03-12 22:29:22 | INFO | Validation — loss=0.4538, acc=0.8085, f1=0.8026, recall=0.8596, precision=0.8121
2026-03-12 22:29:23 | INFO | [Epoch 061] total_loss=0.001279, g_inv_mean=0.525106, g_spec_mean=0.474894, lr=0.000689, time=1.11s
2026-03-12 22:29:25 | INFO | Validation — loss=0.4391, acc=0.8156, f1=0.8095, recall=0.8648, precision=0.8165
2026-03-12 22:29:27 | INFO | [Epoch 062] total_loss=0.001147, g_inv_mean=0.525207, g_spec_mean=0.474793, lr=0.000703, time=1.13s
2026-03-12 22:29:29 | INFO | Validation — loss=0.4727, acc=0.8045, f1=0.7988, recall=0.8567, precision=0.8097
2026-03-12 22:29:30 | INFO | [Epoch 063] total_loss=0.001313, g_inv_mean=0.525164, g_spec_mean=0.474836, lr=0.000717, time=1.13s
2026-03-12 22:29:33 | INFO | Validation — loss=0.4902, acc=0.7938, f1=0.7886, recall=0.8488, precision=0.8034
2026-03-12 22:29:34 | INFO | [Epoch 064] total_loss=0.001102, g_inv_mean=0.525425, g_spec_mean=0.474575, lr=0.000731, time=1.04s
2026-03-12 22:29:36 | INFO | Validation — loss=0.4501, acc=0.8074, f1=0.8016, recall=0.8588, precision=0.8114
2026-03-12 22:29:37 | INFO | [Epoch 065] total_loss=0.001059, g_inv_mean=0.525079, g_spec_mean=0.474921, lr=0.000744, time=1.05s
2026-03-12 22:29:39 | INFO | Validation — loss=0.4513, acc=0.804, f1=0.7984, recall=0.8563, precision=0.8094
2026-03-12 22:29:40 | INFO | [Epoch 066] total_loss=0.000931, g_inv_mean=0.525138, g_spec_mean=0.474862, lr=0.000758, time=1.02s
2026-03-12 22:29:43 | INFO | Validation — loss=0.4224, acc=0.8225, f1=0.8161, recall=0.8699, precision=0.8209
2026-03-12 22:29:44 | INFO | [Epoch 067] total_loss=0.000868, g_inv_mean=0.525096, g_spec_mean=0.474904, lr=0.000771, time=1.05s
2026-03-12 22:29:46 | INFO | Validation — loss=0.4344, acc=0.8181, f1=0.8118, recall=0.8666, precision=0.8181
2026-03-12 22:29:47 | INFO | [Epoch 068] total_loss=0.001230, g_inv_mean=0.525386, g_spec_mean=0.474614, lr=0.000784, time=1.06s
2026-03-12 22:29:49 | INFO | Validation — loss=0.4650, acc=0.8072, f1=0.8014, recall=0.8586, precision=0.8113
2026-03-12 22:29:50 | INFO | [Epoch 069] total_loss=0.000934, g_inv_mean=0.525472, g_spec_mean=0.474528, lr=0.000796, time=1.01s
2026-03-12 22:29:53 | INFO | Validation — loss=0.4846, acc=0.7989, f1=0.7935, recall=0.8526, precision=0.8063
2026-03-12 22:29:54 | INFO | [Epoch 070] total_loss=0.000863, g_inv_mean=0.525207, g_spec_mean=0.474793, lr=0.000808, time=1.02s
2026-03-12 22:29:56 | INFO | Validation — loss=0.5061, acc=0.7883, f1=0.7832, recall=0.8447, precision=0.8002
2026-03-12 22:29:57 | INFO | [Epoch 071] total_loss=0.000795, g_inv_mean=0.525368, g_spec_mean=0.474632, lr=0.000820, time=1.02s
2026-03-12 22:29:59 | INFO | Validation — loss=0.4919, acc=0.792, f1=0.7869, recall=0.8475, precision=0.8023
2026-03-12 22:30:00 | INFO | [Epoch 072] total_loss=0.000843, g_inv_mean=0.524972, g_spec_mean=0.475028, lr=0.000832, time=1.03s
2026-03-12 22:30:03 | INFO | Validation — loss=0.4844, acc=0.7923, f1=0.7871, recall=0.8477, precision=0.8025
2026-03-12 22:30:04 | INFO | [Epoch 073] total_loss=0.000792, g_inv_mean=0.525268, g_spec_mean=0.474732, lr=0.000844, time=1.03s
2026-03-12 22:30:06 | INFO | Validation — loss=0.4817, acc=0.7949, f1=0.7896, recall=0.8496, precision=0.804
2026-03-12 22:30:07 | INFO | [Epoch 074] total_loss=0.000750, g_inv_mean=0.525164, g_spec_mean=0.474836, lr=0.000855, time=1.01s
2026-03-12 22:30:10 | INFO | Validation — loss=0.4583, acc=0.8089, f1=0.8031, recall=0.8599, precision=0.8124
2026-03-12 22:30:11 | INFO | [Epoch 075] total_loss=0.000733, g_inv_mean=0.525229, g_spec_mean=0.474771, lr=0.000866, time=1.02s
2026-03-12 22:30:13 | INFO | Validation — loss=0.4833, acc=0.8014, f1=0.7958, recall=0.8544, precision=0.8078
2026-03-12 22:30:14 | INFO | [Epoch 076] total_loss=0.000679, g_inv_mean=0.524987, g_spec_mean=0.475013, lr=0.000876, time=1.05s
2026-03-12 22:30:16 | INFO | Validation — loss=0.5177, acc=0.7907, f1=0.7856, recall=0.8465, precision=0.8016
2026-03-12 22:30:17 | INFO | [Epoch 077] total_loss=0.000605, g_inv_mean=0.525020, g_spec_mean=0.474980, lr=0.000886, time=1.03s
2026-03-12 22:30:20 | INFO | Validation — loss=0.5300, acc=0.786, f1=0.7811, recall=0.8431, precision=0.7989
2026-03-12 22:30:21 | INFO | [Epoch 078] total_loss=0.000698, g_inv_mean=0.525273, g_spec_mean=0.474727, lr=0.000896, time=1.02s
2026-03-12 22:30:23 | INFO | Validation — loss=0.5020, acc=0.7934, f1=0.7881, recall=0.8485, precision=0.8031
2026-03-12 22:30:24 | INFO | [Epoch 079] total_loss=0.000703, g_inv_mean=0.525258, g_spec_mean=0.474742, lr=0.000905, time=1.02s
2026-03-12 22:30:26 | INFO | Validation — loss=0.5218, acc=0.78, f1=0.7754, recall=0.8387, precision=0.7956
2026-03-12 22:30:27 | INFO | [Epoch 080] total_loss=0.000667, g_inv_mean=0.525069, g_spec_mean=0.474931, lr=0.000914, time=1.00s
2026-03-12 22:30:30 | INFO | Validation — loss=0.5140, acc=0.7831, f1=0.7783, recall=0.841, precision=0.7973
2026-03-12 22:30:31 | INFO | [Epoch 081] total_loss=0.000677, g_inv_mean=0.525310, g_spec_mean=0.474690, lr=0.000923, time=1.04s
2026-03-12 22:30:33 | INFO | Validation — loss=0.4796, acc=0.7976, f1=0.7922, recall=0.8516, precision=0.8056
2026-03-12 22:30:34 | INFO | [Epoch 082] total_loss=0.000527, g_inv_mean=0.525262, g_spec_mean=0.474738, lr=0.000931, time=1.04s
2026-03-12 22:30:36 | INFO | Validation — loss=0.3807, acc=0.849, f1=0.8418, recall=0.8893, precision=0.839
2026-03-12 22:30:37 | INFO | [Epoch 083] total_loss=0.000544, g_inv_mean=0.525112, g_spec_mean=0.474888, lr=0.000938, time=1.03s
2026-03-12 22:30:40 | INFO | Validation — loss=0.3331, acc=0.8721, f1=0.8646, recall=0.9062, precision=0.8566
2026-03-12 22:30:41 | INFO | [Epoch 084] total_loss=0.000625, g_inv_mean=0.524986, g_spec_mean=0.475014, lr=0.000946, time=1.02s
2026-03-12 22:30:43 | INFO | Validation — loss=0.3071, acc=0.883, f1=0.8754, recall=0.9142, precision=0.8655
2026-03-12 22:30:44 | INFO | [Epoch 085] total_loss=0.000539, g_inv_mean=0.525175, g_spec_mean=0.474825, lr=0.000953, time=1.05s
2026-03-12 22:30:46 | INFO | Validation — loss=0.3126, acc=0.8819, f1=0.8743, recall=0.9134, precision=0.8646
2026-03-12 22:30:48 | INFO | [Epoch 086] total_loss=0.000562, g_inv_mean=0.524883, g_spec_mean=0.475117, lr=0.000959, time=1.06s
2026-03-12 22:30:50 | INFO | Validation — loss=0.3247, acc=0.8759, f1=0.8683, recall=0.909, precision=0.8597
2026-03-12 22:30:51 | INFO | [Epoch 087] total_loss=0.000430, g_inv_mean=0.525237, g_spec_mean=0.474763, lr=0.000965, time=1.03s
2026-03-12 22:30:53 | INFO | Validation — loss=0.3473, acc=0.8652, f1=0.8577, recall=0.9012, precision=0.8512
2026-03-12 22:30:54 | INFO | [Epoch 088] total_loss=0.000469, g_inv_mean=0.525293, g_spec_mean=0.474707, lr=0.000971, time=1.00s
2026-03-12 22:30:57 | INFO | Validation — loss=0.3718, acc=0.8476, f1=0.8405, recall=0.8883, precision=0.8381
2026-03-12 22:30:58 | INFO | [Epoch 089] total_loss=0.000543, g_inv_mean=0.525138, g_spec_mean=0.474862, lr=0.000976, time=1.04s
2026-03-12 22:31:00 | INFO | Validation — loss=0.4182, acc=0.8307, f1=0.8241, recall=0.8759, precision=0.8263
2026-03-12 22:31:01 | INFO | [Epoch 090] total_loss=0.000449, g_inv_mean=0.525057, g_spec_mean=0.474943, lr=0.000980, time=1.04s
2026-03-12 22:31:03 | INFO | Validation — loss=0.4088, acc=0.8372, f1=0.8303, recall=0.8806, precision=0.8307
2026-03-12 22:31:04 | INFO | [Epoch 091] total_loss=0.000409, g_inv_mean=0.525436, g_spec_mean=0.474564, lr=0.000984, time=1.05s
2026-03-12 22:31:07 | INFO | Validation — loss=0.4289, acc=0.8294, f1=0.8228, recall=0.8749, precision=0.8254
2026-03-12 22:31:08 | INFO | [Epoch 092] total_loss=0.000369, g_inv_mean=0.525050, g_spec_mean=0.474950, lr=0.000988, time=1.03s
2026-03-12 22:31:10 | INFO | Validation — loss=0.4311, acc=0.8272, f1=0.8206, recall=0.8733, precision=0.824
2026-03-12 22:31:11 | INFO | [Epoch 093] total_loss=0.000411, g_inv_mean=0.525190, g_spec_mean=0.474810, lr=0.000991, time=1.01s
2026-03-12 22:31:13 | INFO | Validation — loss=0.4187, acc=0.8316, f1=0.8249, recall=0.8765, precision=0.8269
2026-03-12 22:31:14 | INFO | [Epoch 094] total_loss=0.000381, g_inv_mean=0.525077, g_spec_mean=0.474923, lr=0.000994, time=1.04s
2026-03-12 22:31:17 | INFO | Validation — loss=0.4235, acc=0.8278, f1=0.8213, recall=0.8738, precision=0.8244
2026-03-12 22:31:18 | INFO | [Epoch 095] total_loss=0.000379, g_inv_mean=0.525270, g_spec_mean=0.474730, lr=0.000996, time=1.01s
2026-03-12 22:31:20 | INFO | Validation — loss=0.4226, acc=0.8285, f1=0.8219, recall=0.8743, precision=0.8249
2026-03-12 22:31:21 | INFO | [Epoch 096] total_loss=0.000362, g_inv_mean=0.525071, g_spec_mean=0.474929, lr=0.000998, time=1.02s
2026-03-12 22:31:23 | INFO | Validation — loss=0.4393, acc=0.8241, f1=0.8176, recall=0.871, precision=0.8219
2026-03-12 22:31:25 | INFO | [Epoch 097] total_loss=0.000332, g_inv_mean=0.525170, g_spec_mean=0.474830, lr=0.000999, time=1.04s
2026-03-12 22:31:27 | INFO | Validation — loss=0.4403, acc=0.8243, f1=0.8178, recall=0.8712, precision=0.8221
2026-03-12 22:31:28 | INFO | [Epoch 098] total_loss=0.000323, g_inv_mean=0.525213, g_spec_mean=0.474787, lr=0.001000, time=1.03s
2026-03-12 22:31:30 | INFO | Validation — loss=0.4365, acc=0.8267, f1=0.8202, recall=0.873, precision=0.8237
2026-03-12 22:31:31 | INFO | [Epoch 099] total_loss=0.000328, g_inv_mean=0.525175, g_spec_mean=0.474825, lr=0.001000, time=1.05s
2026-03-12 22:31:34 | INFO | Validation — loss=0.4166, acc=0.8341, f1=0.8273, recall=0.8783, precision=0.8286
2026-03-12 22:31:34 | INFO | Training complete.
2026-03-12 22:31:34 | INFO | Best checkpoint: ./save/moe_dual_branch/moe_dual_branch_WESADDataset/finetuned_best_0.pt
2026-03-12 22:31:46 | INFO | [Epoch 000] total_loss=0.704620, g_inv_mean=0.526149, g_spec_mean=0.473851, lr=0.000100, time=1.15s
2026-03-12 22:31:48 | INFO | Validation — loss=0.7048, acc=0.2931, f1=0.2267, recall=0.5, precision=0.1466
2026-03-12 22:31:48 | INFO | Best model logged 0.2267
2026-03-12 22:31:50 | INFO | [Epoch 001] total_loss=0.691115, g_inv_mean=0.525950, g_spec_mean=0.474050, lr=0.000100, time=1.11s
2026-03-12 22:31:52 | INFO | Validation — loss=0.7008, acc=0.3208, f1=0.2789, recall=0.5074, precision=0.5309
2026-03-12 22:31:52 | INFO | Best model logged 0.2789
2026-03-12 22:31:53 | INFO | [Epoch 002] total_loss=0.670431, g_inv_mean=0.525933, g_spec_mean=0.474067, lr=0.000100, time=1.14s
2026-03-12 22:31:55 | INFO | Validation — loss=0.6948, acc=0.5168, f1=0.3704, recall=0.3828, precision=0.3606
2026-03-12 22:31:55 | INFO | Best model logged 0.3704
2026-03-12 22:31:57 | INFO | [Epoch 003] total_loss=0.647127, g_inv_mean=0.526439, g_spec_mean=0.473561, lr=0.000100, time=1.11s
2026-03-12 22:31:59 | INFO | Validation — loss=0.6850, acc=0.5694, f1=0.3648, recall=0.4037, precision=0.3336
2026-03-12 22:32:00 | INFO | [Epoch 004] total_loss=0.616752, g_inv_mean=0.526669, g_spec_mean=0.473331, lr=0.000100, time=1.11s
2026-03-12 22:32:02 | INFO | Validation — loss=0.6795, acc=0.5696, f1=0.3649, recall=0.4039, precision=0.3336
2026-03-12 22:32:04 | INFO | [Epoch 005] total_loss=0.583197, g_inv_mean=0.526598, g_spec_mean=0.473402, lr=0.000100, time=1.12s
2026-03-12 22:32:06 | INFO | Validation — loss=0.6678, acc=0.586, f1=0.3695, recall=0.4145, precision=0.3333
2026-03-12 22:32:07 | INFO | [Epoch 006] total_loss=0.541865, g_inv_mean=0.526555, g_spec_mean=0.473445, lr=0.000101, time=1.11s
2026-03-12 22:32:09 | INFO | Validation — loss=0.6607, acc=0.578, f1=0.3842, recall=0.4173, precision=0.3626
2026-03-12 22:32:09 | INFO | Best model logged 0.3842
2026-03-12 22:32:11 | INFO | [Epoch 007] total_loss=0.496689, g_inv_mean=0.526104, g_spec_mean=0.473896, lr=0.000102, time=1.10s
2026-03-12 22:32:13 | INFO | Validation — loss=0.6579, acc=0.5579, f1=0.3991, recall=0.4165, precision=0.3888
2026-03-12 22:32:13 | INFO | Best model logged 0.3991
2026-03-12 22:32:14 | INFO | [Epoch 008] total_loss=0.450154, g_inv_mean=0.525702, g_spec_mean=0.474298, lr=0.000104, time=1.10s
2026-03-12 22:32:17 | INFO | Validation — loss=0.6259, acc=0.681, f1=0.4093, recall=0.4831, precision=0.374
2026-03-12 22:32:17 | INFO | Best model logged 0.4093
2026-03-12 22:32:18 | INFO | [Epoch 009] total_loss=0.401255, g_inv_mean=0.525904, g_spec_mean=0.474096, lr=0.000106, time=1.10s
2026-03-12 22:32:21 | INFO | Validation — loss=0.6664, acc=0.5279, f1=0.4549, recall=0.4542, precision=0.4578
2026-03-12 22:32:21 | INFO | Best model logged 0.4549
2026-03-12 22:32:22 | INFO | [Epoch 010] total_loss=0.351805, g_inv_mean=0.526003, g_spec_mean=0.473997, lr=0.000109, time=1.11s
2026-03-12 22:32:24 | INFO | Validation — loss=0.6091, acc=0.6285, f1=0.47, recall=0.4853, precision=0.4773
2026-03-12 22:32:24 | INFO | Best model logged 0.47
2026-03-12 22:32:25 | INFO | [Epoch 011] total_loss=0.309246, g_inv_mean=0.525756, g_spec_mean=0.474244, lr=0.000112, time=1.13s
2026-03-12 22:32:28 | INFO | Validation — loss=0.6738, acc=0.5381, f1=0.5037, recall=0.5178, precision=0.515
2026-03-12 22:32:28 | INFO | Best model logged 0.5037
2026-03-12 22:32:29 | INFO | [Epoch 012] total_loss=0.263222, g_inv_mean=0.526036, g_spec_mean=0.473964, lr=0.000116, time=1.09s
2026-03-12 22:32:31 | INFO | Validation — loss=0.6132, acc=0.5872, f1=0.486, recall=0.4869, precision=0.486
2026-03-12 22:32:33 | INFO | [Epoch 013] total_loss=0.222822, g_inv_mean=0.525463, g_spec_mean=0.474537, lr=0.000120, time=1.10s
2026-03-12 22:32:35 | INFO | Validation — loss=0.6293, acc=0.5955, f1=0.4842, recall=0.4866, precision=0.4849
2026-03-12 22:32:36 | INFO | [Epoch 014] total_loss=0.180972, g_inv_mean=0.525977, g_spec_mean=0.474023, lr=0.000124, time=1.11s
2026-03-12 22:32:38 | INFO | Validation — loss=0.6440, acc=0.6693, f1=0.6564, recall=0.7108, precision=0.6748
2026-03-12 22:32:38 | INFO | Best model logged 0.6564
2026-03-12 22:32:40 | INFO | [Epoch 015] total_loss=0.146369, g_inv_mean=0.525883, g_spec_mean=0.474117, lr=0.000129, time=1.09s
2026-03-12 22:32:42 | INFO | Validation — loss=0.5944, acc=0.5819, f1=0.451, recall=0.4583, precision=0.4495
2026-03-12 22:32:43 | INFO | [Epoch 016] total_loss=0.127779, g_inv_mean=0.525771, g_spec_mean=0.474229, lr=0.000135, time=1.15s
2026-03-12 22:32:45 | INFO | Validation — loss=0.6505, acc=0.5946, f1=0.549, recall=0.5587, precision=0.5512
2026-03-12 22:32:47 | INFO | [Epoch 017] total_loss=0.108319, g_inv_mean=0.525685, g_spec_mean=0.474315, lr=0.000141, time=1.09s
2026-03-12 22:32:49 | INFO | Validation — loss=0.7684, acc=0.6001, f1=0.5994, recall=0.7031, precision=0.6889
2026-03-12 22:32:50 | INFO | [Epoch 018] total_loss=0.094540, g_inv_mean=0.525722, g_spec_mean=0.474278, lr=0.000147, time=1.10s
2026-03-12 22:32:52 | INFO | Validation — loss=0.6715, acc=0.6229, f1=0.5813, recall=0.5942, precision=0.5819
2026-03-12 22:32:53 | INFO | [Epoch 019] total_loss=0.069192, g_inv_mean=0.525914, g_spec_mean=0.474086, lr=0.000154, time=1.12s
2026-03-12 22:32:56 | INFO | Validation — loss=0.6015, acc=0.7136, f1=0.6895, recall=0.7219, precision=0.6877
2026-03-12 22:32:56 | INFO | Best model logged 0.6895
2026-03-12 22:32:57 | INFO | [Epoch 020] total_loss=0.058812, g_inv_mean=0.525753, g_spec_mean=0.474247, lr=0.000162, time=1.11s
2026-03-12 22:32:59 | INFO | Validation — loss=0.4938, acc=0.7334, f1=0.5654, recall=0.5745, precision=0.6982
2026-03-12 22:33:00 | INFO | [Epoch 021] total_loss=0.046341, g_inv_mean=0.525934, g_spec_mean=0.474066, lr=0.000169, time=1.09s
2026-03-12 22:33:03 | INFO | Validation — loss=0.6039, acc=0.7166, f1=0.6816, recall=0.6991, precision=0.6759
2026-03-12 22:33:04 | INFO | [Epoch 022] total_loss=0.035661, g_inv_mean=0.525968, g_spec_mean=0.474032, lr=0.000177, time=1.11s
2026-03-12 22:33:06 | INFO | Validation — loss=0.7815, acc=0.6808, f1=0.6579, recall=0.6923, precision=0.6611
2026-03-12 22:33:07 | INFO | [Epoch 023] total_loss=0.031344, g_inv_mean=0.525764, g_spec_mean=0.474236, lr=0.000186, time=1.14s
2026-03-12 22:33:10 | INFO | Validation — loss=0.6668, acc=0.6658, f1=0.6221, recall=0.6335, precision=0.6191
2026-03-12 22:33:11 | INFO | [Epoch 024] total_loss=0.024266, g_inv_mean=0.526019, g_spec_mean=0.473981, lr=0.000195, time=1.11s
2026-03-12 22:33:13 | INFO | Validation — loss=0.5152, acc=0.7096, f1=0.6356, recall=0.6311, precision=0.6427
2026-03-12 22:33:14 | INFO | [Epoch 025] total_loss=0.019531, g_inv_mean=0.525814, g_spec_mean=0.474186, lr=0.000204, time=1.12s
2026-03-12 22:33:17 | INFO | Validation — loss=0.5378, acc=0.7198, f1=0.4846, recall=0.5312, precision=0.7131
2026-03-12 22:33:18 | INFO | [Epoch 026] total_loss=0.018073, g_inv_mean=0.525923, g_spec_mean=0.474077, lr=0.000214, time=1.08s
2026-03-12 22:33:20 | INFO | Validation — loss=0.5104, acc=0.7193, f1=0.5193, recall=0.5459, precision=0.6639
2026-03-12 22:33:21 | INFO | [Epoch 027] total_loss=0.014940, g_inv_mean=0.525687, g_spec_mean=0.474313, lr=0.000224, time=1.16s
2026-03-12 22:33:24 | INFO | Validation — loss=0.5206, acc=0.7196, f1=0.518, recall=0.5454, precision=0.6661
2026-03-12 22:33:25 | INFO | [Epoch 028] total_loss=0.012802, g_inv_mean=0.525575, g_spec_mean=0.474425, lr=0.000234, time=1.09s
2026-03-12 22:33:27 | INFO | Validation — loss=0.5130, acc=0.7251, f1=0.6707, recall=0.672, precision=0.6695
2026-03-12 22:33:28 | INFO | [Epoch 029] total_loss=0.010885, g_inv_mean=0.525763, g_spec_mean=0.474237, lr=0.000245, time=1.11s
2026-03-12 22:33:31 | INFO | Validation — loss=0.5125, acc=0.7283, f1=0.6923, recall=0.7079, precision=0.6859
2026-03-12 22:33:31 | INFO | Best model logged 0.6923
2026-03-12 22:33:32 | INFO | [Epoch 030] total_loss=0.012602, g_inv_mean=0.525901, g_spec_mean=0.474099, lr=0.000256, time=1.09s
2026-03-12 22:33:34 | INFO | Validation — loss=0.4519, acc=0.7756, f1=0.6442, recall=0.6324, precision=0.8072
2026-03-12 22:33:35 | INFO | [Epoch 031] total_loss=0.010549, g_inv_mean=0.525808, g_spec_mean=0.474192, lr=0.000268, time=1.11s
2026-03-12 22:33:38 | INFO | Validation — loss=0.4363, acc=0.8224, f1=0.7823, recall=0.7779, precision=0.7872
2026-03-12 22:33:38 | INFO | Best model logged 0.7823
2026-03-12 22:33:39 | INFO | [Epoch 032] total_loss=0.007836, g_inv_mean=0.525394, g_spec_mean=0.474606, lr=0.000280, time=1.12s
2026-03-12 22:33:41 | INFO | Validation — loss=0.5133, acc=0.7103, f1=0.6727, recall=0.6878, precision=0.6673
2026-03-12 22:33:42 | INFO | [Epoch 033] total_loss=0.007297, g_inv_mean=0.525580, g_spec_mean=0.474420, lr=0.000292, time=1.09s
2026-03-12 22:33:45 | INFO | Validation — loss=0.5666, acc=0.6518, f1=0.5873, recall=0.589, precision=0.586
2026-03-12 22:33:46 | INFO | [Epoch 034] total_loss=0.005810, g_inv_mean=0.525597, g_spec_mean=0.474403, lr=0.000304, time=1.15s
2026-03-12 22:33:48 | INFO | Validation — loss=0.5769, acc=0.6488, f1=0.5947, recall=0.6005, precision=0.5926
2026-03-12 22:33:49 | INFO | [Epoch 035] total_loss=0.005467, g_inv_mean=0.525647, g_spec_mean=0.474352, lr=0.000316, time=1.09s
2026-03-12 22:33:51 | INFO | Validation — loss=0.5537, acc=0.6635, f1=0.6042, recall=0.6073, precision=0.6022
2026-03-12 22:33:53 | INFO | [Epoch 036] total_loss=0.004661, g_inv_mean=0.525528, g_spec_mean=0.474472, lr=0.000329, time=1.09s
2026-03-12 22:33:55 | INFO | Validation — loss=0.5542, acc=0.6561, f1=0.5978, recall=0.6016, precision=0.5958
2026-03-12 22:33:56 | INFO | [Epoch 037] total_loss=0.004671, g_inv_mean=0.525708, g_spec_mean=0.474292, lr=0.000342, time=1.14s
2026-03-12 22:33:58 | INFO | Validation — loss=0.5456, acc=0.6554, f1=0.5878, recall=0.5887, precision=0.5872
2026-03-12 22:34:00 | INFO | [Epoch 038] total_loss=0.004109, g_inv_mean=0.525798, g_spec_mean=0.474202, lr=0.000356, time=1.08s
2026-03-12 22:34:02 | INFO | Validation — loss=0.5798, acc=0.6439, f1=0.5984, recall=0.6088, precision=0.5967
2026-03-12 22:34:03 | INFO | [Epoch 039] total_loss=0.004006, g_inv_mean=0.525514, g_spec_mean=0.474486, lr=0.000369, time=1.09s
2026-03-12 22:34:05 | INFO | Validation — loss=0.6593, acc=0.6391, f1=0.6105, recall=0.6358, precision=0.6144
2026-03-12 22:34:06 | INFO | [Epoch 040] total_loss=0.003446, g_inv_mean=0.525549, g_spec_mean=0.474451, lr=0.000383, time=1.09s
2026-03-12 22:34:09 | INFO | Validation — loss=0.6509, acc=0.6301, f1=0.5933, recall=0.6101, precision=0.5946
2026-03-12 22:34:10 | INFO | [Epoch 041] total_loss=0.003278, g_inv_mean=0.525490, g_spec_mean=0.474510, lr=0.000397, time=1.11s
2026-03-12 22:34:12 | INFO | Validation — loss=0.6306, acc=0.6165, f1=0.5509, recall=0.553, precision=0.5501
2026-03-12 22:34:13 | INFO | [Epoch 042] total_loss=0.003036, g_inv_mean=0.525429, g_spec_mean=0.474571, lr=0.000411, time=1.13s
2026-03-12 22:34:16 | INFO | Validation — loss=0.5999, acc=0.6218, f1=0.5337, recall=0.5333, precision=0.5348
2026-03-12 22:34:17 | INFO | [Epoch 043] total_loss=0.002647, g_inv_mean=0.525696, g_spec_mean=0.474304, lr=0.000425, time=1.09s
2026-03-12 22:34:19 | INFO | Validation — loss=0.5870, acc=0.6354, f1=0.5753, recall=0.5788, precision=0.5738
2026-03-12 22:34:20 | INFO | [Epoch 044] total_loss=0.002390, g_inv_mean=0.525512, g_spec_mean=0.474488, lr=0.000440, time=1.13s
2026-03-12 22:34:23 | INFO | Validation — loss=0.5876, acc=0.6391, f1=0.592, recall=0.6015, precision=0.5905
2026-03-12 22:34:24 | INFO | [Epoch 045] total_loss=0.002352, g_inv_mean=0.525679, g_spec_mean=0.474322, lr=0.000454, time=1.12s
2026-03-12 22:34:26 | INFO | Validation — loss=0.6045, acc=0.628, f1=0.5724, recall=0.5778, precision=0.5712
2026-03-12 22:34:27 | INFO | [Epoch 046] total_loss=0.002122, g_inv_mean=0.525734, g_spec_mean=0.474266, lr=0.000469, time=1.11s
2026-03-12 22:34:30 | INFO | Validation — loss=0.6496, acc=0.6086, f1=0.5505, recall=0.5548, precision=0.5501
2026-03-12 22:34:31 | INFO | [Epoch 047] total_loss=0.001839, g_inv_mean=0.525687, g_spec_mean=0.474313, lr=0.000483, time=1.15s
2026-03-12 22:34:33 | INFO | Validation — loss=0.6634, acc=0.6015, f1=0.534, recall=0.5357, precision=0.5337
2026-03-12 22:34:34 | INFO | [Epoch 048] total_loss=0.001803, g_inv_mean=0.525422, g_spec_mean=0.474578, lr=0.000498, time=1.10s
2026-03-12 22:34:37 | INFO | Validation — loss=0.6797, acc=0.598, f1=0.532, recall=0.534, precision=0.5318
2026-03-12 22:34:38 | INFO | [Epoch 049] total_loss=0.001667, g_inv_mean=0.525682, g_spec_mean=0.474318, lr=0.000513, time=1.08s
2026-03-12 22:34:40 | INFO | Validation — loss=0.6629, acc=0.6024, f1=0.532, recall=0.5332, precision=0.5316
2026-03-12 22:34:41 | INFO | [Epoch 050] total_loss=0.001504, g_inv_mean=0.525654, g_spec_mean=0.474346, lr=0.000528, time=1.12s
2026-03-12 22:34:43 | INFO | Validation — loss=0.6588, acc=0.6052, f1=0.5374, recall=0.539, precision=0.5369
2026-03-12 22:34:45 | INFO | [Epoch 051] total_loss=0.001534, g_inv_mean=0.525532, g_spec_mean=0.474468, lr=0.000543, time=1.11s
2026-03-12 22:34:47 | INFO | Validation — loss=0.6629, acc=0.6031, f1=0.5219, recall=0.5219, precision=0.5218
2026-03-12 22:34:48 | INFO | [Epoch 052] total_loss=0.001335, g_inv_mean=0.525785, g_spec_mean=0.474215, lr=0.000557, time=1.10s
2026-03-12 22:34:50 | INFO | Validation — loss=0.6765, acc=0.598, f1=0.5131, recall=0.513, precision=0.5131
2026-03-12 22:34:51 | INFO | [Epoch 053] total_loss=0.001485, g_inv_mean=0.525624, g_spec_mean=0.474376, lr=0.000572, time=1.14s
2026-03-12 22:34:54 | INFO | Validation — loss=0.6826, acc=0.595, f1=0.5156, recall=0.5157, precision=0.5155
2026-03-12 22:34:55 | INFO | [Epoch 054] total_loss=0.001375, g_inv_mean=0.525611, g_spec_mean=0.474389, lr=0.000587, time=1.11s
2026-03-12 22:34:57 | INFO | Validation — loss=0.6859, acc=0.5911, f1=0.5155, recall=0.516, precision=0.5154
2026-03-12 22:34:58 | INFO | [Epoch 055] total_loss=0.001400, g_inv_mean=0.525548, g_spec_mean=0.474452, lr=0.000602, time=1.13s
2026-03-12 22:35:01 | INFO | Validation — loss=0.7367, acc=0.5999, f1=0.5686, recall=0.5894, precision=0.5753
2026-03-12 22:35:02 | INFO | [Epoch 056] total_loss=0.001311, g_inv_mean=0.525401, g_spec_mean=0.474599, lr=0.000617, time=1.16s
2026-03-12 22:35:04 | INFO | Validation — loss=0.7509, acc=0.6056, f1=0.5812, recall=0.6101, precision=0.5917
2026-03-12 22:35:06 | INFO | [Epoch 057] total_loss=0.001078, g_inv_mean=0.525676, g_spec_mean=0.474324, lr=0.000631, time=1.38s
2026-03-12 22:35:08 | INFO | Validation — loss=0.7807, acc=0.6082, f1=0.5858, recall=0.6178, precision=0.5979
2026-03-12 22:35:09 | INFO | [Epoch 058] total_loss=0.001163, g_inv_mean=0.525296, g_spec_mean=0.474704, lr=0.000646, time=1.41s
2026-03-12 22:35:12 | INFO | Validation — loss=0.7129, acc=0.6123, f1=0.5767, recall=0.5941, precision=0.5802
2026-03-12 22:35:13 | INFO | [Epoch 059] total_loss=0.001027, g_inv_mean=0.525589, g_spec_mean=0.474411, lr=0.000660, time=1.12s
2026-03-12 22:35:15 | INFO | Validation — loss=0.6675, acc=0.6121, f1=0.5556, recall=0.5605, precision=0.5551
2026-03-12 22:35:16 | INFO | [Epoch 060] total_loss=0.000957, g_inv_mean=0.525423, g_spec_mean=0.474577, lr=0.000675, time=1.15s
2026-03-12 22:35:19 | INFO | Validation — loss=0.6345, acc=0.6225, f1=0.5647, recall=0.5692, precision=0.5637
2026-03-12 22:35:20 | INFO | [Epoch 061] total_loss=0.000837, g_inv_mean=0.525346, g_spec_mean=0.474654, lr=0.000689, time=1.08s
2026-03-12 22:35:22 | INFO | Validation — loss=0.6159, acc=0.6296, f1=0.5692, recall=0.5727, precision=0.5679
2026-03-12 22:35:23 | INFO | [Epoch 062] total_loss=0.000870, g_inv_mean=0.525638, g_spec_mean=0.474362, lr=0.000703, time=1.10s
2026-03-12 22:35:26 | INFO | Validation — loss=0.6548, acc=0.6257, f1=0.584, recall=0.5969, precision=0.5843
2026-03-12 22:35:27 | INFO | [Epoch 063] total_loss=0.000875, g_inv_mean=0.525482, g_spec_mean=0.474518, lr=0.000717, time=1.10s
2026-03-12 22:35:29 | INFO | Validation — loss=0.6951, acc=0.6169, f1=0.58, recall=0.5964, precision=0.5825
2026-03-12 22:35:30 | INFO | [Epoch 064] total_loss=0.000749, g_inv_mean=0.525378, g_spec_mean=0.474622, lr=0.000731, time=1.11s
2026-03-12 22:35:32 | INFO | Validation — loss=0.7361, acc=0.6114, f1=0.5778, recall=0.5969, precision=0.5821
2026-03-12 22:35:34 | INFO | [Epoch 065] total_loss=0.000809, g_inv_mean=0.525521, g_spec_mean=0.474479, lr=0.000744, time=1.13s
2026-03-12 22:35:36 | INFO | Validation — loss=0.7626, acc=0.6095, f1=0.5817, recall=0.6066, precision=0.5893
2026-03-12 22:35:37 | INFO | [Epoch 066] total_loss=0.000663, g_inv_mean=0.525481, g_spec_mean=0.474520, lr=0.000758, time=1.10s
2026-03-12 22:35:39 | INFO | Validation — loss=0.8034, acc=0.6075, f1=0.5857, recall=0.6185, precision=0.5984
2026-03-12 22:35:41 | INFO | [Epoch 067] total_loss=0.000638, g_inv_mean=0.525671, g_spec_mean=0.474329, lr=0.000771, time=1.13s
2026-03-12 22:35:43 | INFO | Validation — loss=0.7833, acc=0.6089, f1=0.5833, recall=0.611, precision=0.5926
2026-03-12 22:35:44 | INFO | [Epoch 068] total_loss=0.000801, g_inv_mean=0.525642, g_spec_mean=0.474358, lr=0.000784, time=1.11s
2026-03-12 22:35:46 | INFO | Validation — loss=0.7428, acc=0.6093, f1=0.5749, recall=0.5931, precision=0.5791
2026-03-12 22:35:48 | INFO | [Epoch 069] total_loss=0.000621, g_inv_mean=0.525699, g_spec_mean=0.474301, lr=0.000796, time=1.08s
2026-03-12 22:35:50 | INFO | Validation — loss=0.7166, acc=0.6109, f1=0.5714, recall=0.5855, precision=0.5736
2026-03-12 22:35:51 | INFO | [Epoch 070] total_loss=0.000548, g_inv_mean=0.525494, g_spec_mean=0.474506, lr=0.000808, time=1.13s
2026-03-12 22:35:53 | INFO | Validation — loss=0.6863, acc=0.6146, f1=0.5683, recall=0.578, precision=0.5686
2026-03-12 22:35:54 | INFO | [Epoch 071] total_loss=0.000641, g_inv_mean=0.525426, g_spec_mean=0.474574, lr=0.000820, time=1.13s
2026-03-12 22:35:57 | INFO | Validation — loss=0.6677, acc=0.6222, f1=0.575, recall=0.5843, precision=0.5746
2026-03-12 22:35:58 | INFO | [Epoch 072] total_loss=0.000522, g_inv_mean=0.525396, g_spec_mean=0.474604, lr=0.000832, time=1.08s
2026-03-12 22:36:00 | INFO | Validation — loss=0.6483, acc=0.6303, f1=0.5759, recall=0.5817, precision=0.5745
2026-03-12 22:36:01 | INFO | [Epoch 073] total_loss=0.000495, g_inv_mean=0.525548, g_spec_mean=0.474452, lr=0.000844, time=1.08s
2026-03-12 22:40:30 | INFO | Resuming finetune from pretrain run with seed 0 and fold 0
2026-03-12 22:40:30 | INFO | Resuming finetune from pretrain run with seed 0 and fold 0
2026-03-12 22:40:50 | INFO | [Epoch 000] total_loss=0.705454, g_inv_mean=0.526145, g_spec_mean=0.473855, lr=0.000010, time=8.47s
2026-03-12 22:40:53 | INFO | Validation — loss=0.7061, acc=0.3181, f1=0.2413, recall=0.5, precision=0.159
2026-03-12 22:40:53 | INFO | Best model logged 0.2413
2026-03-12 22:40:54 | INFO | [Epoch 001] total_loss=0.704672, g_inv_mean=0.526135, g_spec_mean=0.473865, lr=0.000010, time=1.07s
2026-03-12 22:40:57 | INFO | Validation — loss=0.7058, acc=0.3181, f1=0.2413, recall=0.5, precision=0.159
2026-03-12 22:40:58 | INFO | [Epoch 002] total_loss=0.704246, g_inv_mean=0.525838, g_spec_mean=0.474162, lr=0.000010, time=1.08s
2026-03-12 22:41:00 | INFO | Validation — loss=0.7054, acc=0.3181, f1=0.2413, recall=0.5, precision=0.159
2026-03-12 22:41:01 | INFO | [Epoch 003] total_loss=0.702151, g_inv_mean=0.526094, g_spec_mean=0.473906, lr=0.000010, time=1.08s
2026-03-12 22:41:04 | INFO | Validation — loss=0.7051, acc=0.3181, f1=0.2413, recall=0.5, precision=0.159
2026-03-12 22:41:05 | INFO | [Epoch 004] total_loss=0.701194, g_inv_mean=0.525950, g_spec_mean=0.474050, lr=0.000010, time=1.05s
2026-03-12 22:41:07 | INFO | Validation — loss=0.7048, acc=0.3181, f1=0.2413, recall=0.5, precision=0.159
2026-03-12 22:41:08 | INFO | [Epoch 005] total_loss=0.700692, g_inv_mean=0.525650, g_spec_mean=0.474350, lr=0.000010, time=1.10s
2026-03-12 22:41:11 | INFO | Validation — loss=0.7046, acc=0.3181, f1=0.2413, recall=0.5, precision=0.159
2026-03-12 22:41:12 | INFO | [Epoch 006] total_loss=0.699677, g_inv_mean=0.525813, g_spec_mean=0.474187, lr=0.000010, time=1.09s
2026-03-12 22:41:14 | INFO | Validation — loss=0.7043, acc=0.3181, f1=0.2413, recall=0.5, precision=0.159
2026-03-12 22:41:15 | INFO | [Epoch 007] total_loss=0.696609, g_inv_mean=0.526043, g_spec_mean=0.473957, lr=0.000010, time=1.14s
2026-03-12 22:41:18 | INFO | Validation — loss=0.7041, acc=0.3181, f1=0.2413, recall=0.5, precision=0.159
2026-03-12 22:41:19 | INFO | [Epoch 008] total_loss=0.694189, g_inv_mean=0.525925, g_spec_mean=0.474075, lr=0.000010, time=1.18s
2026-03-12 22:41:22 | INFO | Validation — loss=0.7040, acc=0.3181, f1=0.2413, recall=0.5, precision=0.159
2026-03-12 22:41:23 | INFO | [Epoch 009] total_loss=0.691079, g_inv_mean=0.525990, g_spec_mean=0.474010, lr=0.000010, time=1.16s
2026-03-12 22:41:25 | INFO | Validation — loss=0.7040, acc=0.3181, f1=0.2413, recall=0.5, precision=0.159
2026-03-12 22:41:26 | INFO | [Epoch 010] total_loss=0.688581, g_inv_mean=0.526058, g_spec_mean=0.473942, lr=0.000010, time=1.13s
2026-03-12 22:41:29 | INFO | Validation — loss=0.7040, acc=0.3181, f1=0.2413, recall=0.5, precision=0.159
2026-03-12 22:41:30 | INFO | [Epoch 011] total_loss=0.686682, g_inv_mean=0.526007, g_spec_mean=0.473993, lr=0.000010, time=1.11s
2026-03-12 22:41:32 | INFO | Validation — loss=0.7041, acc=0.3181, f1=0.2413, recall=0.5, precision=0.159
2026-03-12 22:41:33 | INFO | [Epoch 012] total_loss=0.682782, g_inv_mean=0.525843, g_spec_mean=0.474157, lr=0.000010, time=1.20s
2026-03-12 22:41:36 | INFO | Validation — loss=0.7042, acc=0.3181, f1=0.2413, recall=0.5, precision=0.159
2026-03-12 22:41:37 | INFO | [Epoch 013] total_loss=0.679813, g_inv_mean=0.526090, g_spec_mean=0.473910, lr=0.000010, time=1.18s
2026-03-12 22:41:40 | INFO | Validation — loss=0.7045, acc=0.3181, f1=0.2413, recall=0.5, precision=0.159
2026-03-12 22:41:41 | INFO | [Epoch 014] total_loss=0.676357, g_inv_mean=0.526401, g_spec_mean=0.473599, lr=0.000010, time=1.11s
2026-03-12 22:41:43 | INFO | Validation — loss=0.7047, acc=0.3181, f1=0.2413, recall=0.5, precision=0.159
2026-03-12 22:41:44 | INFO | [Epoch 015] total_loss=0.672390, g_inv_mean=0.525877, g_spec_mean=0.474123, lr=0.000010, time=1.10s
2026-03-12 22:41:47 | INFO | Validation — loss=0.7047, acc=0.3181, f1=0.2413, recall=0.5, precision=0.159
2026-03-12 22:41:48 | INFO | [Epoch 016] total_loss=0.668533, g_inv_mean=0.526406, g_spec_mean=0.473594, lr=0.000010, time=1.14s
2026-03-12 22:41:51 | INFO | Validation — loss=0.7050, acc=0.3181, f1=0.2413, recall=0.5, precision=0.159
2026-03-12 22:41:52 | INFO | [Epoch 017] total_loss=0.664221, g_inv_mean=0.526479, g_spec_mean=0.473521, lr=0.000010, time=1.12s
2026-03-12 22:41:54 | INFO | Validation — loss=0.7054, acc=0.3181, f1=0.2413, recall=0.5, precision=0.159
2026-03-12 22:41:55 | INFO | [Epoch 018] total_loss=0.661522, g_inv_mean=0.526123, g_spec_mean=0.473877, lr=0.000010, time=1.07s
2026-03-12 22:41:58 | INFO | Validation — loss=0.7061, acc=0.3181, f1=0.2413, recall=0.5, precision=0.159
2026-03-12 22:41:59 | INFO | [Epoch 019] total_loss=0.656919, g_inv_mean=0.526257, g_spec_mean=0.473743, lr=0.000010, time=1.12s
2026-03-12 22:42:02 | INFO | Validation — loss=0.7068, acc=0.3181, f1=0.2413, recall=0.5, precision=0.159
2026-03-12 22:42:03 | INFO | [Epoch 020] total_loss=0.652664, g_inv_mean=0.526278, g_spec_mean=0.473722, lr=0.000010, time=1.16s
2026-03-12 22:42:05 | INFO | Validation — loss=0.7076, acc=0.3181, f1=0.2413, recall=0.5, precision=0.159
2026-03-12 22:42:06 | INFO | [Epoch 021] total_loss=0.648346, g_inv_mean=0.526020, g_spec_mean=0.473980, lr=0.000010, time=1.12s
2026-03-12 22:42:09 | INFO | Validation — loss=0.7083, acc=0.3181, f1=0.2413, recall=0.5, precision=0.159
2026-03-12 22:42:10 | INFO | [Epoch 022] total_loss=0.642694, g_inv_mean=0.526645, g_spec_mean=0.473355, lr=0.000010, time=1.12s
2026-03-12 22:42:12 | INFO | Validation — loss=0.7079, acc=0.3181, f1=0.2413, recall=0.5, precision=0.159
2026-03-12 22:42:14 | INFO | [Epoch 023] total_loss=0.638309, g_inv_mean=0.526568, g_spec_mean=0.473432, lr=0.000010, time=1.15s
2026-03-12 22:42:16 | INFO | Validation — loss=0.7082, acc=0.3181, f1=0.2413, recall=0.5, precision=0.159
2026-03-12 22:42:17 | INFO | [Epoch 024] total_loss=0.634211, g_inv_mean=0.526418, g_spec_mean=0.473582, lr=0.000010, time=1.12s
2026-03-12 22:42:20 | INFO | Validation — loss=0.7094, acc=0.3181, f1=0.2413, recall=0.5, precision=0.159
2026-03-12 22:42:21 | INFO | [Epoch 025] total_loss=0.629616, g_inv_mean=0.526288, g_spec_mean=0.473712, lr=0.000010, time=1.15s
2026-03-12 22:42:23 | INFO | Validation — loss=0.7099, acc=0.3181, f1=0.2413, recall=0.5, precision=0.159
2026-03-12 22:42:23 | INFO | Early stopping at epoch 25. Best: 0.241300
2026-03-12 22:42:23 | INFO | Training complete.
2026-03-12 22:42:23 | INFO | Best checkpoint: ./save/moe_dual_branch/moe_dual_branch_WESADDataset/finetuned_best_0.pt
2026-03-12 22:42:37 | INFO | [Epoch 000] total_loss=0.708756, g_inv_mean=0.526060, g_spec_mean=0.473940, lr=0.000010, time=1.41s
2026-03-12 22:42:40 | INFO | Validation — loss=0.7092, acc=0.2931, f1=0.2267, recall=0.5, precision=0.1466
2026-03-12 22:42:40 | INFO | Best model logged 0.2267
2026-03-12 22:42:41 | INFO | [Epoch 001] total_loss=0.708099, g_inv_mean=0.525955, g_spec_mean=0.474045, lr=0.000010, time=1.40s
2026-03-12 22:42:44 | INFO | Validation — loss=0.7089, acc=0.2931, f1=0.2267, recall=0.5, precision=0.1466
2026-03-12 22:42:45 | INFO | [Epoch 002] total_loss=0.704726, g_inv_mean=0.525984, g_spec_mean=0.474016, lr=0.000010, time=1.33s
2026-03-12 22:42:48 | INFO | Validation — loss=0.7084, acc=0.2931, f1=0.2267, recall=0.5, precision=0.1466
2026-03-12 22:42:49 | INFO | [Epoch 003] total_loss=0.705021, g_inv_mean=0.526328, g_spec_mean=0.473672, lr=0.000010, time=1.34s
2026-03-12 22:42:52 | INFO | Validation — loss=0.7079, acc=0.2931, f1=0.2267, recall=0.5, precision=0.1466
2026-03-12 22:42:53 | INFO | [Epoch 004] total_loss=0.702660, g_inv_mean=0.526546, g_spec_mean=0.473454, lr=0.000010, time=1.32s
2026-03-12 22:42:56 | INFO | Validation — loss=0.7074, acc=0.2931, f1=0.2267, recall=0.5, precision=0.1466
2026-03-12 22:42:57 | INFO | [Epoch 005] total_loss=0.701523, g_inv_mean=0.526502, g_spec_mean=0.473498, lr=0.000010, time=1.38s
2026-03-12 22:43:00 | INFO | Validation — loss=0.7069, acc=0.2931, f1=0.2267, recall=0.5, precision=0.1466
2026-03-12 22:43:01 | INFO | [Epoch 006] total_loss=0.699239, g_inv_mean=0.526271, g_spec_mean=0.473729, lr=0.000010, time=1.40s
2026-03-12 22:43:04 | INFO | Validation — loss=0.7063, acc=0.2931, f1=0.2267, recall=0.5, precision=0.1466
2026-03-12 22:43:05 | INFO | [Epoch 007] total_loss=0.698160, g_inv_mean=0.526019, g_spec_mean=0.473981, lr=0.000010, time=1.39s
2026-03-12 22:43:08 | INFO | Validation — loss=0.7058, acc=0.2931, f1=0.2267, recall=0.5, precision=0.1466
