2026-03-12 23:24:23 | INFO | === Run 1/1 | seed=0 ===
2026-03-12 23:24:23 | INFO | Output dir: ./save/pretrain/contrastive/cnn_subject_3label/cnn_subject_3label_SWELLDataset_Mar_12_2026_23-24-18
2026-03-12 23:24:40 | INFO | Model.forward signature: (batch)
2026-03-12 23:25:28 | INFO | [Epoch 000] total_loss=8.401646, lr=0.001000
2026-03-12 23:26:08 | INFO | [Epoch 001] total_loss=7.445572, lr=0.001000
2026-03-12 23:26:48 | INFO | [Epoch 002] total_loss=6.782809, lr=0.001000
2026-03-12 23:27:28 | INFO | [Epoch 003] total_loss=6.552625, lr=0.001000
2026-03-12 23:28:08 | INFO | [Epoch 004] total_loss=6.543655, lr=0.001000
2026-03-12 23:28:48 | INFO | [Epoch 005] total_loss=6.355997, lr=0.001000
2026-03-12 23:29:28 | INFO | [Epoch 006] total_loss=6.360813, lr=0.001000
2026-03-12 23:30:07 | INFO | [Epoch 007] total_loss=6.243446, lr=0.001000
2026-03-12 23:30:47 | INFO | [Epoch 008] total_loss=6.223738, lr=0.001000
2026-03-12 23:31:27 | INFO | [Epoch 009] total_loss=6.186388, lr=0.001000
2026-03-12 23:32:06 | INFO | [Epoch 010] total_loss=6.174227, lr=0.001000
2026-03-12 23:32:46 | INFO | [Epoch 011] total_loss=6.108980, lr=0.001000
2026-03-12 23:33:25 | INFO | [Epoch 012] total_loss=6.057412, lr=0.001000
2026-03-12 23:34:05 | INFO | [Epoch 013] total_loss=6.019456, lr=0.001000
2026-03-12 23:34:45 | INFO | [Epoch 014] total_loss=5.978218, lr=0.001000
2026-03-12 23:35:24 | INFO | [Epoch 015] total_loss=5.928838, lr=0.001000
2026-03-12 23:36:04 | INFO | [Epoch 016] total_loss=5.900574, lr=0.001000
2026-03-12 23:36:44 | INFO | [Epoch 017] total_loss=5.873592, lr=0.001000
2026-03-12 23:37:23 | INFO | [Epoch 018] total_loss=5.791858, lr=0.001000
2026-03-12 23:38:03 | INFO | [Epoch 019] total_loss=5.583536, lr=0.001000
2026-03-12 23:38:43 | INFO | [Epoch 020] total_loss=5.380566, lr=0.001000
2026-03-12 23:39:22 | INFO | [Epoch 021] total_loss=5.254508, lr=0.001000
2026-03-12 23:40:02 | INFO | [Epoch 022] total_loss=5.152284, lr=0.001000
2026-03-12 23:40:42 | INFO | [Epoch 023] total_loss=5.036991, lr=0.001000
2026-03-12 23:41:22 | INFO | [Epoch 024] total_loss=4.884808, lr=0.001000
2026-03-12 23:42:02 | INFO | [Epoch 025] total_loss=4.784687, lr=0.001000
2026-03-12 23:42:42 | INFO | [Epoch 026] total_loss=4.763028, lr=0.001000
2026-03-12 23:43:22 | INFO | [Epoch 027] total_loss=4.625926, lr=0.001000
2026-03-12 23:44:02 | INFO | [Epoch 028] total_loss=4.608358, lr=0.001000
2026-03-12 23:44:42 | INFO | [Epoch 029] total_loss=4.566010, lr=0.001000
2026-03-12 23:45:23 | INFO | [Epoch 030] total_loss=4.515128, lr=0.001000
2026-03-12 23:46:03 | INFO | [Epoch 031] total_loss=4.495669, lr=0.001000
2026-03-12 23:46:43 | INFO | [Epoch 032] total_loss=4.464607, lr=0.001000
2026-03-12 23:47:23 | INFO | [Epoch 033] total_loss=4.433655, lr=0.001000
2026-03-12 23:48:03 | INFO | [Epoch 034] total_loss=4.441096, lr=0.001000
2026-03-12 23:48:42 | INFO | [Epoch 035] total_loss=4.366338, lr=0.001000
2026-03-12 23:49:22 | INFO | [Epoch 036] total_loss=4.392516, lr=0.001000
2026-03-12 23:50:02 | INFO | [Epoch 037] total_loss=4.331132, lr=0.001000
2026-03-12 23:50:41 | INFO | [Epoch 038] total_loss=4.292982, lr=0.001000
2026-03-12 23:51:20 | INFO | [Epoch 039] total_loss=4.347829, lr=0.001000
2026-03-12 23:52:00 | INFO | [Epoch 040] total_loss=4.263106, lr=0.001000
2026-03-12 23:52:40 | INFO | [Epoch 041] total_loss=4.243789, lr=0.001000
2026-03-12 23:53:19 | INFO | [Epoch 042] total_loss=4.244461, lr=0.001000
2026-03-12 23:53:59 | INFO | [Epoch 043] total_loss=4.242735, lr=0.001000
2026-03-12 23:54:38 | INFO | [Epoch 044] total_loss=4.217352, lr=0.001000
2026-03-12 23:55:18 | INFO | [Epoch 045] total_loss=4.318922, lr=0.001000
2026-03-12 23:55:58 | INFO | [Epoch 046] total_loss=4.205791, lr=0.001000
2026-03-12 23:56:37 | INFO | [Epoch 047] total_loss=4.165664, lr=0.001000
2026-03-12 23:57:18 | INFO | [Epoch 048] total_loss=4.167882, lr=0.001000
2026-03-12 23:57:57 | INFO | [Epoch 049] total_loss=4.152740, lr=0.001000
2026-03-12 23:58:37 | INFO | [Epoch 050] total_loss=4.165751, lr=0.001000
2026-03-12 23:59:16 | INFO | [Epoch 051] total_loss=4.218242, lr=0.001000
2026-03-12 23:59:56 | INFO | [Epoch 052] total_loss=4.184109, lr=0.001000
2026-03-13 00:00:36 | INFO | [Epoch 053] total_loss=4.183859, lr=0.001000
2026-03-13 00:01:15 | INFO | [Epoch 054] total_loss=4.104715, lr=0.001000
2026-03-13 00:01:55 | INFO | [Epoch 055] total_loss=4.157034, lr=0.000999
2026-03-13 00:02:35 | INFO | [Epoch 056] total_loss=4.104469, lr=0.000999
2026-03-13 00:03:15 | INFO | [Epoch 057] total_loss=4.092959, lr=0.000999
2026-03-13 00:03:55 | INFO | [Epoch 058] total_loss=4.106938, lr=0.000999
2026-03-13 00:04:35 | INFO | [Epoch 059] total_loss=4.082139, lr=0.000998
2026-03-13 00:05:14 | INFO | [Epoch 060] total_loss=4.091570, lr=0.000998
2026-03-13 00:05:54 | INFO | [Epoch 061] total_loss=4.100643, lr=0.000997
2026-03-13 00:06:33 | INFO | [Epoch 062] total_loss=4.113825, lr=0.000997
2026-03-13 00:07:13 | INFO | [Epoch 063] total_loss=4.072378, lr=0.000996
2026-03-13 00:07:53 | INFO | [Epoch 064] total_loss=4.068860, lr=0.000996
2026-03-13 00:08:32 | INFO | [Epoch 065] total_loss=4.058527, lr=0.000995
2026-03-13 00:09:13 | INFO | [Epoch 066] total_loss=4.087239, lr=0.000995
2026-03-13 00:09:52 | INFO | [Epoch 067] total_loss=4.138871, lr=0.000994
2026-03-13 00:10:32 | INFO | [Epoch 068] total_loss=4.083772, lr=0.000993
2026-03-13 00:11:11 | INFO | [Epoch 069] total_loss=4.054399, lr=0.000993
2026-03-13 00:11:51 | INFO | [Epoch 070] total_loss=4.042356, lr=0.000992
2026-03-13 00:12:32 | INFO | [Epoch 071] total_loss=4.100942, lr=0.000991
2026-03-13 00:13:11 | INFO | [Epoch 072] total_loss=4.052737, lr=0.000990
2026-03-13 00:13:50 | INFO | [Epoch 073] total_loss=4.072847, lr=0.000990
2026-03-13 00:14:31 | INFO | [Epoch 074] total_loss=4.035305, lr=0.000989
2026-03-13 00:15:10 | INFO | [Epoch 075] total_loss=4.018094, lr=0.000988
2026-03-13 00:15:50 | INFO | [Epoch 076] total_loss=4.045080, lr=0.000987
2026-03-13 00:16:29 | INFO | [Epoch 077] total_loss=4.051585, lr=0.000986
2026-03-13 00:17:10 | INFO | [Epoch 078] total_loss=4.033158, lr=0.000985
2026-03-13 00:17:49 | INFO | [Epoch 079] total_loss=4.019435, lr=0.000984
2026-03-13 00:18:29 | INFO | [Epoch 080] total_loss=4.036185, lr=0.000983
2026-03-13 00:19:09 | INFO | [Epoch 081] total_loss=4.015316, lr=0.000982
2026-03-13 00:19:49 | INFO | [Epoch 082] total_loss=4.078804, lr=0.000980
2026-03-13 00:20:28 | INFO | [Epoch 083] total_loss=4.046972, lr=0.000979
2026-03-13 00:21:08 | INFO | [Epoch 084] total_loss=4.012851, lr=0.000978
2026-03-13 00:21:49 | INFO | [Epoch 085] total_loss=4.039971, lr=0.000977
2026-03-13 00:22:29 | INFO | [Epoch 086] total_loss=4.039007, lr=0.000975
2026-03-13 00:23:08 | INFO | [Epoch 087] total_loss=4.035989, lr=0.000974
2026-03-13 00:23:48 | INFO | [Epoch 088] total_loss=4.021935, lr=0.000973
2026-03-13 00:24:28 | INFO | [Epoch 089] total_loss=4.000893, lr=0.000971
2026-03-13 00:25:07 | INFO | [Epoch 090] total_loss=4.034775, lr=0.000970
2026-03-13 00:25:47 | INFO | [Epoch 091] total_loss=4.007596, lr=0.000968
2026-03-13 00:26:27 | INFO | [Epoch 092] total_loss=4.006588, lr=0.000967
2026-03-13 00:27:07 | INFO | [Epoch 093] total_loss=3.997897, lr=0.000965
2026-03-13 00:27:47 | INFO | [Epoch 094] total_loss=3.998715, lr=0.000964
2026-03-13 00:28:27 | INFO | [Epoch 095] total_loss=3.998540, lr=0.000962
2026-03-13 00:29:07 | INFO | [Epoch 096] total_loss=4.019918, lr=0.000961
2026-03-13 00:29:46 | INFO | [Epoch 097] total_loss=3.992114, lr=0.000959
2026-03-13 00:30:26 | INFO | [Epoch 098] total_loss=3.986113, lr=0.000957
2026-03-13 00:31:06 | INFO | [Epoch 099] total_loss=4.002227, lr=0.000955
2026-03-13 00:31:46 | INFO | [Epoch 100] total_loss=4.089217, lr=0.000954
2026-03-13 00:32:26 | INFO | [Epoch 101] total_loss=4.094697, lr=0.000952
2026-03-13 00:33:05 | INFO | [Epoch 102] total_loss=3.994392, lr=0.000950
2026-03-13 00:33:45 | INFO | [Epoch 103] total_loss=3.976948, lr=0.000948
2026-03-13 00:34:25 | INFO | [Epoch 104] total_loss=3.978556, lr=0.000946
2026-03-13 00:35:05 | INFO | [Epoch 105] total_loss=4.049993, lr=0.000944
2026-03-13 00:35:44 | INFO | [Epoch 106] total_loss=3.996316, lr=0.000942
2026-03-13 00:36:25 | INFO | [Epoch 107] total_loss=3.994219, lr=0.000940
2026-03-13 00:37:04 | INFO | [Epoch 108] total_loss=3.994003, lr=0.000938
2026-03-13 00:37:43 | INFO | [Epoch 109] total_loss=3.969934, lr=0.000936
2026-03-13 00:38:23 | INFO | [Epoch 110] total_loss=3.982214, lr=0.000934
2026-03-13 00:39:03 | INFO | [Epoch 111] total_loss=4.009986, lr=0.000932
2026-03-13 00:39:43 | INFO | [Epoch 112] total_loss=3.996325, lr=0.000930
2026-03-13 00:40:22 | INFO | [Epoch 113] total_loss=3.972352, lr=0.000928
2026-03-13 00:41:02 | INFO | [Epoch 114] total_loss=3.971354, lr=0.000926
2026-03-13 00:41:42 | INFO | [Epoch 115] total_loss=3.979899, lr=0.000923
2026-03-13 00:42:22 | INFO | [Epoch 116] total_loss=3.992728, lr=0.000921
2026-03-13 00:43:01 | INFO | [Epoch 117] total_loss=3.983305, lr=0.000919
2026-03-13 00:43:42 | INFO | [Epoch 118] total_loss=3.965765, lr=0.000916
2026-03-13 00:44:21 | INFO | [Epoch 119] total_loss=3.967752, lr=0.000914
2026-03-13 00:45:01 | INFO | [Epoch 120] total_loss=4.001109, lr=0.000912
2026-03-13 00:45:41 | INFO | [Epoch 121] total_loss=3.962485, lr=0.000909
2026-03-13 00:46:21 | INFO | [Epoch 122] total_loss=3.956696, lr=0.000907
2026-03-13 00:47:01 | INFO | [Epoch 123] total_loss=3.951329, lr=0.000904
2026-03-13 00:47:41 | INFO | [Epoch 124] total_loss=3.956126, lr=0.000902
2026-03-13 00:48:21 | INFO | [Epoch 125] total_loss=3.971432, lr=0.000899
2026-03-13 00:49:00 | INFO | [Epoch 126] total_loss=3.966677, lr=0.000897
2026-03-13 00:49:40 | INFO | [Epoch 127] total_loss=3.951535, lr=0.000894
2026-03-13 00:50:20 | INFO | [Epoch 128] total_loss=3.944280, lr=0.000892
2026-03-13 00:51:00 | INFO | [Epoch 129] total_loss=3.964382, lr=0.000889
2026-03-13 00:51:40 | INFO | [Epoch 130] total_loss=3.935195, lr=0.000886
2026-03-13 00:52:19 | INFO | [Epoch 131] total_loss=3.969686, lr=0.000884
2026-03-13 00:52:59 | INFO | [Epoch 132] total_loss=3.981394, lr=0.000881
2026-03-13 00:53:39 | INFO | [Epoch 133] total_loss=3.955031, lr=0.000878
2026-03-13 00:54:18 | INFO | [Epoch 134] total_loss=4.027613, lr=0.000875
2026-03-13 00:54:58 | INFO | [Epoch 135] total_loss=3.960192, lr=0.000872
2026-03-13 00:55:38 | INFO | [Epoch 136] total_loss=3.948453, lr=0.000870
2026-03-13 00:56:18 | INFO | [Epoch 137] total_loss=3.931188, lr=0.000867
2026-03-13 00:56:57 | INFO | [Epoch 138] total_loss=3.940906, lr=0.000864
2026-03-13 00:57:37 | INFO | [Epoch 139] total_loss=3.936507, lr=0.000861
2026-03-13 00:58:17 | INFO | [Epoch 140] total_loss=3.958831, lr=0.000858
2026-03-13 00:58:57 | INFO | [Epoch 141] total_loss=3.972547, lr=0.000855
2026-03-13 00:59:36 | INFO | [Epoch 142] total_loss=4.016910, lr=0.000852
2026-03-13 01:00:16 | INFO | [Epoch 143] total_loss=3.950077, lr=0.000849
2026-03-13 01:00:56 | INFO | [Epoch 144] total_loss=3.952651, lr=0.000846
2026-03-13 01:01:36 | INFO | [Epoch 145] total_loss=3.931478, lr=0.000843
2026-03-13 01:02:15 | INFO | [Epoch 146] total_loss=3.946535, lr=0.000840
2026-03-13 01:02:55 | INFO | [Epoch 147] total_loss=3.948458, lr=0.000837
2026-03-13 01:03:35 | INFO | [Epoch 148] total_loss=3.934289, lr=0.000834
2026-03-13 01:04:15 | INFO | [Epoch 149] total_loss=3.917658, lr=0.000831
2026-03-13 01:04:55 | INFO | [Epoch 150] total_loss=3.906636, lr=0.000827
2026-03-13 01:05:35 | INFO | [Epoch 151] total_loss=3.918829, lr=0.000824
2026-03-13 01:06:15 | INFO | [Epoch 152] total_loss=3.921134, lr=0.000821
2026-03-13 01:06:54 | INFO | [Epoch 153] total_loss=3.925493, lr=0.000818
2026-03-13 01:07:34 | INFO | [Epoch 154] total_loss=3.924978, lr=0.000815
2026-03-13 01:08:14 | INFO | [Epoch 155] total_loss=3.916790, lr=0.000811
2026-03-13 01:08:54 | INFO | [Epoch 156] total_loss=3.906050, lr=0.000808
2026-03-13 01:09:34 | INFO | [Epoch 157] total_loss=3.923787, lr=0.000805
2026-03-13 01:10:14 | INFO | [Epoch 158] total_loss=3.910797, lr=0.000801
2026-03-13 01:10:54 | INFO | [Epoch 159] total_loss=3.910133, lr=0.000798
2026-03-13 01:11:33 | INFO | [Epoch 160] total_loss=3.919817, lr=0.000795
2026-03-13 01:12:12 | INFO | [Epoch 161] total_loss=3.894007, lr=0.000791
2026-03-13 01:12:52 | INFO | [Epoch 162] total_loss=3.886026, lr=0.000788
2026-03-13 01:13:33 | INFO | [Epoch 163] total_loss=3.895571, lr=0.000784
2026-03-13 01:14:13 | INFO | [Epoch 164] total_loss=3.886726, lr=0.000781
2026-03-13 01:14:52 | INFO | [Epoch 165] total_loss=3.906791, lr=0.000777
2026-03-13 01:15:32 | INFO | [Epoch 166] total_loss=3.926046, lr=0.000774
2026-03-13 01:16:12 | INFO | [Epoch 167] total_loss=3.940930, lr=0.000770
2026-03-13 01:16:51 | INFO | [Epoch 168] total_loss=3.903836, lr=0.000767
2026-03-13 01:17:31 | INFO | [Epoch 169] total_loss=3.932933, lr=0.000763
2026-03-13 01:18:11 | INFO | [Epoch 170] total_loss=3.892116, lr=0.000760
2026-03-13 01:18:50 | INFO | [Epoch 171] total_loss=3.887938, lr=0.000756
2026-03-13 01:19:30 | INFO | [Epoch 172] total_loss=3.896444, lr=0.000752
2026-03-13 01:20:09 | INFO | [Epoch 173] total_loss=3.885018, lr=0.000749
2026-03-13 01:20:50 | INFO | [Epoch 174] total_loss=3.912574, lr=0.000745
2026-03-13 01:21:30 | INFO | [Epoch 175] total_loss=3.893139, lr=0.000742
2026-03-13 01:22:09 | INFO | [Epoch 176] total_loss=3.893693, lr=0.000738
2026-03-13 01:22:49 | INFO | [Epoch 177] total_loss=3.934253, lr=0.000734
2026-03-13 01:23:29 | INFO | [Epoch 178] total_loss=3.886732, lr=0.000731
2026-03-13 01:24:08 | INFO | [Epoch 179] total_loss=3.874857, lr=0.000727
2026-03-13 01:24:48 | INFO | [Epoch 180] total_loss=3.878067, lr=0.000723
2026-03-13 01:25:28 | INFO | [Epoch 181] total_loss=4.022517, lr=0.000719
2026-03-13 01:26:07 | INFO | [Epoch 182] total_loss=3.903080, lr=0.000716
2026-03-13 01:26:47 | INFO | [Epoch 183] total_loss=3.949678, lr=0.000712
2026-03-13 01:27:27 | INFO | [Epoch 184] total_loss=3.882183, lr=0.000708
2026-03-13 01:28:07 | INFO | [Epoch 185] total_loss=3.884749, lr=0.000704
2026-03-13 01:28:46 | INFO | [Epoch 186] total_loss=3.856926, lr=0.000701
2026-03-13 01:29:26 | INFO | [Epoch 187] total_loss=3.892161, lr=0.000697
2026-03-13 01:30:06 | INFO | [Epoch 188] total_loss=3.867782, lr=0.000693
2026-03-13 01:30:46 | INFO | [Epoch 189] total_loss=3.894183, lr=0.000689
2026-03-13 01:31:26 | INFO | [Epoch 190] total_loss=3.897861, lr=0.000685
2026-03-13 01:32:06 | INFO | [Epoch 191] total_loss=3.895919, lr=0.000681
2026-03-13 01:32:46 | INFO | [Epoch 192] total_loss=3.888481, lr=0.000677
2026-03-13 01:33:25 | INFO | [Epoch 193] total_loss=3.915675, lr=0.000674
2026-03-13 01:34:05 | INFO | [Epoch 194] total_loss=3.883860, lr=0.000670
2026-03-13 01:34:45 | INFO | [Epoch 195] total_loss=3.855555, lr=0.000666
2026-03-13 01:35:24 | INFO | [Epoch 196] total_loss=3.897792, lr=0.000662
2026-03-13 01:36:04 | INFO | [Epoch 197] total_loss=3.850618, lr=0.000658
2026-03-13 01:36:44 | INFO | [Epoch 198] total_loss=3.882682, lr=0.000654
2026-03-13 01:37:24 | INFO | [Epoch 199] total_loss=3.861597, lr=0.000650
2026-03-13 01:38:03 | INFO | [Epoch 200] total_loss=3.855400, lr=0.000646
2026-03-13 01:38:43 | INFO | [Epoch 201] total_loss=3.844751, lr=0.000642
2026-03-13 01:39:23 | INFO | [Epoch 202] total_loss=3.868446, lr=0.000638
2026-03-13 01:40:03 | INFO | [Epoch 203] total_loss=3.872491, lr=0.000634
2026-03-13 01:40:42 | INFO | [Epoch 204] total_loss=3.840511, lr=0.000630
2026-03-13 01:41:22 | INFO | [Epoch 205] total_loss=3.854321, lr=0.000626
2026-03-13 01:42:02 | INFO | [Epoch 206] total_loss=3.843628, lr=0.000622
2026-03-13 01:42:42 | INFO | [Epoch 207] total_loss=3.845410, lr=0.000618
2026-03-13 01:43:22 | INFO | [Epoch 208] total_loss=3.847060, lr=0.000614
2026-03-13 01:44:02 | INFO | [Epoch 209] total_loss=4.000730, lr=0.000610
2026-03-13 01:44:42 | INFO | [Epoch 210] total_loss=3.862204, lr=0.000606
2026-03-13 01:45:22 | INFO | [Epoch 211] total_loss=3.857328, lr=0.000602
2026-03-13 01:46:01 | INFO | [Epoch 212] total_loss=3.852272, lr=0.000598
2026-03-13 01:46:41 | INFO | [Epoch 213] total_loss=3.830193, lr=0.000594
2026-03-13 01:47:21 | INFO | [Epoch 214] total_loss=3.862125, lr=0.000590
2026-03-13 01:48:00 | INFO | [Epoch 215] total_loss=3.847715, lr=0.000586
2026-03-13 01:48:40 | INFO | [Epoch 216] total_loss=3.830909, lr=0.000582
2026-03-13 01:49:20 | INFO | [Epoch 217] total_loss=3.828694, lr=0.000578
2026-03-13 01:50:00 | INFO | [Epoch 218] total_loss=3.827044, lr=0.000574
2026-03-13 01:50:40 | INFO | [Epoch 219] total_loss=3.810696, lr=0.000570
2026-03-13 01:51:20 | INFO | [Epoch 220] total_loss=3.825153, lr=0.000566
2026-03-13 01:51:59 | INFO | [Epoch 221] total_loss=3.824163, lr=0.000562
2026-03-13 01:52:39 | INFO | [Epoch 222] total_loss=3.797024, lr=0.000558
2026-03-13 01:53:19 | INFO | [Epoch 223] total_loss=3.819720, lr=0.000554
2026-03-13 01:53:59 | INFO | [Epoch 224] total_loss=3.822693, lr=0.000550
2026-03-13 01:54:38 | INFO | [Epoch 225] total_loss=3.927085, lr=0.000546
2026-03-13 01:55:18 | INFO | [Epoch 226] total_loss=3.831016, lr=0.000542
2026-03-13 01:55:57 | INFO | [Epoch 227] total_loss=3.816579, lr=0.000538
2026-03-13 01:56:37 | INFO | [Epoch 228] total_loss=3.809502, lr=0.000534
2026-03-13 01:57:17 | INFO | [Epoch 229] total_loss=3.790824, lr=0.000530
2026-03-13 01:57:57 | INFO | [Epoch 230] total_loss=3.800726, lr=0.000526
2026-03-13 01:58:36 | INFO | [Epoch 231] total_loss=3.780340, lr=0.000522
2026-03-13 01:59:16 | INFO | [Epoch 232] total_loss=3.789271, lr=0.000518
2026-03-13 01:59:56 | INFO | [Epoch 233] total_loss=3.787821, lr=0.000514
2026-03-13 02:00:36 | INFO | [Epoch 234] total_loss=3.781387, lr=0.000510
2026-03-13 02:01:16 | INFO | [Epoch 235] total_loss=3.797794, lr=0.000506
2026-03-13 02:01:55 | INFO | [Epoch 236] total_loss=3.784627, lr=0.000502
2026-03-13 02:02:35 | INFO | [Epoch 237] total_loss=3.789334, lr=0.000498
2026-03-13 02:03:15 | INFO | [Epoch 238] total_loss=3.794564, lr=0.000494
2026-03-13 02:03:54 | INFO | [Epoch 239] total_loss=3.799529, lr=0.000490
2026-03-13 02:04:34 | INFO | [Epoch 240] total_loss=3.792516, lr=0.000486
2026-03-13 02:05:14 | INFO | [Epoch 241] total_loss=3.762761, lr=0.000482
2026-03-13 02:05:54 | INFO | [Epoch 242] total_loss=3.785457, lr=0.000478
2026-03-13 02:06:34 | INFO | [Epoch 243] total_loss=3.789734, lr=0.000474
2026-03-13 02:07:14 | INFO | [Epoch 244] total_loss=3.757992, lr=0.000470
2026-03-13 02:07:53 | INFO | [Epoch 245] total_loss=3.761031, lr=0.000466
2026-03-13 02:08:34 | INFO | [Epoch 246] total_loss=3.784427, lr=0.000462
2026-03-13 02:09:14 | INFO | [Epoch 247] total_loss=3.780931, lr=0.000458
2026-03-13 02:09:53 | INFO | [Epoch 248] total_loss=3.769351, lr=0.000454
2026-03-13 02:10:33 | INFO | [Epoch 249] total_loss=3.751161, lr=0.000450
2026-03-13 02:11:13 | INFO | [Epoch 250] total_loss=3.741394, lr=0.000446
2026-03-13 02:11:52 | INFO | [Epoch 251] total_loss=3.766041, lr=0.000442
2026-03-13 02:12:32 | INFO | [Epoch 252] total_loss=3.771922, lr=0.000438
2026-03-13 02:13:12 | INFO | [Epoch 253] total_loss=3.765402, lr=0.000434
2026-03-13 02:13:52 | INFO | [Epoch 254] total_loss=3.749371, lr=0.000430
2026-03-13 02:14:32 | INFO | [Epoch 255] total_loss=3.749086, lr=0.000426
2026-03-13 02:15:11 | INFO | [Epoch 256] total_loss=3.782488, lr=0.000423
2026-03-13 02:15:51 | INFO | [Epoch 257] total_loss=3.745251, lr=0.000419
2026-03-13 02:16:31 | INFO | [Epoch 258] total_loss=3.749042, lr=0.000415
2026-03-13 02:17:11 | INFO | [Epoch 259] total_loss=3.729969, lr=0.000411
2026-03-13 02:17:50 | INFO | [Epoch 260] total_loss=3.766254, lr=0.000407
2026-03-13 02:18:30 | INFO | [Epoch 261] total_loss=3.747149, lr=0.000403
2026-03-13 02:19:10 | INFO | [Epoch 262] total_loss=3.752682, lr=0.000399
2026-03-13 02:19:49 | INFO | [Epoch 263] total_loss=3.741784, lr=0.000396
2026-03-13 02:20:29 | INFO | [Epoch 264] total_loss=3.733938, lr=0.000392
2026-03-13 02:21:09 | INFO | [Epoch 265] total_loss=3.740855, lr=0.000388
2026-03-13 02:21:49 | INFO | [Epoch 266] total_loss=3.716873, lr=0.000384
2026-03-13 02:22:28 | INFO | [Epoch 267] total_loss=3.733990, lr=0.000381
2026-03-13 02:23:08 | INFO | [Epoch 268] total_loss=3.731940, lr=0.000377
2026-03-13 02:23:48 | INFO | [Epoch 269] total_loss=3.714323, lr=0.000373
2026-03-13 02:24:27 | INFO | [Epoch 270] total_loss=3.711535, lr=0.000369
2026-03-13 02:25:07 | INFO | [Epoch 271] total_loss=3.772717, lr=0.000366
2026-03-13 02:25:47 | INFO | [Epoch 272] total_loss=3.732740, lr=0.000362
2026-03-13 02:26:27 | INFO | [Epoch 273] total_loss=3.727190, lr=0.000358
2026-03-13 02:27:07 | INFO | [Epoch 274] total_loss=3.720248, lr=0.000355
2026-03-13 02:27:47 | INFO | [Epoch 275] total_loss=3.713656, lr=0.000351
2026-03-13 02:28:26 | INFO | [Epoch 276] total_loss=3.720335, lr=0.000348
2026-03-13 02:29:06 | INFO | [Epoch 277] total_loss=3.707412, lr=0.000344
2026-03-13 02:29:46 | INFO | [Epoch 278] total_loss=3.704813, lr=0.000340
2026-03-13 02:30:26 | INFO | [Epoch 279] total_loss=3.699221, lr=0.000337
2026-03-13 02:31:06 | INFO | [Epoch 280] total_loss=3.710481, lr=0.000333
2026-03-13 02:31:46 | INFO | [Epoch 281] total_loss=3.689802, lr=0.000330
2026-03-13 02:32:26 | INFO | [Epoch 282] total_loss=3.706150, lr=0.000326
2026-03-13 02:33:07 | INFO | [Epoch 283] total_loss=3.691159, lr=0.000323
2026-03-13 02:33:47 | INFO | [Epoch 284] total_loss=3.740929, lr=0.000319
2026-03-13 02:34:26 | INFO | [Epoch 285] total_loss=3.702815, lr=0.000316
2026-03-13 02:35:06 | INFO | [Epoch 286] total_loss=3.679824, lr=0.000312
2026-03-13 02:35:46 | INFO | [Epoch 287] total_loss=3.714933, lr=0.000309
2026-03-13 02:36:26 | INFO | [Epoch 288] total_loss=3.677051, lr=0.000305
2026-03-13 02:37:06 | INFO | [Epoch 289] total_loss=3.669874, lr=0.000302
2026-03-13 02:37:45 | INFO | [Epoch 290] total_loss=3.685305, lr=0.000299
2026-03-13 02:38:25 | INFO | [Epoch 291] total_loss=3.690192, lr=0.000295
2026-03-13 02:39:05 | INFO | [Epoch 292] total_loss=3.690629, lr=0.000292
2026-03-13 02:39:44 | INFO | [Epoch 293] total_loss=3.680567, lr=0.000289
2026-03-13 02:40:24 | INFO | [Epoch 294] total_loss=3.667564, lr=0.000285
2026-03-13 02:41:04 | INFO | [Epoch 295] total_loss=3.696992, lr=0.000282
2026-03-13 02:41:43 | INFO | [Epoch 296] total_loss=3.661782, lr=0.000279
2026-03-13 02:42:23 | INFO | [Epoch 297] total_loss=3.669018, lr=0.000276
2026-03-13 02:43:03 | INFO | [Epoch 298] total_loss=3.678957, lr=0.000273
2026-03-13 02:43:43 | INFO | [Epoch 299] total_loss=3.690529, lr=0.000269
2026-03-13 02:44:22 | INFO | [Epoch 300] total_loss=3.658127, lr=0.000266
2026-03-13 02:45:02 | INFO | [Epoch 301] total_loss=3.666257, lr=0.000263
2026-03-13 02:45:42 | INFO | [Epoch 302] total_loss=3.667492, lr=0.000260
2026-03-13 02:46:22 | INFO | [Epoch 303] total_loss=3.666700, lr=0.000257
2026-03-13 02:47:01 | INFO | [Epoch 304] total_loss=3.657791, lr=0.000254
2026-03-13 02:47:41 | INFO | [Epoch 305] total_loss=3.664012, lr=0.000251
2026-03-13 02:48:21 | INFO | [Epoch 306] total_loss=3.667202, lr=0.000248
2026-03-13 02:49:01 | INFO | [Epoch 307] total_loss=3.660761, lr=0.000245
2026-03-13 02:49:41 | INFO | [Epoch 308] total_loss=3.661071, lr=0.000242
2026-03-13 02:50:20 | INFO | [Epoch 309] total_loss=3.640615, lr=0.000239
2026-03-13 02:51:00 | INFO | [Epoch 310] total_loss=3.651504, lr=0.000236
2026-03-13 02:51:40 | INFO | [Epoch 311] total_loss=3.664547, lr=0.000233
2026-03-13 02:52:20 | INFO | [Epoch 312] total_loss=3.665151, lr=0.000230
2026-03-13 02:53:00 | INFO | [Epoch 313] total_loss=3.648962, lr=0.000228
2026-03-13 02:53:39 | INFO | [Epoch 314] total_loss=3.670156, lr=0.000225
2026-03-13 02:54:19 | INFO | [Epoch 315] total_loss=3.641924, lr=0.000222
2026-03-13 02:54:59 | INFO | [Epoch 316] total_loss=3.653919, lr=0.000219
2026-03-13 02:55:39 | INFO | [Epoch 317] total_loss=3.634408, lr=0.000216
2026-03-13 02:56:19 | INFO | [Epoch 318] total_loss=3.640214, lr=0.000214
2026-03-13 02:56:58 | INFO | [Epoch 319] total_loss=3.633107, lr=0.000211
2026-03-13 02:57:38 | INFO | [Epoch 320] total_loss=3.674608, lr=0.000208
2026-03-13 02:58:17 | INFO | [Epoch 321] total_loss=3.661727, lr=0.000206
2026-03-13 02:58:57 | INFO | [Epoch 322] total_loss=3.626207, lr=0.000203
2026-03-13 02:59:37 | INFO | [Epoch 323] total_loss=3.626268, lr=0.000201
2026-03-13 03:00:17 | INFO | [Epoch 324] total_loss=3.619974, lr=0.000198
2026-03-13 03:00:56 | INFO | [Epoch 325] total_loss=3.644858, lr=0.000196
2026-03-13 03:01:36 | INFO | [Epoch 326] total_loss=3.629797, lr=0.000193
2026-03-13 03:02:16 | INFO | [Epoch 327] total_loss=3.618479, lr=0.000191
2026-03-13 03:02:56 | INFO | [Epoch 328] total_loss=3.611560, lr=0.000188
2026-03-13 03:03:35 | INFO | [Epoch 329] total_loss=3.619122, lr=0.000186
2026-03-13 03:04:15 | INFO | [Epoch 330] total_loss=3.619730, lr=0.000184
2026-03-13 03:04:54 | INFO | [Epoch 331] total_loss=3.614012, lr=0.000181
2026-03-13 03:05:34 | INFO | [Epoch 332] total_loss=3.621214, lr=0.000179
2026-03-13 03:06:13 | INFO | [Epoch 333] total_loss=3.591623, lr=0.000177
2026-03-13 03:06:53 | INFO | [Epoch 334] total_loss=3.615968, lr=0.000174
2026-03-13 03:07:33 | INFO | [Epoch 335] total_loss=3.613859, lr=0.000172
2026-03-13 03:08:13 | INFO | [Epoch 336] total_loss=3.617599, lr=0.000170
2026-03-13 03:08:52 | INFO | [Epoch 337] total_loss=3.604252, lr=0.000168
2026-03-13 03:09:32 | INFO | [Epoch 338] total_loss=3.606212, lr=0.000166
2026-03-13 03:10:12 | INFO | [Epoch 339] total_loss=3.599439, lr=0.000164
2026-03-13 03:10:52 | INFO | [Epoch 340] total_loss=3.587694, lr=0.000162
2026-03-13 03:11:32 | INFO | [Epoch 341] total_loss=3.603093, lr=0.000160
2026-03-13 03:12:11 | INFO | [Epoch 342] total_loss=3.603883, lr=0.000158
2026-03-13 03:12:51 | INFO | [Epoch 343] total_loss=3.600532, lr=0.000156
2026-03-13 03:13:30 | INFO | [Epoch 344] total_loss=3.601513, lr=0.000154
2026-03-13 03:14:10 | INFO | [Epoch 345] total_loss=3.603355, lr=0.000152
2026-03-13 03:14:50 | INFO | [Epoch 346] total_loss=3.602812, lr=0.000150
2026-03-13 03:15:30 | INFO | [Epoch 347] total_loss=3.598704, lr=0.000148
2026-03-13 03:16:10 | INFO | [Epoch 348] total_loss=3.591454, lr=0.000146
2026-03-13 03:16:50 | INFO | [Epoch 349] total_loss=3.591254, lr=0.000145
2026-03-13 03:17:29 | INFO | [Epoch 350] total_loss=3.583097, lr=0.000143
2026-03-13 03:18:09 | INFO | [Epoch 351] total_loss=3.585353, lr=0.000141
2026-03-13 03:18:49 | INFO | [Epoch 352] total_loss=3.579289, lr=0.000139
2026-03-13 03:19:29 | INFO | [Epoch 353] total_loss=3.570292, lr=0.000138
2026-03-13 03:20:09 | INFO | [Epoch 354] total_loss=3.590417, lr=0.000136
2026-03-13 03:20:49 | INFO | [Epoch 355] total_loss=3.568324, lr=0.000135
2026-03-13 03:21:29 | INFO | [Epoch 356] total_loss=3.594825, lr=0.000133
2026-03-13 03:22:09 | INFO | [Epoch 357] total_loss=3.589637, lr=0.000132
2026-03-13 03:22:48 | INFO | [Epoch 358] total_loss=3.584101, lr=0.000130
2026-03-13 03:23:28 | INFO | [Epoch 359] total_loss=3.563689, lr=0.000129
2026-03-13 03:24:08 | INFO | [Epoch 360] total_loss=3.575886, lr=0.000127
2026-03-13 03:24:47 | INFO | [Epoch 361] total_loss=3.588390, lr=0.000126
2026-03-13 03:25:27 | INFO | [Epoch 362] total_loss=3.572700, lr=0.000125
2026-03-13 03:26:07 | INFO | [Epoch 363] total_loss=3.565306, lr=0.000123
2026-03-13 03:26:46 | INFO | [Epoch 364] total_loss=3.561985, lr=0.000122
2026-03-13 03:27:26 | INFO | [Epoch 365] total_loss=3.584925, lr=0.000121
2026-03-13 03:28:05 | INFO | [Epoch 366] total_loss=3.572146, lr=0.000120
2026-03-13 03:28:45 | INFO | [Epoch 367] total_loss=3.560312, lr=0.000118
2026-03-13 03:29:25 | INFO | [Epoch 368] total_loss=3.574245, lr=0.000117
2026-03-13 03:30:05 | INFO | [Epoch 369] total_loss=3.562497, lr=0.000116
2026-03-13 03:30:48 | INFO | [Epoch 370] total_loss=3.557915, lr=0.000115
2026-03-13 03:31:34 | INFO | [Epoch 371] total_loss=3.562248, lr=0.000114
2026-03-13 03:32:20 | INFO | [Epoch 372] total_loss=3.562055, lr=0.000113
2026-03-13 03:33:06 | INFO | [Epoch 373] total_loss=3.562479, lr=0.000112
2026-03-13 03:33:52 | INFO | [Epoch 374] total_loss=3.553619, lr=0.000111
2026-03-13 03:34:38 | INFO | [Epoch 375] total_loss=3.585692, lr=0.000110
2026-03-13 03:35:24 | INFO | [Epoch 376] total_loss=3.573005, lr=0.000110
2026-03-13 03:36:09 | INFO | [Epoch 377] total_loss=3.561551, lr=0.000109
2026-03-13 03:36:56 | INFO | [Epoch 378] total_loss=3.554197, lr=0.000108
2026-03-13 03:37:41 | INFO | [Epoch 379] total_loss=3.555996, lr=0.000107
2026-03-13 03:38:27 | INFO | [Epoch 380] total_loss=3.558246, lr=0.000107
2026-03-13 03:39:13 | INFO | [Epoch 381] total_loss=3.547882, lr=0.000106
2026-03-13 03:39:59 | INFO | [Epoch 382] total_loss=3.551363, lr=0.000105
2026-03-13 03:40:45 | INFO | [Epoch 383] total_loss=3.536678, lr=0.000105
2026-03-13 03:41:30 | INFO | [Epoch 384] total_loss=3.546484, lr=0.000104
2026-03-13 03:42:16 | INFO | [Epoch 385] total_loss=3.540212, lr=0.000104
2026-03-13 03:43:01 | INFO | [Epoch 386] total_loss=3.538032, lr=0.000103
2026-03-13 03:43:47 | INFO | [Epoch 387] total_loss=3.544377, lr=0.000103
2026-03-13 03:44:33 | INFO | [Epoch 388] total_loss=3.543354, lr=0.000102
2026-03-13 03:45:19 | INFO | [Epoch 389] total_loss=3.534583, lr=0.000102
2026-03-13 03:46:05 | INFO | [Epoch 390] total_loss=3.532722, lr=0.000101
2026-03-13 03:46:51 | INFO | [Epoch 391] total_loss=3.549444, lr=0.000101
2026-03-13 03:47:37 | INFO | [Epoch 392] total_loss=3.532480, lr=0.000101
2026-03-13 03:48:23 | INFO | [Epoch 393] total_loss=3.540113, lr=0.000101
2026-03-13 03:49:08 | INFO | [Epoch 394] total_loss=3.529029, lr=0.000100
2026-03-13 03:49:54 | INFO | [Epoch 395] total_loss=3.526498, lr=0.000100
2026-03-13 03:50:40 | INFO | [Epoch 396] total_loss=3.521409, lr=0.000100
2026-03-13 03:51:25 | INFO | [Epoch 397] total_loss=3.550673, lr=0.000100
2026-03-13 03:52:11 | INFO | [Epoch 398] total_loss=3.541846, lr=0.000100
2026-03-13 03:52:57 | INFO | [Epoch 399] total_loss=3.528593, lr=0.000100
2026-03-13 03:52:57 | INFO | Training complete.
2026-03-13 03:52:57 | INFO | Best checkpoint: ./save/pretrain/contrastive/cnn_subject_3label/cnn_subject_3label_SWELLDataset_Mar_12_2026_23-24-18/encoder_best.pt
